Archive member included to satisfy reference by file (symbol)

/home/tim/opt/gcc-arm-none-eabi-6-2017-q2-update/bin/../lib/gcc/arm-none-eabi/6.3.1/../../../../arm-none-eabi/lib/thumb/v7e-m/fpv4-sp/hard/libc.a(lib_a-exit.o)
                              /home/tim/opt/gcc-arm-none-eabi-6-2017-q2-update/bin/../lib/gcc/arm-none-eabi/6.3.1/../../../../arm-none-eabi/lib/thumb/v7e-m/fpv4-sp/hard/crt0.o (exit)
/home/tim/opt/gcc-arm-none-eabi-6-2017-q2-update/bin/../lib/gcc/arm-none-eabi/6.3.1/../../../../arm-none-eabi/lib/thumb/v7e-m/fpv4-sp/hard/libc.a(lib_a-impure.o)
                              /home/tim/opt/gcc-arm-none-eabi-6-2017-q2-update/bin/../lib/gcc/arm-none-eabi/6.3.1/../../../../arm-none-eabi/lib/thumb/v7e-m/fpv4-sp/hard/libc.a(lib_a-exit.o) (_global_impure_ptr)
/home/tim/opt/gcc-arm-none-eabi-6-2017-q2-update/bin/../lib/gcc/arm-none-eabi/6.3.1/../../../../arm-none-eabi/lib/thumb/v7e-m/fpv4-sp/hard/libc.a(lib_a-init.o)
                              /home/tim/opt/gcc-arm-none-eabi-6-2017-q2-update/bin/../lib/gcc/arm-none-eabi/6.3.1/../../../../arm-none-eabi/lib/thumb/v7e-m/fpv4-sp/hard/crt0.o (__libc_init_array)
/home/tim/opt/gcc-arm-none-eabi-6-2017-q2-update/bin/../lib/gcc/arm-none-eabi/6.3.1/../../../../arm-none-eabi/lib/thumb/v7e-m/fpv4-sp/hard/libc.a(lib_a-locale.o)
                              _build/nrf_log_str_formatter.o (__locale_ctype_ptr)
/home/tim/opt/gcc-arm-none-eabi-6-2017-q2-update/bin/../lib/gcc/arm-none-eabi/6.3.1/../../../../arm-none-eabi/lib/thumb/v7e-m/fpv4-sp/hard/libc.a(lib_a-mbtowc_r.o)
                              /home/tim/opt/gcc-arm-none-eabi-6-2017-q2-update/bin/../lib/gcc/arm-none-eabi/6.3.1/../../../../arm-none-eabi/lib/thumb/v7e-m/fpv4-sp/hard/libc.a(lib_a-locale.o) (__ascii_mbtowc)
/home/tim/opt/gcc-arm-none-eabi-6-2017-q2-update/bin/../lib/gcc/arm-none-eabi/6.3.1/../../../../arm-none-eabi/lib/thumb/v7e-m/fpv4-sp/hard/libc.a(lib_a-memcmp.o)
                              _build/nrf_twi_mngr.o (memcmp)
/home/tim/opt/gcc-arm-none-eabi-6-2017-q2-update/bin/../lib/gcc/arm-none-eabi/6.3.1/../../../../arm-none-eabi/lib/thumb/v7e-m/fpv4-sp/hard/libc.a(lib_a-memcpy.o)
                              _build/kobukiActuator.o (memcpy)
/home/tim/opt/gcc-arm-none-eabi-6-2017-q2-update/bin/../lib/gcc/arm-none-eabi/6.3.1/../../../../arm-none-eabi/lib/thumb/v7e-m/fpv4-sp/hard/libc.a(lib_a-memset.o)
                              /home/tim/opt/gcc-arm-none-eabi-6-2017-q2-update/bin/../lib/gcc/arm-none-eabi/6.3.1/../../../../arm-none-eabi/lib/thumb/v7e-m/fpv4-sp/hard/crt0.o (memset)
/home/tim/opt/gcc-arm-none-eabi-6-2017-q2-update/bin/../lib/gcc/arm-none-eabi/6.3.1/../../../../arm-none-eabi/lib/thumb/v7e-m/fpv4-sp/hard/libc.a(lib_a-printf.o)
                              _build/better_error_handling.o (printf)
/home/tim/opt/gcc-arm-none-eabi-6-2017-q2-update/bin/../lib/gcc/arm-none-eabi/6.3.1/../../../../arm-none-eabi/lib/thumb/v7e-m/fpv4-sp/hard/libc.a(lib_a-puts.o)
                              _build/better_error_handling.o (puts)
/home/tim/opt/gcc-arm-none-eabi-6-2017-q2-update/bin/../lib/gcc/arm-none-eabi/6.3.1/../../../../arm-none-eabi/lib/thumb/v7e-m/fpv4-sp/hard/libc.a(lib_a-setbuf.o)
                              _build/before_startup.o (setbuf)
/home/tim/opt/gcc-arm-none-eabi-6-2017-q2-update/bin/../lib/gcc/arm-none-eabi/6.3.1/../../../../arm-none-eabi/lib/thumb/v7e-m/fpv4-sp/hard/libc.a(lib_a-setvbuf.o)
                              /home/tim/opt/gcc-arm-none-eabi-6-2017-q2-update/bin/../lib/gcc/arm-none-eabi/6.3.1/../../../../arm-none-eabi/lib/thumb/v7e-m/fpv4-sp/hard/libc.a(lib_a-setbuf.o) (setvbuf)
/home/tim/opt/gcc-arm-none-eabi-6-2017-q2-update/bin/../lib/gcc/arm-none-eabi/6.3.1/../../../../arm-none-eabi/lib/thumb/v7e-m/fpv4-sp/hard/libc.a(lib_a-strcmp.o)
                              /home/tim/opt/gcc-arm-none-eabi-6-2017-q2-update/bin/../lib/gcc/arm-none-eabi/6.3.1/../../../../arm-none-eabi/lib/thumb/v7e-m/fpv4-sp/hard/libc.a(lib_a-locale.o) (strcmp)
/home/tim/opt/gcc-arm-none-eabi-6-2017-q2-update/bin/../lib/gcc/arm-none-eabi/6.3.1/../../../../arm-none-eabi/lib/thumb/v7e-m/fpv4-sp/hard/libc.a(lib_a-strcpy.o)
                              _build/SEGGER_RTT.o (strcpy)
/home/tim/opt/gcc-arm-none-eabi-6-2017-q2-update/bin/../lib/gcc/arm-none-eabi/6.3.1/../../../../arm-none-eabi/lib/thumb/v7e-m/fpv4-sp/hard/libc.a(lib_a-strlen.o)
                              _build/display.o (strlen)
/home/tim/opt/gcc-arm-none-eabi-6-2017-q2-update/bin/../lib/gcc/arm-none-eabi/6.3.1/../../../../arm-none-eabi/lib/thumb/v7e-m/fpv4-sp/hard/libc.a(lib_a-vfprintf.o)
                              /home/tim/opt/gcc-arm-none-eabi-6-2017-q2-update/bin/../lib/gcc/arm-none-eabi/6.3.1/../../../../arm-none-eabi/lib/thumb/v7e-m/fpv4-sp/hard/libc.a(lib_a-printf.o) (_vfprintf_r)
/home/tim/opt/gcc-arm-none-eabi-6-2017-q2-update/bin/../lib/gcc/arm-none-eabi/6.3.1/../../../../arm-none-eabi/lib/thumb/v7e-m/fpv4-sp/hard/libc.a(lib_a-vsnprintf.o)
                              _build/simple_logger.o (vsnprintf)
[...]
Memory Configuration

Name             Origin             Length             Attributes
FLASH            0x0000000000000000 0x0000000000100000 xr
RAM              0x0000000020000000 0x0000000000040000 xrw
*default*        0x0000000000000000 0xffffffffffffffff

Linker script and memory map

                0x0000000000100000                __stop_ot_flash_data = (ORIGIN (FLASH) + LENGTH (FLASH))
                0x00000000000fc000                __start_ot_flash_data = (__stop_ot_flash_data - (FLASH_PAGE_SIZE * FLASH_DATA_PAGES_USED))
                0x0000000000000001                ASSERT ((__start_ot_flash_data >= (__etext + SIZEOF (.data))), Error: Code overlaps flash data area.)

.text           0x0000000000000000     0x8aa0
 *(.isr_vector)
 .isr_vector    0x0000000000000000      0x200 _build/gcc_startup_nrf52840.os
                0x0000000000000000                __isr_vector
 *(.text*)
 .text          0x0000000000000200       0x6c /home/tim/opt/gcc-arm-none-eabi-6-2017-q2-update/bin/../lib/gcc/arm-none-eabi/6.3.1/thumb/v7e-m/fpv4-sp/hard/crtbegin.o
 .text          0x000000000000026c       0x74 /home/tim/opt/gcc-arm-none-eabi-6-2017-q2-update/bin/../lib/gcc/arm-none-eabi/6.3.1/../../../../arm-none-eabi/lib/thumb/v7e-m/fpv4-sp/hard/crt0.o
                0x000000000000026c                _mainCRTStartup
                0x000000000000026c                _start
 .text.nrf_delay_ms.part.0
                0x00000000000002e0       0x1c _build/better_error_handling.o
 .text.app_error_fault_handler
                0x00000000000002fc      0x104 _build/better_error_handling.o
                0x00000000000002fc                app_error_fault_handler
 .text.HardFault_process
                0x0000000000000400       0x9a _build/better_error_handling.o
                0x0000000000000400                HardFault_process
 *fill*         0x000000000000049a        0x2 
 .text.nrfx_coredep_delay_us.part.0.constprop.4
                0x000000000000049c       0x10 _build/app_timer.o
 .text.RTC1_IRQHandler
                0x00000000000004ac       0x9c _build/app_timer.o
                0x00000000000004ac                RTC1_IRQHandler
 .text.SWI0_EGU0_IRQHandler
                0x0000000000000548      0x2a0 _build/app_timer.o
                0x0000000000000548                SWI0_EGU0_IRQHandler
 .text.app_util_disable_irq
                0x00000000000007e8       0x10 _build/app_util_platform.o
                0x00000000000007e8                app_util_disable_irq
 .text.app_util_enable_irq
                0x00000000000007f8       0x14 _build/app_util_platform.o
                0x00000000000007f8                app_util_enable_irq
 .text.privilege_level_get
                0x000000000000080c       0x1a _build/app_util_platform.o
                0x000000000000080c                privilege_level_get
 *fill*         0x0000000000000826        0x2 
 .text.app_util_critical_region_enter
                0x0000000000000828       0x20 _build/app_util_platform.o
                0x0000000000000828                app_util_critical_region_enter
 .text.app_util_critical_region_exit
                0x0000000000000848       0x20 _build/app_util_platform.o
                0x0000000000000848                app_util_critical_region_exit
 .text.startup.called_first
                0x0000000000000868       0x10 _build/before_startup.o
                0x0000000000000868                called_first
 .text.HardFault_Handler
                0x0000000000000878       0x34 _build/hardfault_handler_gcc.o
                0x0000000000000878                HardFault_Handler
 .text.HardFault_c_handler
                0x00000000000008ac      0x10c _build/hardfault_implementation.o
                0x00000000000008ac                HardFault_c_handler
 .text.assert_nrf_callback
                0x00000000000009b8       0x1a _build/nrf_assert.o
                0x00000000000009b8                assert_nrf_callback
 .text.nrf_atomic_u32_fetch_store
                0x00000000000009d2       0x18 _build/nrf_atomic.o
                0x00000000000009d2                nrf_atomic_u32_fetch_store
 .text.nrf_atomic_u32_or
                0x00000000000009ea       0x1a _build/nrf_atomic.o
                0x00000000000009ea                nrf_atomic_u32_or
 .text.nrf_atomic_u32_fetch_and
                0x0000000000000a04       0x1a _build/nrf_atomic.o
                0x0000000000000a04                nrf_atomic_u32_fetch_and
 .text.nrf_atomic_u32_add
                0x0000000000000a1e       0x1a _build/nrf_atomic.o
                0x0000000000000a1e                nrf_atomic_u32_add
 .text.nrf_atomic_u32_sub
                0x0000000000000a38       0x1a _build/nrf_atomic.o
                0x0000000000000a38                nrf_atomic_u32_sub
 .text.nrf_atomic_flag_set
                0x0000000000000a52        0x6 _build/nrf_atomic.o
                0x0000000000000a52                nrf_atomic_flag_set
 .text.nrf_atomic_flag_clear_fetch
                0x0000000000000a58        0x6 _build/nrf_atomic.o
                0x0000000000000a58                nrf_atomic_flag_clear_fetch
 *fill*         0x0000000000000a5e        0x2 
 .text.nrf_balloc_alloc
                0x0000000000000a60       0x50 _build/nrf_balloc.o
                0x0000000000000a60                nrf_balloc_alloc
 .text.nrf_balloc_free
                0x0000000000000ab0       0x48 _build/nrf_balloc.o
                0x0000000000000ab0                nrf_balloc_free
 .text.invalid_packets_pushed_str_omit
                0x0000000000000af8       0x64 _build/nrf_log_frontend.o
 .text.buf_prealloc
                0x0000000000000b5c      0x138 _build/nrf_log_frontend.o
 .text.buffer_is_empty
                0x0000000000000c94       0x14 _build/nrf_log_frontend.o
                0x0000000000000c94                buffer_is_empty
 .text.nrf_log_frontend_dequeue
                0x0000000000000ca8      0x20c _build/nrf_log_frontend.o
                0x0000000000000ca8                nrf_log_frontend_dequeue
 .text.std_n    0x0000000000000eb4       0xd8 _build/nrf_log_frontend.o
 .text.nrf_log_frontend_std_0
                0x0000000000000f8c        0x8 _build/nrf_log_frontend.o
                0x0000000000000f8c                nrf_log_frontend_std_0
 .text.nrf_log_frontend_std_1
                0x0000000000000f94       0x14 _build/nrf_log_frontend.o
                0x0000000000000f94                nrf_log_frontend_std_1
 .text.nrf_log_frontend_std_3
                0x0000000000000fa8       0x18 _build/nrf_log_frontend.o
                0x0000000000000fa8                nrf_log_frontend_std_3
 .text.nrf_log_frontend_std_4
                0x0000000000000fc0       0x1c _build/nrf_log_frontend.o
                0x0000000000000fc0                nrf_log_frontend_std_4
 .text.nrf_log_panic
                0x0000000000000fdc       0x28 _build/nrf_log_frontend.o
                0x0000000000000fdc                nrf_log_panic
 .text.memobj_op
                0x0000000000001004       0x84 _build/nrf_memobj.o
 .text.nrf_memobj_free
                0x0000000000001088       0x2c _build/nrf_memobj.o
                0x0000000000001088                nrf_memobj_free
 .text.nrf_memobj_alloc
                0x00000000000010b4       0x62 _build/nrf_memobj.o
                0x00000000000010b4                nrf_memobj_alloc
 .text.nrf_memobj_get
                0x0000000000001116        0x8 _build/nrf_memobj.o
                0x0000000000001116                nrf_memobj_get
 .text.nrf_memobj_put
                0x000000000000111e       0x1e _build/nrf_memobj.o
                0x000000000000111e                nrf_memobj_put
 .text.nrf_memobj_write
                0x000000000000113c        0xe _build/nrf_memobj.o
                0x000000000000113c                nrf_memobj_write
 *fill*         0x000000000000114a        0x2 
 .text.nrf_strerror_find
                0x000000000000114c       0x3c _build/nrf_strerror.o
                0x000000000000114c                nrf_strerror_find
 .text.nrf_strerror_get
                0x0000000000001188       0x14 _build/nrf_strerror.o
                0x0000000000001188                nrf_strerror_get
 .text.nrf_gpiote_event_clear
                0x000000000000119c       0x18 _build/nrfx_gpiote.o
 .text.channel_free
                0x00000000000011b4       0x1c _build/nrfx_gpiote.o
 .text.nrf_gpio_pin_port_decode
                0x00000000000011d0       0x30 _build/nrfx_gpiote.o
 .text.nrf_gpio_cfg_sense_set
                0x0000000000001200       0x32 _build/nrfx_gpiote.o
 *fill*         0x0000000000001232        0x2 
 .text.nrf_gpio_ports_read.constprop.2
                0x0000000000001234       0x18 _build/nrfx_gpiote.o
 .text.nrfx_gpiote_init
                0x000000000000124c       0x70 _build/nrfx_gpiote.o
                0x000000000000124c                nrfx_gpiote_init
 .text.nrfx_gpiote_is_init
                0x00000000000012bc       0x14 _build/nrfx_gpiote.o
                0x00000000000012bc                nrfx_gpiote_is_init
 .text.nrfx_gpiote_out_init
                0x00000000000012d0      0x118 _build/nrfx_gpiote.o
                0x00000000000012d0                nrfx_gpiote_out_init
 .text.nrfx_gpiote_out_set
                0x00000000000013e8       0x5c _build/nrfx_gpiote.o
                0x00000000000013e8                nrfx_gpiote_out_set
 .text.nrfx_gpiote_out_clear
                0x0000000000001444       0x5c _build/nrfx_gpiote.o
                0x0000000000001444                nrfx_gpiote_out_clear
 .text.GPIOTE_IRQHandler
                0x00000000000014a0      0x19c _build/nrfx_gpiote.o
                0x00000000000014a0                GPIOTE_IRQHandler
 .text.UARTE0_UART0_IRQHandler
                0x000000000000163c       0x20 _build/nrfx_prs.o
                0x000000000000163c                UARTE0_UART0_IRQHandler
 .text.nrf_saadc_event_clear
                0x000000000000165c       0x18 _build/nrfx_saadc.o
 .text.SAADC_IRQHandler
                0x0000000000001674      0x160 _build/nrfx_saadc.o
                0x0000000000001674                SAADC_IRQHandler
 .text.nrf_gpio_pin_port_decode
                0x00000000000017d4       0x30 _build/nrfx_spim.o
 .text.nrf_gpio_pin_clear
                0x0000000000001804       0x1e _build/nrfx_spim.o
 .text.nrf_gpio_pin_set
                0x0000000000001822       0x1e _build/nrfx_spim.o
 .text.SPIM1_SPIS1_TWIM1_TWIS1_SPI1_TWI1_IRQHandler
                0x0000000000001840       0x60 _build/nrfx_spim.o
                0x0000000000001840                SPIM1_SPIS1_TWIM1_TWIS1_SPI1_TWI1_IRQHandler
 .text.irq_handler.constprop.0
                0x00000000000018a0       0x4c _build/nrfx_timer.o
 .text.TIMER0_IRQHandler
                0x00000000000018ec       0x10 _build/nrfx_timer.o
                0x00000000000018ec                TIMER0_IRQHandler
 .text.TIMER1_IRQHandler
                0x00000000000018fc       0x10 _build/nrfx_timer.o
                0x00000000000018fc                TIMER1_IRQHandler
 .text.nrf_twim_event_clear
                0x000000000000190c       0x10 _build/nrfx_twim.o
 .text.SPIM0_SPIS0_TWIM0_TWIS0_SPI0_TWI0_IRQHandler
                0x000000000000191c      0x158 _build/nrfx_twim.o
                0x000000000000191c                SPIM0_SPIS0_TWIM0_TWIS0_SPI0_TWI0_IRQHandler
 .text._GetAvailWriteSpace
                0x0000000000001a74       0x1c _build/SEGGER_RTT.o
 .text._WriteNoCheck
                0x0000000000001a90       0x3c _build/SEGGER_RTT.o
 .text._WriteBlocking
                0x0000000000001acc       0x52 _build/SEGGER_RTT.o
 *fill*         0x0000000000001b1e        0x2 
 .text._DoInit  0x0000000000001b20       0x60 _build/SEGGER_RTT.o
 .text.SEGGER_RTT_WriteNoLock
                0x0000000000001b80       0x68 _build/SEGGER_RTT.o
                0x0000000000001b80                SEGGER_RTT_WriteNoLock
 .text.SEGGER_RTT_Write
                0x0000000000001be8       0x34 _build/SEGGER_RTT.o
                0x0000000000001be8                SEGGER_RTT_Write
 .text._write_r
                0x0000000000001c1c       0x12 _build/SEGGER_RTT_Syscalls_GCC.o
                0x0000000000001c1c                _write_r
 *fill*         0x0000000000001c2e        0x2 
 .text.errata_120
                0x0000000000001c30       0x20 _build/system_nrf52840.o
 .text.SystemInit
                0x0000000000001c50      0x1b8 _build/system_nrf52840.o
                0x0000000000001c50                SystemInit
 .text          0x0000000000001e08       0x3c _build/gcc_startup_nrf52840.os
                0x0000000000001e08                Reset_Handler
                0x0000000000001e30                NMI_Handler
                0x0000000000001e34                MemoryManagement_Handler
                0x0000000000001e36                BusFault_Handler
                0x0000000000001e38                UsageFault_Handler
                0x0000000000001e3a                SVC_Handler
                0x0000000000001e3c                DebugMon_Handler
                0x0000000000001e3e                PendSV_Handler
                0x0000000000001e40                SysTick_Handler
                0x0000000000001e42                TIMER2_IRQHandler
                0x0000000000001e42                RTC0_IRQHandler
                0x0000000000001e42                SWI2_EGU2_IRQHandler
                0x0000000000001e42                PWM1_IRQHandler
                0x0000000000001e42                POWER_CLOCK_IRQHandler
                0x0000000000001e42                RADIO_IRQHandler
                0x0000000000001e42                PDM_IRQHandler
                0x0000000000001e42                TEMP_IRQHandler
                0x0000000000001e42                QDEC_IRQHandler
                0x0000000000001e42                TIMER3_IRQHandler
                0x0000000000001e42                PWM3_IRQHandler
                0x0000000000001e42                FPU_IRQHandler
                0x0000000000001e42                USBD_IRQHandler
                0x0000000000001e42                TIMER4_IRQHandler
                0x0000000000001e42                CRYPTOCELL_IRQHandler
                0x0000000000001e42                I2S_IRQHandler
                0x0000000000001e42                SWI4_EGU4_IRQHandler
                0x0000000000001e42                UARTE1_IRQHandler
                0x0000000000001e42                SPIM3_IRQHandler
                0x0000000000001e42                PWM2_IRQHandler
                0x0000000000001e42                ECB_IRQHandler
                0x0000000000001e42                Default_Handler
                0x0000000000001e42                CCM_AAR_IRQHandler
                0x0000000000001e42                WDT_IRQHandler
                0x0000000000001e42                SWI5_EGU5_IRQHandler
                0x0000000000001e42                RNG_IRQHandler
                0x0000000000001e42                RTC2_IRQHandler
                0x0000000000001e42                PWM0_IRQHandler
                0x0000000000001e42                SWI3_EGU3_IRQHandler
                0x0000000000001e42                SWI1_EGU1_IRQHandler
                0x0000000000001e42                SPIM2_SPIS2_SPI2_IRQHandler
                0x0000000000001e42                NFCT_IRQHandler
                0x0000000000001e42                MWU_IRQHandler
                0x0000000000001e42                QSPI_IRQHandler
                0x0000000000001e42                COMP_LPCOMP_IRQHandler
 .text.exit     0x0000000000001e44       0x20 /home/tim/opt/gcc-arm-none-eabi-6-2017-q2-update/bin/../lib/gcc/arm-none-eabi/6.3.1/../../../../arm-none-eabi/lib/thumb/v7e-m/fpv4-sp/hard/libc.a(lib_a-exit.o)
                0x0000000000001e44                exit
 .text.__libc_init_array
                0x0000000000001e64       0x50 /home/tim/opt/gcc-arm-none-eabi-6-2017-q2-update/bin/../lib/gcc/arm-none-eabi/6.3.1/../../../../arm-none-eabi/lib/thumb/v7e-m/fpv4-sp/hard/libc.a(lib_a-init.o)
                0x0000000000001e64                __libc_init_array
 .text.__locale_mb_cur_max
                0x0000000000001eb4       0x1c /home/tim/opt/gcc-arm-none-eabi-6-2017-q2-update/bin/../lib/gcc/arm-none-eabi/6.3.1/../../../../arm-none-eabi/lib/thumb/v7e-m/fpv4-sp/hard/libc.a(lib_a-locale.o)
                0x0000000000001eb4                __locale_mb_cur_max
 .text.__ascii_mbtowc
                0x0000000000001ed0       0x2c /home/tim/opt/gcc-arm-none-eabi-6-2017-q2-update/bin/../lib/gcc/arm-none-eabi/6.3.1/../../../../arm-none-eabi/lib/thumb/v7e-m/fpv4-sp/hard/libc.a(lib_a-mbtowc_r.o)
                0x0000000000001ed0                __ascii_mbtowc
 .text          0x0000000000001efc      0x134 /home/tim/opt/gcc-arm-none-eabi-6-2017-q2-update/bin/../lib/gcc/arm-none-eabi/6.3.1/../../../../arm-none-eabi/lib/thumb/v7e-m/fpv4-sp/hard/libc.a(lib_a-memcpy.o)
                0x0000000000001efc                memcpy
 .text.memset   0x0000000000002030       0x9c /home/tim/opt/gcc-arm-none-eabi-6-2017-q2-update/bin/../lib/gcc/arm-none-eabi/6.3.1/../../../../arm-none-eabi/lib/thumb/v7e-m/fpv4-sp/hard/libc.a(lib_a-memset.o)
                0x0000000000002030                memset
 .text.printf   0x00000000000020cc       0x28 /home/tim/opt/gcc-arm-none-eabi-6-2017-q2-update/bin/../lib/gcc/arm-none-eabi/6.3.1/../../../../arm-none-eabi/lib/thumb/v7e-m/fpv4-sp/hard/libc.a(lib_a-printf.o)
                0x00000000000020cc                printf
 .text._puts_r  0x00000000000020f4       0x9c /home/tim/opt/gcc-arm-none-eabi-6-2017-q2-update/bin/../lib/gcc/arm-none-eabi/6.3.1/../../../../arm-none-eabi/lib/thumb/v7e-m/fpv4-sp/hard/libc.a(lib_a-puts.o)
                0x00000000000020f4                _puts_r
 .text.puts     0x0000000000002190       0x10 /home/tim/opt/gcc-arm-none-eabi-6-2017-q2-update/bin/../lib/gcc/arm-none-eabi/6.3.1/../../../../arm-none-eabi/lib/thumb/v7e-m/fpv4-sp/hard/libc.a(lib_a-puts.o)
                0x0000000000002190                puts
 .text.setbuf   0x00000000000021a0       0x10 /home/tim/opt/gcc-arm-none-eabi-6-2017-q2-update/bin/../lib/gcc/arm-none-eabi/6.3.1/../../../../arm-none-eabi/lib/thumb/v7e-m/fpv4-sp/hard/libc.a(lib_a-setbuf.o)
                0x00000000000021a0                setbuf
 .text.setvbuf  0x00000000000021b0      0x190 /home/tim/opt/gcc-arm-none-eabi-6-2017-q2-update/bin/../lib/gcc/arm-none-eabi/6.3.1/../../../../arm-none-eabi/lib/thumb/v7e-m/fpv4-sp/hard/libc.a(lib_a-setvbuf.o)
                0x00000000000021b0                setvbuf
 .text.strcpy   0x0000000000002340       0xbc /home/tim/opt/gcc-arm-none-eabi-6-2017-q2-update/bin/../lib/gcc/arm-none-eabi/6.3.1/../../../../arm-none-eabi/lib/thumb/v7e-m/fpv4-sp/hard/libc.a(lib_a-strcpy.o)
                0x0000000000002340                strcpy
 *fill*         0x00000000000023fc        0x4 
 .text          0x0000000000002400       0xdc /home/tim/opt/gcc-arm-none-eabi-6-2017-q2-update/bin/../lib/gcc/arm-none-eabi/6.3.1/../../../../arm-none-eabi/lib/thumb/v7e-m/fpv4-sp/hard/libc.a(lib_a-strlen.o)
                0x0000000000002400                strlen
 *fill*         0x00000000000024dc        0x4 
 .text._vfprintf_r
                0x00000000000024e0     0x158c /home/tim/opt/gcc-arm-none-eabi-6-2017-q2-update/bin/../lib/gcc/arm-none-eabi/6.3.1/../../../../arm-none-eabi/lib/thumb/v7e-m/fpv4-sp/hard/libc.a(lib_a-vfprintf.o)
                0x00000000000024e0                _vfprintf_r
 .text.__sbprintf
                0x0000000000003a6c       0x84 /home/tim/opt/gcc-arm-none-eabi-6-2017-q2-update/bin/../lib/gcc/arm-none-eabi/6.3.1/../../../../arm-none-eabi/lib/thumb/v7e-m/fpv4-sp/hard/libc.a(lib_a-vfprintf.o)
 .text.__ascii_wctomb
                0x0000000000003af0       0x1c /home/tim/opt/gcc-arm-none-eabi-6-2017-q2-update/bin/../lib/gcc/arm-none-eabi/6.3.1/../../../../arm-none-eabi/lib/thumb/v7e-m/fpv4-sp/hard/libc.a(lib_a-wctomb_r.o)
                0x0000000000003af0                __ascii_wctomb
 .text.__swsetup_r
                0x0000000000003b0c       0xc8 /home/tim/opt/gcc-arm-none-eabi-6-2017-q2-update/bin/../lib/gcc/arm-none-eabi/6.3.1/../../../../arm-none-eabi/lib/thumb/v7e-m/fpv4-sp/hard/libc.a(lib_a-wsetup.o)
                0x0000000000003b0c                __swsetup_r
 .text.startup.register_fini
                0x0000000000003bd4       0x14 /home/tim/opt/gcc-arm-none-eabi-6-2017-q2-update/bin/../lib/gcc/arm-none-eabi/6.3.1/../../../../arm-none-eabi/lib/thumb/v7e-m/fpv4-sp/hard/libc.a(lib_a-__call_atexit.o)
 .text.__call_exitprocs
                0x0000000000003be8       0xe8 /home/tim/opt/gcc-arm-none-eabi-6-2017-q2-update/bin/../lib/gcc/arm-none-eabi/6.3.1/../../../../arm-none-eabi/lib/thumb/v7e-m/fpv4-sp/hard/libc.a(lib_a-__call_atexit.o)
                0x0000000000003be8                __call_exitprocs
 .text.atexit   0x0000000000003cd0        0xc /home/tim/opt/gcc-arm-none-eabi-6-2017-q2-update/bin/../lib/gcc/arm-none-eabi/6.3.1/../../../../arm-none-eabi/lib/thumb/v7e-m/fpv4-sp/hard/libc.a(lib_a-atexit.o)
                0x0000000000003cd0                atexit
 .text.quorem   0x0000000000003cdc      0x128 /home/tim/opt/gcc-arm-none-eabi-6-2017-q2-update/bin/../lib/gcc/arm-none-eabi/6.3.1/../../../../arm-none-eabi/lib/thumb/v7e-m/fpv4-sp/hard/libc.a(lib_a-dtoa.o)
 *fill*         0x0000000000003e04        0x4 
 .text._dtoa_r  0x0000000000003e08      0xe4c /home/tim/opt/gcc-arm-none-eabi-6-2017-q2-update/bin/../lib/gcc/arm-none-eabi/6.3.1/../../../../arm-none-eabi/lib/thumb/v7e-m/fpv4-sp/hard/libc.a(lib_a-dtoa.o)
                0x0000000000003e08                _dtoa_r
 .text.__sflush_r
                0x0000000000004c54      0x140 /home/tim/opt/gcc-arm-none-eabi-6-2017-q2-update/bin/../lib/gcc/arm-none-eabi/6.3.1/../../../../arm-none-eabi/lib/thumb/v7e-m/fpv4-sp/hard/libc.a(lib_a-fflush.o)
                0x0000000000004c54                __sflush_r
 .text._fflush_r
                0x0000000000004d94       0x54 /home/tim/opt/gcc-arm-none-eabi-6-2017-q2-update/bin/../lib/gcc/arm-none-eabi/6.3.1/../../../../arm-none-eabi/lib/thumb/v7e-m/fpv4-sp/hard/libc.a(lib_a-fflush.o)
                0x0000000000004d94                _fflush_r
 .text._cleanup_r
                0x0000000000004de8        0xc /home/tim/opt/gcc-arm-none-eabi-6-2017-q2-update/bin/../lib/gcc/arm-none-eabi/6.3.1/../../../../arm-none-eabi/lib/thumb/v7e-m/fpv4-sp/hard/libc.a(lib_a-findfp.o)
                0x0000000000004de8                _cleanup_r
 .text.std.isra.0
                0x0000000000004df4       0x50 /home/tim/opt/gcc-arm-none-eabi-6-2017-q2-update/bin/../lib/gcc/arm-none-eabi/6.3.1/../../../../arm-none-eabi/lib/thumb/v7e-m/fpv4-sp/hard/libc.a(lib_a-findfp.o)
 .text.__sinit  0x0000000000004e44       0x58 /home/tim/opt/gcc-arm-none-eabi-6-2017-q2-update/bin/../lib/gcc/arm-none-eabi/6.3.1/../../../../arm-none-eabi/lib/thumb/v7e-m/fpv4-sp/hard/libc.a(lib_a-findfp.o)
                0x0000000000004e44                __sinit
 .text.__sfp_lock_acquire
                0x0000000000004e9c        0xc /home/tim/opt/gcc-arm-none-eabi-6-2017-q2-update/bin/../lib/gcc/arm-none-eabi/6.3.1/../../../../arm-none-eabi/lib/thumb/v7e-m/fpv4-sp/hard/libc.a(lib_a-findfp.o)
                0x0000000000004e9c                __sfp_lock_acquire
 .text.__sfp_lock_release
                0x0000000000004ea8        0xc /home/tim/opt/gcc-arm-none-eabi-6-2017-q2-update/bin/../lib/gcc/arm-none-eabi/6.3.1/../../../../arm-none-eabi/lib/thumb/v7e-m/fpv4-sp/hard/libc.a(lib_a-findfp.o)
                0x0000000000004ea8                __sfp_lock_release
 .text.__libc_fini_array
                0x0000000000004eb4       0x34 /home/tim/opt/gcc-arm-none-eabi-6-2017-q2-update/bin/../lib/gcc/arm-none-eabi/6.3.1/../../../../arm-none-eabi/lib/thumb/v7e-m/fpv4-sp/hard/libc.a(lib_a-fini.o)
                0x0000000000004eb4                __libc_fini_array
 .text._malloc_trim_r
                0x0000000000004ee8       0xa0 /home/tim/opt/gcc-arm-none-eabi-6-2017-q2-update/bin/../lib/gcc/arm-none-eabi/6.3.1/../../../../arm-none-eabi/lib/thumb/v7e-m/fpv4-sp/hard/libc.a(lib_a-freer.o)
                0x0000000000004ee8                _malloc_trim_r
 .text._free_r  0x0000000000004f88      0x1cc /home/tim/opt/gcc-arm-none-eabi-6-2017-q2-update/bin/../lib/gcc/arm-none-eabi/6.3.1/../../../../arm-none-eabi/lib/thumb/v7e-m/fpv4-sp/hard/libc.a(lib_a-freer.o)
                0x0000000000004f88                _free_r
 .text.__sfvwrite_r
                0x0000000000005154      0x2f0 /home/tim/opt/gcc-arm-none-eabi-6-2017-q2-update/bin/../lib/gcc/arm-none-eabi/6.3.1/../../../../arm-none-eabi/lib/thumb/v7e-m/fpv4-sp/hard/libc.a(lib_a-fvwrite.o)
                0x0000000000005154                __sfvwrite_r
 .text._fwalk_reent
                0x0000000000005444       0x54 /home/tim/opt/gcc-arm-none-eabi-6-2017-q2-update/bin/../lib/gcc/arm-none-eabi/6.3.1/../../../../arm-none-eabi/lib/thumb/v7e-m/fpv4-sp/hard/libc.a(lib_a-fwalk.o)
                0x0000000000005444                _fwalk_reent
 .text._localeconv_r
                0x0000000000005498       0x1c /home/tim/opt/gcc-arm-none-eabi-6-2017-q2-update/bin/../lib/gcc/arm-none-eabi/6.3.1/../../../../arm-none-eabi/lib/thumb/v7e-m/fpv4-sp/hard/libc.a(lib_a-localeconv.o)
                0x0000000000005498                _localeconv_r
 .text.__retarget_lock_init_recursive
                0x00000000000054b4        0x4 /home/tim/opt/gcc-arm-none-eabi-6-2017-q2-update/bin/../lib/gcc/arm-none-eabi/6.3.1/../../../../arm-none-eabi/lib/thumb/v7e-m/fpv4-sp/hard/libc.a(lib_a-lock.o)
                0x00000000000054b4                __retarget_lock_init_recursive
 .text.__retarget_lock_close_recursive
                0x00000000000054b8        0x4 /home/tim/opt/gcc-arm-none-eabi-6-2017-q2-update/bin/../lib/gcc/arm-none-eabi/6.3.1/../../../../arm-none-eabi/lib/thumb/v7e-m/fpv4-sp/hard/libc.a(lib_a-lock.o)
                0x00000000000054b8                __retarget_lock_close_recursive
 .text.__retarget_lock_acquire_recursive
                0x00000000000054bc        0x4 /home/tim/opt/gcc-arm-none-eabi-6-2017-q2-update/bin/../lib/gcc/arm-none-eabi/6.3.1/../../../../arm-none-eabi/lib/thumb/v7e-m/fpv4-sp/hard/libc.a(lib_a-lock.o)
                0x00000000000054bc                __retarget_lock_acquire_recursive
 .text.__retarget_lock_release_recursive
                0x00000000000054c0        0x4 /home/tim/opt/gcc-arm-none-eabi-6-2017-q2-update/bin/../lib/gcc/arm-none-eabi/6.3.1/../../../../arm-none-eabi/lib/thumb/v7e-m/fpv4-sp/hard/libc.a(lib_a-lock.o)
                0x00000000000054c0                __retarget_lock_release_recursive
 .text.__swhatbuf_r
                0x00000000000054c4       0x5c /home/tim/opt/gcc-arm-none-eabi-6-2017-q2-update/bin/../lib/gcc/arm-none-eabi/6.3.1/../../../../arm-none-eabi/lib/thumb/v7e-m/fpv4-sp/hard/libc.a(lib_a-makebuf.o)
                0x00000000000054c4                __swhatbuf_r
 .text.__smakebuf_r
                0x0000000000005520       0x94 /home/tim/opt/gcc-arm-none-eabi-6-2017-q2-update/bin/../lib/gcc/arm-none-eabi/6.3.1/../../../../arm-none-eabi/lib/thumb/v7e-m/fpv4-sp/hard/libc.a(lib_a-makebuf.o)
                0x0000000000005520                __smakebuf_r
 .text.malloc   0x00000000000055b4       0x10 /home/tim/opt/gcc-arm-none-eabi-6-2017-q2-update/bin/../lib/gcc/arm-none-eabi/6.3.1/../../../../arm-none-eabi/lib/thumb/v7e-m/fpv4-sp/hard/libc.a(lib_a-malloc.o)
                0x00000000000055b4                malloc
 .text.free     0x00000000000055c4       0x10 /home/tim/opt/gcc-arm-none-eabi-6-2017-q2-update/bin/../lib/gcc/arm-none-eabi/6.3.1/../../../../arm-none-eabi/lib/thumb/v7e-m/fpv4-sp/hard/libc.a(lib_a-malloc.o)
                0x00000000000055c4                free
 .text._malloc_r
                0x00000000000055d4      0x560 /home/tim/opt/gcc-arm-none-eabi-6-2017-q2-update/bin/../lib/gcc/arm-none-eabi/6.3.1/../../../../arm-none-eabi/lib/thumb/v7e-m/fpv4-sp/hard/libc.a(lib_a-mallocr.o)
                0x00000000000055d4                _malloc_r
 *fill*         0x0000000000005b34        0xc 
 .text          0x0000000000005b40       0xa0 /home/tim/opt/gcc-arm-none-eabi-6-2017-q2-update/bin/../lib/gcc/arm-none-eabi/6.3.1/../../../../arm-none-eabi/lib/thumb/v7e-m/fpv4-sp/hard/libc.a(lib_a-memchr.o)
                0x0000000000005b40                memchr
 .text.memmove  0x0000000000005be0       0xc8 /home/tim/opt/gcc-arm-none-eabi-6-2017-q2-update/bin/../lib/gcc/arm-none-eabi/6.3.1/../../../../arm-none-eabi/lib/thumb/v7e-m/fpv4-sp/hard/libc.a(lib_a-memmove.o)
                0x0000000000005be0                memmove
 .text.__malloc_lock
                0x0000000000005ca8        0xc /home/tim/opt/gcc-arm-none-eabi-6-2017-q2-update/bin/../lib/gcc/arm-none-eabi/6.3.1/../../../../arm-none-eabi/lib/thumb/v7e-m/fpv4-sp/hard/libc.a(lib_a-mlock.o)
                0x0000000000005ca8                __malloc_lock
 .text.__malloc_unlock
                0x0000000000005cb4        0xc /home/tim/opt/gcc-arm-none-eabi-6-2017-q2-update/bin/../lib/gcc/arm-none-eabi/6.3.1/../../../../arm-none-eabi/lib/thumb/v7e-m/fpv4-sp/hard/libc.a(lib_a-mlock.o)
                0x0000000000005cb4                __malloc_unlock
 .text._Balloc  0x0000000000005cc0       0x4c /home/tim/opt/gcc-arm-none-eabi-6-2017-q2-update/bin/../lib/gcc/arm-none-eabi/6.3.1/../../../../arm-none-eabi/lib/thumb/v7e-m/fpv4-sp/hard/libc.a(lib_a-mprec.o)
                0x0000000000005cc0                _Balloc
 .text._Bfree   0x0000000000005d0c       0x14 /home/tim/opt/gcc-arm-none-eabi-6-2017-q2-update/bin/../lib/gcc/arm-none-eabi/6.3.1/../../../../arm-none-eabi/lib/thumb/v7e-m/fpv4-sp/hard/libc.a(lib_a-mprec.o)
                0x0000000000005d0c                _Bfree
 .text.__multadd
                0x0000000000005d20       0x80 /home/tim/opt/gcc-arm-none-eabi-6-2017-q2-update/bin/../lib/gcc/arm-none-eabi/6.3.1/../../../../arm-none-eabi/lib/thumb/v7e-m/fpv4-sp/hard/libc.a(lib_a-mprec.o)
                0x0000000000005d20                __multadd
 .text.__hi0bits
                0x0000000000005da0       0x40 /home/tim/opt/gcc-arm-none-eabi-6-2017-q2-update/bin/../lib/gcc/arm-none-eabi/6.3.1/../../../../arm-none-eabi/lib/thumb/v7e-m/fpv4-sp/hard/libc.a(lib_a-mprec.o)
                0x0000000000005da0                __hi0bits
 .text.__lo0bits
                0x0000000000005de0       0x60 /home/tim/opt/gcc-arm-none-eabi-6-2017-q2-update/bin/../lib/gcc/arm-none-eabi/6.3.1/../../../../arm-none-eabi/lib/thumb/v7e-m/fpv4-sp/hard/libc.a(lib_a-mprec.o)
                0x0000000000005de0                __lo0bits
 .text.__i2b    0x0000000000005e40       0x14 /home/tim/opt/gcc-arm-none-eabi-6-2017-q2-update/bin/../lib/gcc/arm-none-eabi/6.3.1/../../../../arm-none-eabi/lib/thumb/v7e-m/fpv4-sp/hard/libc.a(lib_a-mprec.o)
                0x0000000000005e40                __i2b
 .text.__multiply
                0x0000000000005e54      0x124 /home/tim/opt/gcc-arm-none-eabi-6-2017-q2-update/bin/../lib/gcc/arm-none-eabi/6.3.1/../../../../arm-none-eabi/lib/thumb/v7e-m/fpv4-sp/hard/libc.a(lib_a-mprec.o)
                0x0000000000005e54                __multiply
 .text.__pow5mult
                0x0000000000005f78       0xa0 /home/tim/opt/gcc-arm-none-eabi-6-2017-q2-update/bin/../lib/gcc/arm-none-eabi/6.3.1/../../../../arm-none-eabi/lib/thumb/v7e-m/fpv4-sp/hard/libc.a(lib_a-mprec.o)
                0x0000000000005f78                __pow5mult
 .text.__lshift
                0x0000000000006018       0xa4 /home/tim/opt/gcc-arm-none-eabi-6-2017-q2-update/bin/../lib/gcc/arm-none-eabi/6.3.1/../../../../arm-none-eabi/lib/thumb/v7e-m/fpv4-sp/hard/libc.a(lib_a-mprec.o)
                0x0000000000006018                __lshift
 .text.__mcmp   0x00000000000060bc       0x38 /home/tim/opt/gcc-arm-none-eabi-6-2017-q2-update/bin/../lib/gcc/arm-none-eabi/6.3.1/../../../../arm-none-eabi/lib/thumb/v7e-m/fpv4-sp/hard/libc.a(lib_a-mprec.o)
                0x00000000000060bc                __mcmp
 .text.__mdiff  0x00000000000060f4      0x108 /home/tim/opt/gcc-arm-none-eabi-6-2017-q2-update/bin/../lib/gcc/arm-none-eabi/6.3.1/../../../../arm-none-eabi/lib/thumb/v7e-m/fpv4-sp/hard/libc.a(lib_a-mprec.o)
                0x00000000000060f4                __mdiff
 .text.__d2b    0x00000000000061fc       0xbc /home/tim/opt/gcc-arm-none-eabi-6-2017-q2-update/bin/../lib/gcc/arm-none-eabi/6.3.1/../../../../arm-none-eabi/lib/thumb/v7e-m/fpv4-sp/hard/libc.a(lib_a-mprec.o)
                0x00000000000061fc                __d2b
 .text._realloc_r
                0x00000000000062b8      0x34c /home/tim/opt/gcc-arm-none-eabi-6-2017-q2-update/bin/../lib/gcc/arm-none-eabi/6.3.1/../../../../arm-none-eabi/lib/thumb/v7e-m/fpv4-sp/hard/libc.a(lib_a-reallocr.o)
                0x00000000000062b8                _realloc_r
 .text._sbrk_r  0x0000000000006604       0x24 /home/tim/opt/gcc-arm-none-eabi-6-2017-q2-update/bin/../lib/gcc/arm-none-eabi/6.3.1/../../../../arm-none-eabi/lib/thumb/v7e-m/fpv4-sp/hard/libc.a(lib_a-sbrkr.o)
                0x0000000000006604                _sbrk_r
 .text.__sread  0x0000000000006628       0x24 /home/tim/opt/gcc-arm-none-eabi-6-2017-q2-update/bin/../lib/gcc/arm-none-eabi/6.3.1/../../../../arm-none-eabi/lib/thumb/v7e-m/fpv4-sp/hard/libc.a(lib_a-stdio.o)
                0x0000000000006628                __sread
 .text.__swrite
                0x000000000000664c       0x3c /home/tim/opt/gcc-arm-none-eabi-6-2017-q2-update/bin/../lib/gcc/arm-none-eabi/6.3.1/../../../../arm-none-eabi/lib/thumb/v7e-m/fpv4-sp/hard/libc.a(lib_a-stdio.o)
                0x000000000000664c                __swrite
 .text.__sseek  0x0000000000006688       0x20 /home/tim/opt/gcc-arm-none-eabi-6-2017-q2-update/bin/../lib/gcc/arm-none-eabi/6.3.1/../../../../arm-none-eabi/lib/thumb/v7e-m/fpv4-sp/hard/libc.a(lib_a-stdio.o)
                0x0000000000006688                __sseek
 .text.__sclose
                0x00000000000066a8        0x8 /home/tim/opt/gcc-arm-none-eabi-6-2017-q2-update/bin/../lib/gcc/arm-none-eabi/6.3.1/../../../../arm-none-eabi/lib/thumb/v7e-m/fpv4-sp/hard/libc.a(lib_a-stdio.o)
                0x00000000000066a8                __sclose
 .text.__sprint_r.part.0
                0x00000000000066b0       0x80 /home/tim/opt/gcc-arm-none-eabi-6-2017-q2-update/bin/../lib/gcc/arm-none-eabi/6.3.1/../../../../arm-none-eabi/lib/thumb/v7e-m/fpv4-sp/hard/libc.a(lib_a-vfiprintf.o)
 .text.__sprint_r
                0x0000000000006730       0x14 /home/tim/opt/gcc-arm-none-eabi-6-2017-q2-update/bin/../lib/gcc/arm-none-eabi/6.3.1/../../../../arm-none-eabi/lib/thumb/v7e-m/fpv4-sp/hard/libc.a(lib_a-vfiprintf.o)
                0x0000000000006730                __sprint_r
 .text.__register_exitproc
                0x0000000000006744       0xc4 /home/tim/opt/gcc-arm-none-eabi-6-2017-q2-update/bin/../lib/gcc/arm-none-eabi/6.3.1/../../../../arm-none-eabi/lib/thumb/v7e-m/fpv4-sp/hard/libc.a(lib_a-__atexit.o)
                0x0000000000006744                __register_exitproc
 .text._calloc_r
                0x0000000000006808       0x60 /home/tim/opt/gcc-arm-none-eabi-6-2017-q2-update/bin/../lib/gcc/arm-none-eabi/6.3.1/../../../../arm-none-eabi/lib/thumb/v7e-m/fpv4-sp/hard/libc.a(lib_a-callocr.o)
                0x0000000000006808                _calloc_r
 .text._close_r
                0x0000000000006868       0x24 /home/tim/opt/gcc-arm-none-eabi-6-2017-q2-update/bin/../lib/gcc/arm-none-eabi/6.3.1/../../../../arm-none-eabi/lib/thumb/v7e-m/fpv4-sp/hard/libc.a(lib_a-closer.o)
                0x0000000000006868                _close_r
 .text._fclose_r
                0x000000000000688c       0xc4 /home/tim/opt/gcc-arm-none-eabi-6-2017-q2-update/bin/../lib/gcc/arm-none-eabi/6.3.1/../../../../arm-none-eabi/lib/thumb/v7e-m/fpv4-sp/hard/libc.a(lib_a-fclose.o)
                0x000000000000688c                _fclose_r
 .text.__fputwc
                0x0000000000006950       0xa0 /home/tim/opt/gcc-arm-none-eabi-6-2017-q2-update/bin/../lib/gcc/arm-none-eabi/6.3.1/../../../../arm-none-eabi/lib/thumb/v7e-m/fpv4-sp/hard/libc.a(lib_a-fputwc.o)
                0x0000000000006950                __fputwc
 .text._fputwc_r
                0x00000000000069f0       0x68 /home/tim/opt/gcc-arm-none-eabi-6-2017-q2-update/bin/../lib/gcc/arm-none-eabi/6.3.1/../../../../arm-none-eabi/lib/thumb/v7e-m/fpv4-sp/hard/libc.a(lib_a-fputwc.o)
                0x00000000000069f0                _fputwc_r
 .text._fstat_r
                0x0000000000006a58       0x28 /home/tim/opt/gcc-arm-none-eabi-6-2017-q2-update/bin/../lib/gcc/arm-none-eabi/6.3.1/../../../../arm-none-eabi/lib/thumb/v7e-m/fpv4-sp/hard/libc.a(lib_a-fstatr.o)
                0x0000000000006a58                _fstat_r
 .text._isatty_r
                0x0000000000006a80       0x24 /home/tim/opt/gcc-arm-none-eabi-6-2017-q2-update/bin/../lib/gcc/arm-none-eabi/6.3.1/../../../../arm-none-eabi/lib/thumb/v7e-m/fpv4-sp/hard/libc.a(lib_a-isattyr.o)
                0x0000000000006a80                _isatty_r
 .text._lseek_r
                0x0000000000006aa4       0x2c /home/tim/opt/gcc-arm-none-eabi-6-2017-q2-update/bin/../lib/gcc/arm-none-eabi/6.3.1/../../../../arm-none-eabi/lib/thumb/v7e-m/fpv4-sp/hard/libc.a(lib_a-lseekr.o)
                0x0000000000006aa4                _lseek_r
 .text._read_r  0x0000000000006ad0       0x2c /home/tim/opt/gcc-arm-none-eabi-6-2017-q2-update/bin/../lib/gcc/arm-none-eabi/6.3.1/../../../../arm-none-eabi/lib/thumb/v7e-m/fpv4-sp/hard/libc.a(lib_a-readr.o)
                0x0000000000006ad0                _read_r
 .text.__swbuf_r
                0x0000000000006afc       0xb0 /home/tim/opt/gcc-arm-none-eabi-6-2017-q2-update/bin/../lib/gcc/arm-none-eabi/6.3.1/../../../../arm-none-eabi/lib/thumb/v7e-m/fpv4-sp/hard/libc.a(lib_a-wbuf.o)
                0x0000000000006afc                __swbuf_r
 .text._wcrtomb_r
                0x0000000000006bac       0x54 /home/tim/opt/gcc-arm-none-eabi-6-2017-q2-update/bin/../lib/gcc/arm-none-eabi/6.3.1/../../../../arm-none-eabi/lib/thumb/v7e-m/fpv4-sp/hard/libc.a(lib_a-wcrtomb.o)
                0x0000000000006bac                _wcrtomb_r
 .text._close   0x0000000000006c00       0x10 /home/tim/opt/gcc-arm-none-eabi-6-2017-q2-update/bin/../lib/gcc/arm-none-eabi/6.3.1/../../../../arm-none-eabi/lib/thumb/v7e-m/fpv4-sp/hard/libnosys.a(close.o)
                0x0000000000006c00                _close
 .text._fstat   0x0000000000006c10       0x10 /home/tim/opt/gcc-arm-none-eabi-6-2017-q2-update/bin/../lib/gcc/arm-none-eabi/6.3.1/../../../../arm-none-eabi/lib/thumb/v7e-m/fpv4-sp/hard/libnosys.a(fstat.o)
                0x0000000000006c10                _fstat
 .text._isatty  0x0000000000006c20       0x10 /home/tim/opt/gcc-arm-none-eabi-6-2017-q2-update/bin/../lib/gcc/arm-none-eabi/6.3.1/../../../../arm-none-eabi/lib/thumb/v7e-m/fpv4-sp/hard/libnosys.a(isatty.o)
                0x0000000000006c20                _isatty
 .text._lseek   0x0000000000006c30       0x10 /home/tim/opt/gcc-arm-none-eabi-6-2017-q2-update/bin/../lib/gcc/arm-none-eabi/6.3.1/../../../../arm-none-eabi/lib/thumb/v7e-m/fpv4-sp/hard/libnosys.a(lseek.o)
                0x0000000000006c30                _lseek
 .text._read    0x0000000000006c40       0x10 /home/tim/opt/gcc-arm-none-eabi-6-2017-q2-update/bin/../lib/gcc/arm-none-eabi/6.3.1/../../../../arm-none-eabi/lib/thumb/v7e-m/fpv4-sp/hard/libnosys.a(read.o)
                0x0000000000006c40                _read
 .text._sbrk    0x0000000000006c50       0x1c /home/tim/opt/gcc-arm-none-eabi-6-2017-q2-update/bin/../lib/gcc/arm-none-eabi/6.3.1/../../../../arm-none-eabi/lib/thumb/v7e-m/fpv4-sp/hard/libnosys.a(sbrk.o)
                0x0000000000006c50                _sbrk
 .text._exit    0x0000000000006c6c        0x4 /home/tim/opt/gcc-arm-none-eabi-6-2017-q2-update/bin/../lib/gcc/arm-none-eabi/6.3.1/../../../../arm-none-eabi/lib/thumb/v7e-m/fpv4-sp/hard/libnosys.a(_exit.o)
                0x0000000000006c6c                _exit
 .text          0x0000000000006c70      0x370 /home/tim/opt/gcc-arm-none-eabi-6-2017-q2-update/bin/../lib/gcc/arm-none-eabi/6.3.1/thumb/v7e-m/fpv4-sp/hard/libgcc.a(_arm_addsubdf3.o)
                0x0000000000006c70                __aeabi_drsub
                0x0000000000006c78                __aeabi_dsub
                0x0000000000006c78                __subdf3
                0x0000000000006c7c                __adddf3
                0x0000000000006c7c                __aeabi_dadd
                0x0000000000006ef4                __aeabi_ui2d
                0x0000000000006ef4                __floatunsidf
                0x0000000000006f14                __floatsidf
                0x0000000000006f14                __aeabi_i2d
                0x0000000000006f38                __extendsfdf2
                0x0000000000006f38                __aeabi_f2d
                0x0000000000006f74                __aeabi_ul2d
                0x0000000000006f74                __floatundidf
                0x0000000000006f84                __floatdidf
                0x0000000000006f84                __aeabi_l2d
 .text          0x0000000000006fe0      0x424 /home/tim/opt/gcc-arm-none-eabi-6-2017-q2-update/bin/../lib/gcc/arm-none-eabi/6.3.1/thumb/v7e-m/fpv4-sp/hard/libgcc.a(_arm_muldivdf3.o)
                0x0000000000006fe0                __aeabi_dmul
                0x0000000000006fe0                __muldf3
                0x0000000000007234                __aeabi_ddiv
                0x0000000000007234                __divdf3
 .text          0x0000000000007404      0x110 /home/tim/opt/gcc-arm-none-eabi-6-2017-q2-update/bin/../lib/gcc/arm-none-eabi/6.3.1/thumb/v7e-m/fpv4-sp/hard/libgcc.a(_arm_cmpdf2.o)
                0x0000000000007404                __gtdf2
                0x0000000000007404                __gedf2
                0x000000000000740c                __ltdf2
                0x000000000000740c                __ledf2
                0x0000000000007414                __cmpdf2
                0x0000000000007414                __eqdf2
                0x0000000000007414                __nedf2
                0x0000000000007490                __aeabi_cdrcmple
                0x00000000000074a0                __aeabi_cdcmple
                0x00000000000074a0                __aeabi_cdcmpeq
                0x00000000000074b0                __aeabi_dcmpeq
                0x00000000000074c4                __aeabi_dcmplt
                0x00000000000074d8                __aeabi_dcmple
                0x00000000000074ec                __aeabi_dcmpge
                0x0000000000007500                __aeabi_dcmpgt
 .text          0x0000000000007514       0x2c /home/tim/opt/gcc-arm-none-eabi-6-2017-q2-update/bin/../lib/gcc/arm-none-eabi/6.3.1/thumb/v7e-m/fpv4-sp/hard/libgcc.a(_arm_unorddf2.o)
                0x0000000000007514                __aeabi_dcmpun
                0x0000000000007514                __unorddf2
 .text          0x0000000000007540       0x50 /home/tim/opt/gcc-arm-none-eabi-6-2017-q2-update/bin/../lib/gcc/arm-none-eabi/6.3.1/thumb/v7e-m/fpv4-sp/hard/libgcc.a(_arm_fixdfsi.o)
                0x0000000000007540                __fixdfsi
                0x0000000000007540                __aeabi_d2iz
 .text          0x0000000000007590       0x30 /home/tim/opt/gcc-arm-none-eabi-6-2017-q2-update/bin/../lib/gcc/arm-none-eabi/6.3.1/thumb/v7e-m/fpv4-sp/hard/libgcc.a(_aeabi_uldivmod.o)
                0x0000000000007590                __aeabi_uldivmod
 .text          0x00000000000075c0      0x2dc /home/tim/opt/gcc-arm-none-eabi-6-2017-q2-update/bin/../lib/gcc/arm-none-eabi/6.3.1/thumb/v7e-m/fpv4-sp/hard/libgcc.a(_udivmoddi4.o)
                0x00000000000075c0                __udivmoddi4
 .text          0x000000000000789c        0x4 /home/tim/opt/gcc-arm-none-eabi-6-2017-q2-update/bin/../lib/gcc/arm-none-eabi/6.3.1/thumb/v7e-m/fpv4-sp/hard/libgcc.a(_dvmd_tls.o)
                0x000000000000789c                __aeabi_ldiv0
                0x000000000000789c                __aeabi_idiv0
 *(.init)
 .init          0x00000000000078a0        0x4 /home/tim/opt/gcc-arm-none-eabi-6-2017-q2-update/bin/../lib/gcc/arm-none-eabi/6.3.1/thumb/v7e-m/fpv4-sp/hard/crti.o
                0x00000000000078a0                _init
 .init          0x00000000000078a4        0x8 /home/tim/opt/gcc-arm-none-eabi-6-2017-q2-update/bin/../lib/gcc/arm-none-eabi/6.3.1/thumb/v7e-m/fpv4-sp/hard/crtn.o
 *(.fini)
 .fini          0x00000000000078ac        0x4 /home/tim/opt/gcc-arm-none-eabi-6-2017-q2-update/bin/../lib/gcc/arm-none-eabi/6.3.1/thumb/v7e-m/fpv4-sp/hard/crti.o
                0x00000000000078ac                _fini
 .fini          0x00000000000078b0        0x8 /home/tim/opt/gcc-arm-none-eabi-6-2017-q2-update/bin/../lib/gcc/arm-none-eabi/6.3.1/thumb/v7e-m/fpv4-sp/hard/crtn.o
 *crtbegin.o(.ctors)
 *crtbegin?.o(.ctors)
 *(EXCLUDE_FILE(*crtend.o *crtend?.o) .ctors)
 *(SORT(.ctors.*))
 *(.ctors)
 *crtbegin.o(.dtors)
 *crtbegin?.o(.dtors)
 *(EXCLUDE_FILE(*crtend.o *crtend?.o) .dtors)
 *(SORT(.dtors.*))
 *(.dtors)
 *(.rodata*)
 .rodata.app_error_fault_handler.str1.1
                0x00000000000078b8       0x77 _build/better_error_handling.o
 *fill*         0x000000000000792f        0x1 
 .rodata.delay_bytecode.8755
                0x0000000000007930        0x6 _build/better_error_handling.o
 *fill*         0x0000000000007936        0xa 
 .rodata.delay_bytecode.9378
                0x0000000000007940        0x6 _build/app_timer.o
 .rodata.app_util_critical_region_enter.str1.1
                0x0000000000007946       0x65 _build/app_util_platform.o
 .rodata.HardFault_c_handler.str1.1
                0x00000000000079ab       0xfb _build/hardfault_implementation.o
 *fill*         0x0000000000007aa6        0x2 
 .rodata.cfsr_msgs.9572
                0x0000000000007aa8       0x68 _build/hardfault_implementation.o
 .rodata.str1.1
                0x0000000000007b10      0x4c0 _build/hardfault_implementation.o
 .rodata.nrf_balloc_init.str1.1
                0x0000000000007fd0       0x60 _build/nrf_balloc.o
 .rodata.invalid_packets_pushed_str_omit.str1.1
                0x0000000000008030       0x74 _build/nrf_log_frontend.o
 .rodata.nrf_log_frontend_dequeue.str1.1
                0x00000000000080a4       0x11 _build/nrf_log_frontend.o
 .rodata.str1.1
                0x00000000000080b5       0x17 _build/nrf_log_frontend.o
 .rodata.str1.1
                0x00000000000080cc        0x9 _build/nrf_pwr_mgmt.o
 .rodata.memobj_op.str1.1
                0x00000000000080d5       0x6d _build/nrf_memobj.o
 .rodata.m_unknown_str
                0x0000000000008142       0x13 _build/nrf_strerror.o
 *fill*         0x0000000000008155        0x3 
 .rodata.nrf_strerror_array
                0x0000000000008158      0x118 _build/nrf_strerror.o
 .rodata.str1.1
                0x0000000000008270      0x391 _build/nrf_strerror.o
 .rodata.nrf_gpio_pin_port_decode.str1.1
                0x0000000000008601       0x53 _build/nrfx_gpiote.o
 .rodata.nrfx_gpiote_out_init.str1.1
                0x0000000000008654       0x5e _build/nrfx_gpiote.o
 .rodata.str1.1
                0x00000000000086b2        0x7 _build/nrfx_gpiote.o
 .rodata.UARTE0_UART0_IRQHandler.str1.1
                0x00000000000086b9       0x5f _build/nrfx_prs.o
 .rodata.str1.1
                0x0000000000008718        0x4 _build/nrfx_prs.o
 .rodata.str1.1
                0x000000000000871c        0x6 _build/nrfx_saadc.o
 .rodata.SPIM1_SPIS1_TWIM1_TWIS1_SPI1_TWI1_IRQHandler.str1.1
                0x0000000000008722       0x5c _build/nrfx_spim.o
 .rodata.nrf_gpio_pin_port_decode.str1.1
                0x000000000000877e       0x53 _build/nrfx_spim.o
 .rodata.str1.1
                0x000000000000877e        0x5 _build/nrfx_spim.o
 .rodata.str1.1
                0x0000000000008783        0x6 _build/nrfx_timer.o
 .rodata.SPIM0_SPIS0_TWIM0_TWIS0_SPI0_TWI0_IRQHandler.str1.1
                0x0000000000008789       0x5c _build/nrfx_twim.o
 .rodata.str1.1
                0x00000000000087e5        0x5 _build/nrfx_twim.o
 .rodata.str1.1
                0x00000000000087ea        0x5 _build/nrfx_uart.o
 .rodata.str1.1
                0x00000000000087ef        0x6 _build/nrfx_uarte.o
 .rodata._DoInit.str1.1
                0x00000000000087f5       0x14 _build/SEGGER_RTT.o
 *fill*         0x0000000000008809        0x3 
 .rodata._global_impure_ptr
                0x000000000000880c        0x4 /home/tim/opt/gcc-arm-none-eabi-6-2017-q2-update/bin/../lib/gcc/arm-none-eabi/6.3.1/../../../../arm-none-eabi/lib/thumb/v7e-m/fpv4-sp/hard/libc.a(lib_a-impure.o)
                0x000000000000880c                _global_impure_ptr
 .rodata._setlocale_r.str1.4
                0x0000000000008810        0xa /home/tim/opt/gcc-arm-none-eabi-6-2017-q2-update/bin/../lib/gcc/arm-none-eabi/6.3.1/../../../../arm-none-eabi/lib/thumb/v7e-m/fpv4-sp/hard/libc.a(lib_a-locale.o)
                                          0xd (size before relaxing)
 *fill*         0x000000000000881a        0x2 
 .rodata.str1.4
                0x000000000000881c        0x2 /home/tim/opt/gcc-arm-none-eabi-6-2017-q2-update/bin/../lib/gcc/arm-none-eabi/6.3.1/../../../../arm-none-eabi/lib/thumb/v7e-m/fpv4-sp/hard/libc.a(lib_a-locale.o)
 *fill*         0x000000000000881e        0x2 
 .rodata._puts_r.str1.4
                0x0000000000008820        0x2 /home/tim/opt/gcc-arm-none-eabi-6-2017-q2-update/bin/../lib/gcc/arm-none-eabi/6.3.1/../../../../arm-none-eabi/lib/thumb/v7e-m/fpv4-sp/hard/libc.a(lib_a-puts.o)
 *fill*         0x0000000000008822        0x2 
 .rodata._vfprintf_r.str1.4
                0x0000000000008824       0x42 /home/tim/opt/gcc-arm-none-eabi-6-2017-q2-update/bin/../lib/gcc/arm-none-eabi/6.3.1/../../../../arm-none-eabi/lib/thumb/v7e-m/fpv4-sp/hard/libc.a(lib_a-vfprintf.o)
 *fill*         0x0000000000008866        0x2 
 .rodata.blanks.8361
                0x0000000000008868       0x10 /home/tim/opt/gcc-arm-none-eabi-6-2017-q2-update/bin/../lib/gcc/arm-none-eabi/6.3.1/../../../../arm-none-eabi/lib/thumb/v7e-m/fpv4-sp/hard/libc.a(lib_a-vfprintf.o)
 .rodata.zeroes.8362
                0x0000000000008878       0x10 /home/tim/opt/gcc-arm-none-eabi-6-2017-q2-update/bin/../lib/gcc/arm-none-eabi/6.3.1/../../../../arm-none-eabi/lib/thumb/v7e-m/fpv4-sp/hard/libc.a(lib_a-vfprintf.o)
 .rodata._ctype_
                0x0000000000008888      0x101 /home/tim/opt/gcc-arm-none-eabi-6-2017-q2-update/bin/../lib/gcc/arm-none-eabi/6.3.1/../../../../arm-none-eabi/lib/thumb/v7e-m/fpv4-sp/hard/libc.a(lib_a-ctype_.o)
                0x0000000000008888                _ctype_
 *fill*         0x0000000000008989        0x3 
 .rodata._dtoa_r.str1.4
                0x000000000000898c       0x10 /home/tim/opt/gcc-arm-none-eabi-6-2017-q2-update/bin/../lib/gcc/arm-none-eabi/6.3.1/../../../../arm-none-eabi/lib/thumb/v7e-m/fpv4-sp/hard/libc.a(lib_a-dtoa.o)
                                         0x12 (size before relaxing)
 *fill*         0x000000000000899c        0x4 
 .rodata.__mprec_bigtens
                0x00000000000089a0       0x28 /home/tim/opt/gcc-arm-none-eabi-6-2017-q2-update/bin/../lib/gcc/arm-none-eabi/6.3.1/../../../../arm-none-eabi/lib/thumb/v7e-m/fpv4-sp/hard/libc.a(lib_a-mprec.o)
                0x00000000000089a0                __mprec_bigtens
 .rodata.__mprec_tens
                0x00000000000089c8       0xc8 /home/tim/opt/gcc-arm-none-eabi-6-2017-q2-update/bin/../lib/gcc/arm-none-eabi/6.3.1/../../../../arm-none-eabi/lib/thumb/v7e-m/fpv4-sp/hard/libc.a(lib_a-mprec.o)
                0x00000000000089c8                __mprec_tens
 .rodata.p05.7178
                0x0000000000008a90        0xc /home/tim/opt/gcc-arm-none-eabi-6-2017-q2-update/bin/../lib/gcc/arm-none-eabi/6.3.1/../../../../arm-none-eabi/lib/thumb/v7e-m/fpv4-sp/hard/libc.a(lib_a-mprec.o)
 *(.eh_frame*)
 .eh_frame      0x0000000000008a9c        0x0 /home/tim/opt/gcc-arm-none-eabi-6-2017-q2-update/bin/../lib/gcc/arm-none-eabi/6.3.1/thumb/v7e-m/fpv4-sp/hard/crtbegin.o
 .eh_frame      0x0000000000008a9c        0x4 /home/tim/opt/gcc-arm-none-eabi-6-2017-q2-update/bin/../lib/gcc/arm-none-eabi/6.3.1/thumb/v7e-m/fpv4-sp/hard/crtend.o

.glue_7         0x0000000000008aa0        0x0
 .glue_7        0x0000000000008aa0        0x0 linker stubs

.glue_7t        0x0000000000008aa0        0x0
 .glue_7t       0x0000000000008aa0        0x0 linker stubs

.vfp11_veneer   0x0000000000008aa0        0x0
 .vfp11_veneer  0x0000000000008aa0        0x0 linker stubs

.v4_bx          0x0000000000008aa0        0x0
 .v4_bx         0x0000000000008aa0        0x0 linker stubs

.iplt           0x0000000000008aa0        0x0
 .iplt          0x0000000000008aa0        0x0 /home/tim/opt/gcc-arm-none-eabi-6-2017-q2-update/bin/../lib/gcc/arm-none-eabi/6.3.1/thumb/v7e-m/fpv4-sp/hard/crtbegin.o

.pwr_mgmt_data  0x0000000000008aa0        0x0
                0x0000000000008aa0                PROVIDE (__start_pwr_mgmt_data, .)
 *(SORT(.pwr_mgmt_data*))
                0x0000000000008aa0                PROVIDE (__stop_pwr_mgmt_data, .)

.log_const_data
                0x0000000000008aa0       0x60
                0x0000000000008aa0                PROVIDE (__start_log_const_data, .)
 *(SORT(.log_const_data*))
 .log_const_data_GPIOTE
                0x0000000000008aa0        0x8 _build/nrfx_gpiote.o
                0x0000000000008aa0                m_nrf_log_GPIOTE_logs_data_const
 .log_const_data_PRS
                0x0000000000008aa8        0x8 _build/nrfx_prs.o
                0x0000000000008aa8                m_nrf_log_PRS_logs_data_const
 .log_const_data_SAADC
                0x0000000000008ab0        0x8 _build/nrfx_saadc.o
                0x0000000000008ab0                m_nrf_log_SAADC_logs_data_const
 .log_const_data_SPIM
                0x0000000000008ab8        0x8 _build/nrfx_spim.o
                0x0000000000008ab8                m_nrf_log_SPIM_logs_data_const
 .log_const_data_TIMER
                0x0000000000008ac0        0x8 _build/nrfx_timer.o
                0x0000000000008ac0                m_nrf_log_TIMER_logs_data_const
 .log_const_data_TWIM
                0x0000000000008ac8        0x8 _build/nrfx_twim.o
                0x0000000000008ac8                m_nrf_log_TWIM_logs_data_const
 .log_const_data_UART
                0x0000000000008ad0        0x8 _build/nrfx_uart.o
                0x0000000000008ad0                m_nrf_log_UART_logs_data_const
 .log_const_data_UARTE
                0x0000000000008ad8        0x8 _build/nrfx_uarte.o
                0x0000000000008ad8                m_nrf_log_UARTE_logs_data_const
 .log_const_data_app
                0x0000000000008ae0        0x8 _build/nrf_log_frontend.o
                0x0000000000008ae0                m_nrf_log_app_logs_data_const
 .log_const_data_balloc_log_mempool
                0x0000000000008ae8        0x8 _build/nrf_log_frontend.o
                0x0000000000008ae8                m_nrf_log_balloc_log_mempool_logs_data_const
 .log_const_data_hardfault
                0x0000000000008af0        0x8 _build/hardfault_implementation.o
                0x0000000000008af0                m_nrf_log_hardfault_logs_data_const
 .log_const_data_pwr_mgmt
                0x0000000000008af8        0x8 _build/nrf_pwr_mgmt.o
                0x0000000000008af8                m_nrf_log_pwr_mgmt_logs_data_const
                0x0000000000008b00                PROVIDE (__stop_log_const_data, .)

.nrf_balloc     0x0000000000008b00       0x18
                [!provide]                        PROVIDE (__start_nrf_balloc, .)
 *(.nrf_balloc)
 .nrf_balloc    0x0000000000008b00       0x18 _build/nrf_log_frontend.o
                0x0000000000008b00                log_mempool
                [!provide]                        PROVIDE (__stop_nrf_balloc, .)

.nrf_queue      0x0000000000008b18        0x0
                [!provide]                        PROVIDE (__start_nrf_queue, .)
 *(.nrf_queue)
                [!provide]                        PROVIDE (__stop_nrf_queue, .)

.cli_command    0x0000000000008b18        0x0
                [!provide]                        PROVIDE (__start_cli_command, .)
 *(.cli_command)
                [!provide]                        PROVIDE (__stop_cli_command, .)

.sdh_stack_observers
                0x0000000000008b18        0x0
                [!provide]                        PROVIDE (__start_sdh_stack_observers, .)
 *(SORT(.sdh_stack_observers*))
                [!provide]                        PROVIDE (__stop_sdh_stack_observers, .)

.sdh_req_observers
                0x0000000000008b18        0x0
                [!provide]                        PROVIDE (__start_sdh_req_observers, .)
 *(SORT(.sdh_req_observers*))
                [!provide]                        PROVIDE (__stop_sdh_req_observers, .)

.sdh_state_observers
                0x0000000000008b18        0x0
                [!provide]                        PROVIDE (__start_sdh_state_observers, .)
 *(SORT(.sdh_state_observers*))
                [!provide]                        PROVIDE (__stop_sdh_state_observers, .)

.sdh_ant_observers
                0x0000000000008b18        0x0
                [!provide]                        PROVIDE (__start_sdh_ant_observers, .)
 *(SORT(.sdh_ant_observers*))
                [!provide]                        PROVIDE (__stop_sdh_ant_observers, .)

.sdh_ble_observers
                0x0000000000008b18        0x0
                [!provide]                        PROVIDE (__start_sdh_ble_observers, .)
 *(SORT(.sdh_ble_observers*))
                [!provide]                        PROVIDE (__stop_sdh_ble_observers, .)

.sdh_soc_observers
                0x0000000000008b18        0x0
                [!provide]                        PROVIDE (__start_sdh_soc_observers, .)
 *(SORT(.sdh_soc_observers*))
                [!provide]                        PROVIDE (__stop_sdh_soc_observers, .)

.crypto_data    0x0000000000008b18        0x0
                [!provide]                        PROVIDE (__start_crypto_data, .)
 *(SORT(.crypto_data*))
                [!provide]                        PROVIDE (__stop_crypto_data, .)

.ARM.extab
 *(.ARM.extab* .gnu.linkonce.armextab.*)
                0x0000000000008b18                __exidx_start = .

.ARM.exidx      0x0000000000008b18        0x8
 *(.ARM.exidx* .gnu.linkonce.armexidx.*)
 .ARM.exidx     0x0000000000008b18        0x8 /home/tim/opt/gcc-arm-none-eabi-6-2017-q2-update/bin/../lib/gcc/arm-none-eabi/6.3.1/../../../../arm-none-eabi/lib/thumb/v7e-m/fpv4-sp/hard/crt0.o
 .ARM.exidx     0x0000000000008b20        0x0 /home/tim/opt/gcc-arm-none-eabi-6-2017-q2-update/bin/../lib/gcc/arm-none-eabi/6.3.1/thumb/v7e-m/fpv4-sp/hard/libgcc.a(_udivmoddi4.o)
                                          0x8 (size before relaxing)
                0x0000000000008b20                __exidx_end = .
                0x0000000000008b20                __etext = .

.rel.dyn        0x0000000000008b20        0x0
 .rel.iplt      0x0000000000008b20        0x0 /home/tim/opt/gcc-arm-none-eabi-6-2017-q2-update/bin/../lib/gcc/arm-none-eabi/6.3.1/thumb/v7e-m/fpv4-sp/hard/crtbegin.o

.data           0x0000000020000000      0x9c4 load address 0x0000000000008b20
                0x0000000020000000                __data_start__ = .
 *(vtable)
 *(.data*)
 .data.SystemCoreClock
                0x0000000020000000        0x4 _build/system_nrf52840.o
                0x0000000020000000                SystemCoreClock
 .data._impure_ptr
                0x0000000020000004        0x4 /home/tim/opt/gcc-arm-none-eabi-6-2017-q2-update/bin/../lib/gcc/arm-none-eabi/6.3.1/../../../../arm-none-eabi/lib/thumb/v7e-m/fpv4-sp/hard/libc.a(lib_a-impure.o)
                0x0000000020000004                _impure_ptr
 .data.impure_data
                0x0000000020000008      0x428 /home/tim/opt/gcc-arm-none-eabi-6-2017-q2-update/bin/../lib/gcc/arm-none-eabi/6.3.1/../../../../arm-none-eabi/lib/thumb/v7e-m/fpv4-sp/hard/libc.a(lib_a-impure.o)
 .data.__global_locale
                0x0000000020000430      0x16c /home/tim/opt/gcc-arm-none-eabi-6-2017-q2-update/bin/../lib/gcc/arm-none-eabi/6.3.1/../../../../arm-none-eabi/lib/thumb/v7e-m/fpv4-sp/hard/libc.a(lib_a-locale.o)
                0x0000000020000430                __global_locale
 .data.__atexit_recursive_mutex
                0x000000002000059c        0x4 /home/tim/opt/gcc-arm-none-eabi-6-2017-q2-update/bin/../lib/gcc/arm-none-eabi/6.3.1/../../../../arm-none-eabi/lib/thumb/v7e-m/fpv4-sp/hard/libc.a(lib_a-__call_atexit.o)
                0x000000002000059c                __atexit_recursive_mutex
 .data.__malloc_av_
                0x00000000200005a0      0x408 /home/tim/opt/gcc-arm-none-eabi-6-2017-q2-update/bin/../lib/gcc/arm-none-eabi/6.3.1/../../../../arm-none-eabi/lib/thumb/v7e-m/fpv4-sp/hard/libc.a(lib_a-mallocr.o)
                0x00000000200005a0                __malloc_av_
 .data.__malloc_sbrk_base
                0x00000000200009a8        0x4 /home/tim/opt/gcc-arm-none-eabi-6-2017-q2-update/bin/../lib/gcc/arm-none-eabi/6.3.1/../../../../arm-none-eabi/lib/thumb/v7e-m/fpv4-sp/hard/libc.a(lib_a-mallocr.o)
                0x00000000200009a8                __malloc_sbrk_base
 .data.__malloc_trim_threshold
                0x00000000200009ac        0x4 /home/tim/opt/gcc-arm-none-eabi-6-2017-q2-update/bin/../lib/gcc/arm-none-eabi/6.3.1/../../../../arm-none-eabi/lib/thumb/v7e-m/fpv4-sp/hard/libc.a(lib_a-mallocr.o)
                0x00000000200009ac                __malloc_trim_threshold
                0x00000000200009b0                . = ALIGN (0x4)
                0x00000000200009b0                PROVIDE (__preinit_array_start, .)
 *(.preinit_array)
                0x00000000200009b0                PROVIDE (__preinit_array_end, .)
                0x00000000200009b0                . = ALIGN (0x4)
                0x00000000200009b0                PROVIDE (__init_array_start, .)
 *(SORT(.init_array.*))
 .init_array.00000
                0x00000000200009b0        0x4 /home/tim/opt/gcc-arm-none-eabi-6-2017-q2-update/bin/../lib/gcc/arm-none-eabi/6.3.1/../../../../arm-none-eabi/lib/thumb/v7e-m/fpv4-sp/hard/libc.a(lib_a-__call_atexit.o)
 *(.init_array)
 .init_array    0x00000000200009b4        0x4 /home/tim/opt/gcc-arm-none-eabi-6-2017-q2-update/bin/../lib/gcc/arm-none-eabi/6.3.1/thumb/v7e-m/fpv4-sp/hard/crtbegin.o
 .init_array    0x00000000200009b8        0x4 _build/before_startup.o
                0x00000000200009bc                PROVIDE (__init_array_end, .)
                0x00000000200009bc                . = ALIGN (0x4)
                0x00000000200009bc                PROVIDE (__fini_array_start, .)
 *(SORT(.fini_array.*))
 *(.fini_array)
 .fini_array    0x00000000200009bc        0x4 /home/tim/opt/gcc-arm-none-eabi-6-2017-q2-update/bin/../lib/gcc/arm-none-eabi/6.3.1/thumb/v7e-m/fpv4-sp/hard/crtbegin.o
                0x00000000200009c0                PROVIDE (__fini_array_end, .)
 *(.jcr*)
 .jcr           0x00000000200009c0        0x0 /home/tim/opt/gcc-arm-none-eabi-6-2017-q2-update/bin/../lib/gcc/arm-none-eabi/6.3.1/thumb/v7e-m/fpv4-sp/hard/crtbegin.o
 .jcr           0x00000000200009c0        0x4 /home/tim/opt/gcc-arm-none-eabi-6-2017-q2-update/bin/../lib/gcc/arm-none-eabi/6.3.1/thumb/v7e-m/fpv4-sp/hard/crtend.o
                0x00000000200009c4                . = ALIGN (0x4)
                0x00000000200009c4                __data_end__ = .
LOAD /home/tim/opt/gcc-arm-none-eabi-6-2017-q2-update/bin/../lib/gcc/arm-none-eabi/6.3.1/thumb/v7e-m/fpv4-sp/hard/crti.o
LOAD /home/tim/opt/gcc-arm-none-eabi-6-2017-q2-update/bin/../lib/gcc/arm-none-eabi/6.3.1/thumb/v7e-m/fpv4-sp/hard/crtbegin.o
LOAD /home/tim/opt/gcc-arm-none-eabi-6-2017-q2-update/bin/../lib/gcc/arm-none-eabi/6.3.1/../../../../arm-none-eabi/lib/thumb/v7e-m/fpv4-sp/hard/crt0.o
START GROUP
LOAD _build/display.o
LOAD _build/mpu9250.o
LOAD _build/kobukiUART.o
LOAD _build/kobukiSensor.o
LOAD _build/kobukiUtilities.o
LOAD _build/kobukiSensorPoll.o
LOAD _build/kobukiActuator.o
LOAD _build/better_error_handling.o
LOAD _build/app_error_handler_gcc.o
LOAD _build/app_scheduler.o
LOAD _build/app_timer.o
LOAD _build/app_uart.o
LOAD _build/app_util_platform.o
LOAD _build/before_startup.o
LOAD _build/hardfault_handler_gcc.o
LOAD _build/hardfault_implementation.o
LOAD _build/nrf_assert.o
LOAD _build/nrf_atomic.o
LOAD _build/nrf_balloc.o
LOAD _build/nrf_drv_spi.o
LOAD _build/nrf_drv_twi.o
LOAD _build/nrf_drv_uart.o
LOAD _build/nrf_fprintf.o
LOAD _build/nrf_fprintf_format.o
LOAD _build/nrf_log_backend_rtt.o
LOAD _build/nrf_log_backend_serial.o
LOAD _build/nrf_log_backend_uart.o
LOAD _build/nrf_log_default_backends.o
LOAD _build/nrf_log_frontend.o
LOAD _build/nrf_log_str_formatter.o
LOAD _build/nrf_pwr_mgmt.o
LOAD _build/nrf_memobj.o
LOAD _build/nrf_section_iter.o
LOAD _build/nrf_serial.o
LOAD _build/nrf_strerror.o
LOAD _build/nrf_twi_mngr.o
LOAD _build/nrf_queue.o
LOAD _build/nrfx_gpiote.o
LOAD _build/nrfx_prs.o
LOAD _build/nrfx_saadc.o
LOAD _build/nrfx_spi.o
LOAD _build/nrfx_spim.o
LOAD _build/nrfx_timer.o
LOAD _build/nrfx_twi.o
LOAD _build/nrfx_twim.o
LOAD _build/nrfx_uart.o
LOAD _build/nrfx_uarte.o
LOAD _build/SEGGER_RTT.o
LOAD _build/SEGGER_RTT_Syscalls_GCC.o
LOAD _build/SEGGER_RTT_printf.o
LOAD _build/simple_logger.o
LOAD _build/ff.o
LOAD _build/mmc_nrf.o
LOAD _build/system_nrf52840.o
LOAD _build/app_error.o
LOAD _build/app_error_weak.o
LOAD _build/gcc_startup_nrf52840.os
LOAD /home/tim/opt/gcc-arm-none-eabi-6-2017-q2-update/bin/../lib/gcc/arm-none-eabi/6.3.1/../../../../arm-none-eabi/lib/thumb/v7e-m/fpv4-sp/hard/libc.a
LOAD /home/tim/opt/gcc-arm-none-eabi-6-2017-q2-update/bin/../lib/gcc/arm-none-eabi/6.3.1/../../../../arm-none-eabi/lib/thumb/v7e-m/fpv4-sp/hard/libnosys.a
LOAD /home/tim/opt/gcc-arm-none-eabi-6-2017-q2-update/bin/../lib/gcc/arm-none-eabi/6.3.1/../../../../arm-none-eabi/lib/thumb/v7e-m/fpv4-sp/hard/libm.a
LOAD /home/tim/opt/gcc-arm-none-eabi-6-2017-q2-update/bin/../lib/gcc/arm-none-eabi/6.3.1/../../../../arm-none-eabi/lib/thumb/v7e-m/fpv4-sp/hard/libstdc++.a
END GROUP
START GROUP
LOAD /home/tim/opt/gcc-arm-none-eabi-6-2017-q2-update/bin/../lib/gcc/arm-none-eabi/6.3.1/thumb/v7e-m/fpv4-sp/hard/libgcc.a
LOAD /home/tim/opt/gcc-arm-none-eabi-6-2017-q2-update/bin/../lib/gcc/arm-none-eabi/6.3.1/../../../../arm-none-eabi/lib/thumb/v7e-m/fpv4-sp/hard/libc.a
END GROUP
LOAD /home/tim/opt/gcc-arm-none-eabi-6-2017-q2-update/bin/../lib/gcc/arm-none-eabi/6.3.1/thumb/v7e-m/fpv4-sp/hard/crtend.o
LOAD /home/tim/opt/gcc-arm-none-eabi-6-2017-q2-update/bin/../lib/gcc/arm-none-eabi/6.3.1/thumb/v7e-m/fpv4-sp/hard/crtn.o
START GROUP
LOAD /home/tim/opt/gcc-arm-none-eabi-6-2017-q2-update/bin/../lib/gcc/arm-none-eabi/6.3.1/thumb/v7e-m/fpv4-sp/hard/libgcc.a
LOAD /home/tim/opt/gcc-arm-none-eabi-6-2017-q2-update/bin/../lib/gcc/arm-none-eabi/6.3.1/../../../../arm-none-eabi/lib/thumb/v7e-m/fpv4-sp/hard/libc.a
LOAD /home/tim/opt/gcc-arm-none-eabi-6-2017-q2-update/bin/../lib/gcc/arm-none-eabi/6.3.1/../../../../arm-none-eabi/lib/thumb/v7e-m/fpv4-sp/hard/libnosys.a
END GROUP
                0x0000000000001000                FLASH_PAGE_SIZE = 0x1000
                0x0000000000000004                FLASH_DATA_PAGES_USED = 0x4

.igot.plt       0x00000000200009c4        0x0 load address 0x00000000000094e4
 .igot.plt      0x00000000200009c4        0x0 /home/tim/opt/gcc-arm-none-eabi-6-2017-q2-update/bin/../lib/gcc/arm-none-eabi/6.3.1/thumb/v7e-m/fpv4-sp/hard/crtbegin.o
                0x00000000200009c4                . = ALIGN (0x4)

.svc_data       0x00000000200009c4        0x0
                [!provide]                        PROVIDE (__start_svc_data, .)
 *(.svc_data)
                [!provide]                        PROVIDE (__stop_svc_data, .)

.fs_data        0x00000000200009c4        0x0
                [!provide]                        PROVIDE (__start_fs_data, .)
 *(.fs_data)
                [!provide]                        PROVIDE (__stop_fs_data, .)

.log_dynamic_data
                0x00000000200009c4       0x30 load address 0x00000000000094e4
                0x00000000200009c4                PROVIDE (__start_log_dynamic_data, .)
 *(SORT(.log_dynamic_data*))
 .log_dynamic_data_GPIOTE
                0x00000000200009c4        0x4 _build/nrfx_gpiote.o
                0x00000000200009c4                m_nrf_log_GPIOTE_logs_data_dynamic
 .log_dynamic_data_PRS
                0x00000000200009c8        0x4 _build/nrfx_prs.o
                0x00000000200009c8                m_nrf_log_PRS_logs_data_dynamic
 .log_dynamic_data_SAADC
                0x00000000200009cc        0x4 _build/nrfx_saadc.o
                0x00000000200009cc                m_nrf_log_SAADC_logs_data_dynamic
 .log_dynamic_data_SPIM
                0x00000000200009d0        0x4 _build/nrfx_spim.o
                0x00000000200009d0                m_nrf_log_SPIM_logs_data_dynamic
 .log_dynamic_data_TIMER
                0x00000000200009d4        0x4 _build/nrfx_timer.o
                0x00000000200009d4                m_nrf_log_TIMER_logs_data_dynamic
 .log_dynamic_data_TWIM
                0x00000000200009d8        0x4 _build/nrfx_twim.o
                0x00000000200009d8                m_nrf_log_TWIM_logs_data_dynamic
 .log_dynamic_data_UART
                0x00000000200009dc        0x4 _build/nrfx_uart.o
                0x00000000200009dc                m_nrf_log_UART_logs_data_dynamic
 .log_dynamic_data_UARTE
                0x00000000200009e0        0x4 _build/nrfx_uarte.o
                0x00000000200009e0                m_nrf_log_UARTE_logs_data_dynamic
 .log_dynamic_data_app
                0x00000000200009e4        0x4 _build/nrf_log_frontend.o
                0x00000000200009e4                m_nrf_log_app_logs_data_dynamic
 .log_dynamic_data_balloc_log_mempool
                0x00000000200009e8        0x4 _build/nrf_log_frontend.o
                0x00000000200009e8                m_nrf_log_balloc_log_mempool_logs_data_dynamic
 .log_dynamic_data_hardfault
                0x00000000200009ec        0x4 _build/hardfault_implementation.o
                0x00000000200009ec                m_nrf_log_hardfault_logs_data_dynamic
 .log_dynamic_data_pwr_mgmt
                0x00000000200009f0        0x4 _build/nrf_pwr_mgmt.o
                0x00000000200009f0                m_nrf_log_pwr_mgmt_logs_data_dynamic
                [!provide]                        PROVIDE (__stop_log_dynamic_data, .)

.cli_sorted_cmd_ptrs
                0x00000000200009f4        0x0
                [!provide]                        PROVIDE (__start_cli_sorted_cmd_ptrs, .)
 *(.cli_sorted_cmd_ptrs)
                [!provide]                        PROVIDE (__stop_cli_sorted_cmd_ptrs, .)

.bss            0x00000000200009f4      0xa34 load address 0x0000000000009514
                0x00000000200009f4                . = ALIGN (0x4)
                0x00000000200009f4                __bss_start__ = .
 *(.bss*)
 .bss           0x00000000200009f4       0x1c /home/tim/opt/gcc-arm-none-eabi-6-2017-q2-update/bin/../lib/gcc/arm-none-eabi/6.3.1/thumb/v7e-m/fpv4-sp/hard/crtbegin.o
 .bss.m_op_queue
                0x0000000020000a10      0x10c _build/app_timer.o
 .bss.m_rtc1_reset
                0x0000000020000b1c        0x1 _build/app_timer.o
 .bss.m_rtc1_running
                0x0000000020000b1d        0x1 _build/app_timer.o
 *fill*         0x0000000020000b1e        0x2 
 .bss.m_ticks_elapsed
                0x0000000020000b20        0x8 _build/app_timer.o
 .bss.m_ticks_elapsed_q_read_ind
                0x0000000020000b28        0x1 _build/app_timer.o
 .bss.m_ticks_elapsed_q_write_ind
                0x0000000020000b29        0x1 _build/app_timer.o
 *fill*         0x0000000020000b2a        0x2 
 .bss.m_ticks_latest
                0x0000000020000b2c        0x4 _build/app_timer.o
 .bss.mp_timer_id_head
                0x0000000020000b30        0x4 _build/app_timer.o
 .bss.m_in_critical_region
                0x0000000020000b34        0x4 _build/app_util_platform.o
 .bss.log_mempool_nrf_balloc_cb
                0x0000000020000b38        0x8 _build/nrf_log_frontend.o
 .bss.log_mempool_nrf_balloc_pool_mem
                0x0000000020000b40       0xc0 _build/nrf_log_frontend.o
 .bss.log_mempool_nrf_balloc_pool_stack
                0x0000000020000c00        0x8 _build/nrf_log_frontend.o
 .bss.m_log_data
                0x0000000020000c08      0x424 _build/nrf_log_frontend.o
 .bss.m_cb      0x000000002000102c       0x6c _build/nrfx_gpiote.o
 .bss.m_prs_box_4
                0x0000000020001098        0x8 _build/nrfx_prs.o
 .bss.m_cb      0x00000000200010a0       0x30 _build/nrfx_saadc.o
 .bss.m_cb      0x00000000200010d0       0x24 _build/nrfx_spim.o
 .bss.m_cb      0x00000000200010f4       0x18 _build/nrfx_timer.o
 .bss.m_cb      0x000000002000110c       0x34 _build/nrfx_twim.o
 .bss._acDownBuffer
                0x0000000020001140       0x10 _build/SEGGER_RTT.o
 .bss._acUpBuffer
                0x0000000020001150      0x200 _build/SEGGER_RTT.o
 .bss.__malloc_current_mallinfo
                0x0000000020001350       0x28 /home/tim/opt/gcc-arm-none-eabi-6-2017-q2-update/bin/../lib/gcc/arm-none-eabi/6.3.1/../../../../arm-none-eabi/lib/thumb/v7e-m/fpv4-sp/hard/libc.a(lib_a-mallocr.o)
                0x0000000020001350                __malloc_current_mallinfo
 .bss.__malloc_max_sbrked_mem
                0x0000000020001378        0x4 /home/tim/opt/gcc-arm-none-eabi-6-2017-q2-update/bin/../lib/gcc/arm-none-eabi/6.3.1/../../../../arm-none-eabi/lib/thumb/v7e-m/fpv4-sp/hard/libc.a(lib_a-mallocr.o)
                0x0000000020001378                __malloc_max_sbrked_mem
 .bss.__malloc_max_total_mem
                0x000000002000137c        0x4 /home/tim/opt/gcc-arm-none-eabi-6-2017-q2-update/bin/../lib/gcc/arm-none-eabi/6.3.1/../../../../arm-none-eabi/lib/thumb/v7e-m/fpv4-sp/hard/libc.a(lib_a-mallocr.o)
                0x000000002000137c                __malloc_max_total_mem
 .bss.__malloc_top_pad
                0x0000000020001380        0x4 /home/tim/opt/gcc-arm-none-eabi-6-2017-q2-update/bin/../lib/gcc/arm-none-eabi/6.3.1/../../../../arm-none-eabi/lib/thumb/v7e-m/fpv4-sp/hard/libc.a(lib_a-mallocr.o)
                0x0000000020001380                __malloc_top_pad
 .bss.heap_end.5239
                0x0000000020001384        0x4 /home/tim/opt/gcc-arm-none-eabi-6-2017-q2-update/bin/../lib/gcc/arm-none-eabi/6.3.1/../../../../arm-none-eabi/lib/thumb/v7e-m/fpv4-sp/hard/libnosys.a(sbrk.o)
 *(COMMON)
 COMMON         0x0000000020001388       0x78 _build/SEGGER_RTT.o
                0x0000000020001388                _SEGGER_RTT
 COMMON         0x0000000020001400       0x21 /home/tim/opt/gcc-arm-none-eabi-6-2017-q2-update/bin/../lib/gcc/arm-none-eabi/6.3.1/../../../../arm-none-eabi/lib/thumb/v7e-m/fpv4-sp/hard/libc.a(lib_a-lock.o)
                0x0000000020001400                __lock___atexit_recursive_mutex
                0x0000000020001404                __lock___arc4random_mutex
                0x0000000020001408                __lock___env_recursive_mutex
                0x000000002000140c                __lock___sinit_recursive_mutex
                0x0000000020001410                __lock___malloc_recursive_mutex
                0x0000000020001414                __lock___at_quick_exit_mutex
                0x0000000020001418                __lock___dd_hash_mutex
                0x000000002000141c                __lock___tz_mutex
                0x0000000020001420                __lock___sfp_recursive_mutex
 *fill*         0x0000000020001421        0x3 
 COMMON         0x0000000020001424        0x4 /home/tim/opt/gcc-arm-none-eabi-6-2017-q2-update/bin/../lib/gcc/arm-none-eabi/6.3.1/../../../../arm-none-eabi/lib/thumb/v7e-m/fpv4-sp/hard/libc.a(lib_a-reent.o)
                0x0000000020001424                errno
                0x0000000020001428                . = ALIGN (0x4)
                0x0000000020001428                __bss_end__ = .

.heap           0x0000000020001428     0x2000
                0x0000000020001428                __HeapBase = .
                0x0000000020001428                __end__ = .
                0x0000000020001428                PROVIDE (end, .)
 *(.heap*)
 .heap          0x0000000020001428     0x2000 _build/gcc_startup_nrf52840.os
                0x0000000020003428                __HeapLimit = .

.stack_dummy    0x0000000020001428     0x2000
 *(.stack*)
 .stack         0x0000000020001428     0x2000 _build/gcc_startup_nrf52840.os
                0x0000000020040000                __StackTop = (ORIGIN (RAM) + LENGTH (RAM))
                0x000000002003e000                __StackLimit = (__StackTop - SIZEOF (.stack_dummy))
                0x0000000020040000                PROVIDE (__stack, __StackTop)
                0x0000000000000001                ASSERT ((__StackLimit >= __HeapLimit), region RAM overflowed with stack)
                0x00000000000009f4                DataInitFlashUsed = (__bss_start__ - __data_start__)
                0x0000000000008b20                CodeFlashUsed = (__etext - ORIGIN (FLASH))
                0x0000000000009514                TotalFlashUsed = (CodeFlashUsed + DataInitFlashUsed)
                0x0000000000000001                ASSERT ((TotalFlashUsed <= LENGTH (FLASH)), region FLASH overflowed with .data and user data)
OUTPUT(_build/light_sensor_sdk15_blank.elf elf32-littlearm)

.ARM.attributes
                0x0000000000000000       0x30
 .ARM.attributes
                0x0000000000000000       0x22 /home/tim/opt/gcc-arm-none-eabi-6-2017-q2-update/bin/../lib/gcc/arm-none-eabi/6.3.1/thumb/v7e-m/fpv4-sp/hard/crti.o
 .ARM.attributes
                0x0000000000000022       0x34 /home/tim/opt/gcc-arm-none-eabi-6-2017-q2-update/bin/../lib/gcc/arm-none-eabi/6.3.1/thumb/v7e-m/fpv4-sp/hard/crtbegin.o
 .ARM.attributes
                0x0000000000000056       0x20 /home/tim/opt/gcc-arm-none-eabi-6-2017-q2-update/bin/../lib/gcc/arm-none-eabi/6.3.1/../../../../arm-none-eabi/lib/thumb/v7e-m/fpv4-sp/hard/crt0.o
 .ARM.attributes
                0x0000000000000076       0x39 _build/better_error_handling.o
 .ARM.attributes
                0x00000000000000af       0x39 _build/app_timer.o
 .ARM.attributes
                0x00000000000000e8       0x39 _build/app_util_platform.o
 .ARM.attributes
                0x0000000000000121       0x39 _build/before_startup.o
 .ARM.attributes
                0x000000000000015a       0x39 _build/hardfault_handler_gcc.o
 .ARM.attributes
                0x0000000000000193       0x39 _build/hardfault_implementation.o
 .ARM.attributes
                0x00000000000001cc       0x39 _build/nrf_assert.o
 .ARM.attributes
                0x0000000000000205       0x39 _build/nrf_atomic.o
 .ARM.attributes
                0x000000000000023e       0x39 _build/nrf_balloc.o
 .ARM.attributes
                0x0000000000000277       0x39 _build/nrf_log_frontend.o
 .ARM.attributes
                0x00000000000002b0       0x39 _build/nrf_pwr_mgmt.o
 .ARM.attributes
                0x00000000000002e9       0x39 _build/nrf_memobj.o
 .ARM.attributes
                0x0000000000000322       0x39 _build/nrf_strerror.o
 .ARM.attributes
                0x000000000000035b       0x39 _build/nrfx_gpiote.o
 .ARM.attributes
                0x0000000000000394       0x39 _build/nrfx_prs.o
 .ARM.attributes
                0x00000000000003cd       0x39 _build/nrfx_saadc.o
 .ARM.attributes
                0x0000000000000406       0x39 _build/nrfx_spim.o
 .ARM.attributes
                0x000000000000043f       0x39 _build/nrfx_timer.o
 .ARM.attributes
                0x0000000000000478       0x39 _build/nrfx_twim.o
 .ARM.attributes
                0x00000000000004b1       0x39 _build/nrfx_uart.o
 .ARM.attributes
                0x00000000000004ea       0x39 _build/nrfx_uarte.o
 .ARM.attributes
                0x0000000000000523       0x39 _build/SEGGER_RTT.o
 .ARM.attributes
                0x000000000000055c       0x39 _build/SEGGER_RTT_Syscalls_GCC.o
 .ARM.attributes
                0x0000000000000595       0x39 _build/system_nrf52840.o
 .ARM.attributes
                0x00000000000005ce       0x1c _build/gcc_startup_nrf52840.os
 .ARM.attributes
                0x00000000000005ea       0x34 /home/tim/opt/gcc-arm-none-eabi-6-2017-q2-update/bin/../lib/gcc/arm-none-eabi/6.3.1/../../../../arm-none-eabi/lib/thumb/v7e-m/fpv4-sp/hard/libc.a(lib_a-exit.o)
 .ARM.attributes
                0x000000000000061e       0x34 /home/tim/opt/gcc-arm-none-eabi-6-2017-q2-update/bin/../lib/gcc/arm-none-eabi/6.3.1/../../../../arm-none-eabi/lib/thumb/v7e-m/fpv4-sp/hard/libc.a(lib_a-impure.o)
 .ARM.attributes
                0x0000000000000652       0x34 /home/tim/opt/gcc-arm-none-eabi-6-2017-q2-update/bin/../lib/gcc/arm-none-eabi/6.3.1/../../../../arm-none-eabi/lib/thumb/v7e-m/fpv4-sp/hard/libc.a(lib_a-init.o)
 .ARM.attributes
                0x0000000000000686       0x34 /home/tim/opt/gcc-arm-none-eabi-6-2017-q2-update/bin/../lib/gcc/arm-none-eabi/6.3.1/../../../../arm-none-eabi/lib/thumb/v7e-m/fpv4-sp/hard/libc.a(lib_a-locale.o)
 .ARM.attributes
                0x00000000000006ba       0x34 /home/tim/opt/gcc-arm-none-eabi-6-2017-q2-update/bin/../lib/gcc/arm-none-eabi/6.3.1/../../../../arm-none-eabi/lib/thumb/v7e-m/fpv4-sp/hard/libc.a(lib_a-mbtowc_r.o)
 .ARM.attributes
                0x00000000000006ee       0x20 /home/tim/opt/gcc-arm-none-eabi-6-2017-q2-update/bin/../lib/gcc/arm-none-eabi/6.3.1/../../../../arm-none-eabi/lib/thumb/v7e-m/fpv4-sp/hard/libc.a(lib_a-memcpy.o)
 .ARM.attributes
                0x000000000000070e       0x34 /home/tim/opt/gcc-arm-none-eabi-6-2017-q2-update/bin/../lib/gcc/arm-none-eabi/6.3.1/../../../../arm-none-eabi/lib/thumb/v7e-m/fpv4-sp/hard/libc.a(lib_a-memset.o)
 .ARM.attributes
                0x0000000000000742       0x34 /home/tim/opt/gcc-arm-none-eabi-6-2017-q2-update/bin/../lib/gcc/arm-none-eabi/6.3.1/../../../../arm-none-eabi/lib/thumb/v7e-m/fpv4-sp/hard/libc.a(lib_a-printf.o)
 .ARM.attributes
                0x0000000000000776       0x34 /home/tim/opt/gcc-arm-none-eabi-6-2017-q2-update/bin/../lib/gcc/arm-none-eabi/6.3.1/../../../../arm-none-eabi/lib/thumb/v7e-m/fpv4-sp/hard/libc.a(lib_a-puts.o)
 .ARM.attributes
                0x00000000000007aa       0x34 /home/tim/opt/gcc-arm-none-eabi-6-2017-q2-update/bin/../lib/gcc/arm-none-eabi/6.3.1/../../../../arm-none-eabi/lib/thumb/v7e-m/fpv4-sp/hard/libc.a(lib_a-setbuf.o)
 .ARM.attributes
                0x00000000000007de       0x34 /home/tim/opt/gcc-arm-none-eabi-6-2017-q2-update/bin/../lib/gcc/arm-none-eabi/6.3.1/../../../../arm-none-eabi/lib/thumb/v7e-m/fpv4-sp/hard/libc.a(lib_a-setvbuf.o)
 .ARM.attributes
                0x0000000000000812       0x34 /home/tim/opt/gcc-arm-none-eabi-6-2017-q2-update/bin/../lib/gcc/arm-none-eabi/6.3.1/../../../../arm-none-eabi/lib/thumb/v7e-m/fpv4-sp/hard/libc.a(lib_a-strcpy.o)
 .ARM.attributes
                0x0000000000000846       0x20 /home/tim/opt/gcc-arm-none-eabi-6-2017-q2-update/bin/../lib/gcc/arm-none-eabi/6.3.1/../../../../arm-none-eabi/lib/thumb/v7e-m/fpv4-sp/hard/libc.a(lib_a-strlen.o)
 .ARM.attributes
                0x0000000000000866       0x34 /home/tim/opt/gcc-arm-none-eabi-6-2017-q2-update/bin/../lib/gcc/arm-none-eabi/6.3.1/../../../../arm-none-eabi/lib/thumb/v7e-m/fpv4-sp/hard/libc.a(lib_a-vfprintf.o)
 .ARM.attributes
                0x000000000000089a       0x34 /home/tim/opt/gcc-arm-none-eabi-6-2017-q2-update/bin/../lib/gcc/arm-none-eabi/6.3.1/../../../../arm-none-eabi/lib/thumb/v7e-m/fpv4-sp/hard/libc.a(lib_a-wctomb_r.o)
 .ARM.attributes
                0x00000000000008ce       0x34 /home/tim/opt/gcc-arm-none-eabi-6-2017-q2-update/bin/../lib/gcc/arm-none-eabi/6.3.1/../../../../arm-none-eabi/lib/thumb/v7e-m/fpv4-sp/hard/libc.a(lib_a-wsetup.o)
 .ARM.attributes
                0x0000000000000902       0x34 /home/tim/opt/gcc-arm-none-eabi-6-2017-q2-update/bin/../lib/gcc/arm-none-eabi/6.3.1/../../../../arm-none-eabi/lib/thumb/v7e-m/fpv4-sp/hard/libc.a(lib_a-__call_atexit.o)
 .ARM.attributes
                0x0000000000000936       0x34 /home/tim/opt/gcc-arm-none-eabi-6-2017-q2-update/bin/../lib/gcc/arm-none-eabi/6.3.1/../../../../arm-none-eabi/lib/thumb/v7e-m/fpv4-sp/hard/libc.a(lib_a-atexit.o)
 .ARM.attributes
                0x000000000000096a       0x34 /home/tim/opt/gcc-arm-none-eabi-6-2017-q2-update/bin/../lib/gcc/arm-none-eabi/6.3.1/../../../../arm-none-eabi/lib/thumb/v7e-m/fpv4-sp/hard/libc.a(lib_a-ctype_.o)
 .ARM.attributes
                0x000000000000099e       0x34 /home/tim/opt/gcc-arm-none-eabi-6-2017-q2-update/bin/../lib/gcc/arm-none-eabi/6.3.1/../../../../arm-none-eabi/lib/thumb/v7e-m/fpv4-sp/hard/libc.a(lib_a-dtoa.o)
 .ARM.attributes
                0x00000000000009d2       0x34 /home/tim/opt/gcc-arm-none-eabi-6-2017-q2-update/bin/../lib/gcc/arm-none-eabi/6.3.1/../../../../arm-none-eabi/lib/thumb/v7e-m/fpv4-sp/hard/libc.a(lib_a-fflush.o)
 .ARM.attributes
                0x0000000000000a06       0x34 /home/tim/opt/gcc-arm-none-eabi-6-2017-q2-update/bin/../lib/gcc/arm-none-eabi/6.3.1/../../../../arm-none-eabi/lib/thumb/v7e-m/fpv4-sp/hard/libc.a(lib_a-findfp.o)
 .ARM.attributes
                0x0000000000000a3a       0x34 /home/tim/opt/gcc-arm-none-eabi-6-2017-q2-update/bin/../lib/gcc/arm-none-eabi/6.3.1/../../../../arm-none-eabi/lib/thumb/v7e-m/fpv4-sp/hard/libc.a(lib_a-fini.o)
 .ARM.attributes
                0x0000000000000a6e       0x34 /home/tim/opt/gcc-arm-none-eabi-6-2017-q2-update/bin/../lib/gcc/arm-none-eabi/6.3.1/../../../../arm-none-eabi/lib/thumb/v7e-m/fpv4-sp/hard/libc.a(lib_a-freer.o)
 .ARM.attributes
                0x0000000000000aa2       0x34 /home/tim/opt/gcc-arm-none-eabi-6-2017-q2-update/bin/../lib/gcc/arm-none-eabi/6.3.1/../../../../arm-none-eabi/lib/thumb/v7e-m/fpv4-sp/hard/libc.a(lib_a-fvwrite.o)
 .ARM.attributes
                0x0000000000000ad6       0x34 /home/tim/opt/gcc-arm-none-eabi-6-2017-q2-update/bin/../lib/gcc/arm-none-eabi/6.3.1/../../../../arm-none-eabi/lib/thumb/v7e-m/fpv4-sp/hard/libc.a(lib_a-fwalk.o)
 .ARM.attributes
                0x0000000000000b0a       0x34 /home/tim/opt/gcc-arm-none-eabi-6-2017-q2-update/bin/../lib/gcc/arm-none-eabi/6.3.1/../../../../arm-none-eabi/lib/thumb/v7e-m/fpv4-sp/hard/libc.a(lib_a-localeconv.o)
 .ARM.attributes
                0x0000000000000b3e       0x34 /home/tim/opt/gcc-arm-none-eabi-6-2017-q2-update/bin/../lib/gcc/arm-none-eabi/6.3.1/../../../../arm-none-eabi/lib/thumb/v7e-m/fpv4-sp/hard/libc.a(lib_a-lock.o)
 .ARM.attributes
                0x0000000000000b72       0x34 /home/tim/opt/gcc-arm-none-eabi-6-2017-q2-update/bin/../lib/gcc/arm-none-eabi/6.3.1/../../../../arm-none-eabi/lib/thumb/v7e-m/fpv4-sp/hard/libc.a(lib_a-makebuf.o)
 .ARM.attributes
                0x0000000000000ba6       0x34 /home/tim/opt/gcc-arm-none-eabi-6-2017-q2-update/bin/../lib/gcc/arm-none-eabi/6.3.1/../../../../arm-none-eabi/lib/thumb/v7e-m/fpv4-sp/hard/libc.a(lib_a-malloc.o)
 .ARM.attributes
                0x0000000000000bda       0x34 /home/tim/opt/gcc-arm-none-eabi-6-2017-q2-update/bin/../lib/gcc/arm-none-eabi/6.3.1/../../../../arm-none-eabi/lib/thumb/v7e-m/fpv4-sp/hard/libc.a(lib_a-mallocr.o)
 .ARM.attributes
                0x0000000000000c0e       0x20 /home/tim/opt/gcc-arm-none-eabi-6-2017-q2-update/bin/../lib/gcc/arm-none-eabi/6.3.1/../../../../arm-none-eabi/lib/thumb/v7e-m/fpv4-sp/hard/libc.a(lib_a-memchr.o)
 .ARM.attributes
                0x0000000000000c2e       0x34 /home/tim/opt/gcc-arm-none-eabi-6-2017-q2-update/bin/../lib/gcc/arm-none-eabi/6.3.1/../../../../arm-none-eabi/lib/thumb/v7e-m/fpv4-sp/hard/libc.a(lib_a-memmove.o)
 .ARM.attributes
                0x0000000000000c62       0x34 /home/tim/opt/gcc-arm-none-eabi-6-2017-q2-update/bin/../lib/gcc/arm-none-eabi/6.3.1/../../../../arm-none-eabi/lib/thumb/v7e-m/fpv4-sp/hard/libc.a(lib_a-mlock.o)
 .ARM.attributes
                0x0000000000000c96       0x34 /home/tim/opt/gcc-arm-none-eabi-6-2017-q2-update/bin/../lib/gcc/arm-none-eabi/6.3.1/../../../../arm-none-eabi/lib/thumb/v7e-m/fpv4-sp/hard/libc.a(lib_a-mprec.o)
 .ARM.attributes
                0x0000000000000cca       0x34 /home/tim/opt/gcc-arm-none-eabi-6-2017-q2-update/bin/../lib/gcc/arm-none-eabi/6.3.1/../../../../arm-none-eabi/lib/thumb/v7e-m/fpv4-sp/hard/libc.a(lib_a-reallocr.o)
 .ARM.attributes
                0x0000000000000cfe       0x34 /home/tim/opt/gcc-arm-none-eabi-6-2017-q2-update/bin/../lib/gcc/arm-none-eabi/6.3.1/../../../../arm-none-eabi/lib/thumb/v7e-m/fpv4-sp/hard/libc.a(lib_a-sbrkr.o)
 .ARM.attributes
                0x0000000000000d32       0x34 /home/tim/opt/gcc-arm-none-eabi-6-2017-q2-update/bin/../lib/gcc/arm-none-eabi/6.3.1/../../../../arm-none-eabi/lib/thumb/v7e-m/fpv4-sp/hard/libc.a(lib_a-stdio.o)
 .ARM.attributes
                0x0000000000000d66       0x34 /home/tim/opt/gcc-arm-none-eabi-6-2017-q2-update/bin/../lib/gcc/arm-none-eabi/6.3.1/../../../../arm-none-eabi/lib/thumb/v7e-m/fpv4-sp/hard/libc.a(lib_a-vfiprintf.o)
 .ARM.attributes
                0x0000000000000d9a       0x34 /home/tim/opt/gcc-arm-none-eabi-6-2017-q2-update/bin/../lib/gcc/arm-none-eabi/6.3.1/../../../../arm-none-eabi/lib/thumb/v7e-m/fpv4-sp/hard/libc.a(lib_a-__atexit.o)
 .ARM.attributes
                0x0000000000000dce       0x34 /home/tim/opt/gcc-arm-none-eabi-6-2017-q2-update/bin/../lib/gcc/arm-none-eabi/6.3.1/../../../../arm-none-eabi/lib/thumb/v7e-m/fpv4-sp/hard/libc.a(lib_a-callocr.o)
 .ARM.attributes
                0x0000000000000e02       0x34 /home/tim/opt/gcc-arm-none-eabi-6-2017-q2-update/bin/../lib/gcc/arm-none-eabi/6.3.1/../../../../arm-none-eabi/lib/thumb/v7e-m/fpv4-sp/hard/libc.a(lib_a-closer.o)
 .ARM.attributes
                0x0000000000000e36       0x34 /home/tim/opt/gcc-arm-none-eabi-6-2017-q2-update/bin/../lib/gcc/arm-none-eabi/6.3.1/../../../../arm-none-eabi/lib/thumb/v7e-m/fpv4-sp/hard/libc.a(lib_a-fclose.o)
 .ARM.attributes
                0x0000000000000e6a       0x34 /home/tim/opt/gcc-arm-none-eabi-6-2017-q2-update/bin/../lib/gcc/arm-none-eabi/6.3.1/../../../../arm-none-eabi/lib/thumb/v7e-m/fpv4-sp/hard/libc.a(lib_a-fputwc.o)
 .ARM.attributes
                0x0000000000000e9e       0x34 /home/tim/opt/gcc-arm-none-eabi-6-2017-q2-update/bin/../lib/gcc/arm-none-eabi/6.3.1/../../../../arm-none-eabi/lib/thumb/v7e-m/fpv4-sp/hard/libc.a(lib_a-fstatr.o)
 .ARM.attributes
                0x0000000000000ed2       0x34 /home/tim/opt/gcc-arm-none-eabi-6-2017-q2-update/bin/../lib/gcc/arm-none-eabi/6.3.1/../../../../arm-none-eabi/lib/thumb/v7e-m/fpv4-sp/hard/libc.a(lib_a-isattyr.o)
 .ARM.attributes
                0x0000000000000f06       0x34 /home/tim/opt/gcc-arm-none-eabi-6-2017-q2-update/bin/../lib/gcc/arm-none-eabi/6.3.1/../../../../arm-none-eabi/lib/thumb/v7e-m/fpv4-sp/hard/libc.a(lib_a-lseekr.o)
 .ARM.attributes
                0x0000000000000f3a       0x34 /home/tim/opt/gcc-arm-none-eabi-6-2017-q2-update/bin/../lib/gcc/arm-none-eabi/6.3.1/../../../../arm-none-eabi/lib/thumb/v7e-m/fpv4-sp/hard/libc.a(lib_a-readr.o)
 .ARM.attributes
                0x0000000000000f6e       0x34 /home/tim/opt/gcc-arm-none-eabi-6-2017-q2-update/bin/../lib/gcc/arm-none-eabi/6.3.1/../../../../arm-none-eabi/lib/thumb/v7e-m/fpv4-sp/hard/libc.a(lib_a-reent.o)
 .ARM.attributes
                0x0000000000000fa2       0x34 /home/tim/opt/gcc-arm-none-eabi-6-2017-q2-update/bin/../lib/gcc/arm-none-eabi/6.3.1/../../../../arm-none-eabi/lib/thumb/v7e-m/fpv4-sp/hard/libc.a(lib_a-wbuf.o)
 .ARM.attributes
                0x0000000000000fd6       0x34 /home/tim/opt/gcc-arm-none-eabi-6-2017-q2-update/bin/../lib/gcc/arm-none-eabi/6.3.1/../../../../arm-none-eabi/lib/thumb/v7e-m/fpv4-sp/hard/libc.a(lib_a-wcrtomb.o)
 .ARM.attributes
                0x000000000000100a       0x34 /home/tim/opt/gcc-arm-none-eabi-6-2017-q2-update/bin/../lib/gcc/arm-none-eabi/6.3.1/../../../../arm-none-eabi/lib/thumb/v7e-m/fpv4-sp/hard/libnosys.a(close.o)
 .ARM.attributes
                0x000000000000103e       0x34 /home/tim/opt/gcc-arm-none-eabi-6-2017-q2-update/bin/../lib/gcc/arm-none-eabi/6.3.1/../../../../arm-none-eabi/lib/thumb/v7e-m/fpv4-sp/hard/libnosys.a(fstat.o)
 .ARM.attributes
                0x0000000000001072       0x34 /home/tim/opt/gcc-arm-none-eabi-6-2017-q2-update/bin/../lib/gcc/arm-none-eabi/6.3.1/../../../../arm-none-eabi/lib/thumb/v7e-m/fpv4-sp/hard/libnosys.a(isatty.o)
 .ARM.attributes
                0x00000000000010a6       0x34 /home/tim/opt/gcc-arm-none-eabi-6-2017-q2-update/bin/../lib/gcc/arm-none-eabi/6.3.1/../../../../arm-none-eabi/lib/thumb/v7e-m/fpv4-sp/hard/libnosys.a(lseek.o)
 .ARM.attributes
                0x00000000000010da       0x34 /home/tim/opt/gcc-arm-none-eabi-6-2017-q2-update/bin/../lib/gcc/arm-none-eabi/6.3.1/../../../../arm-none-eabi/lib/thumb/v7e-m/fpv4-sp/hard/libnosys.a(read.o)
 .ARM.attributes
                0x000000000000110e       0x34 /home/tim/opt/gcc-arm-none-eabi-6-2017-q2-update/bin/../lib/gcc/arm-none-eabi/6.3.1/../../../../arm-none-eabi/lib/thumb/v7e-m/fpv4-sp/hard/libnosys.a(sbrk.o)
 .ARM.attributes
                0x0000000000001142       0x34 /home/tim/opt/gcc-arm-none-eabi-6-2017-q2-update/bin/../lib/gcc/arm-none-eabi/6.3.1/../../../../arm-none-eabi/lib/thumb/v7e-m/fpv4-sp/hard/libnosys.a(_exit.o)
 .ARM.attributes
                0x0000000000001176       0x22 /home/tim/opt/gcc-arm-none-eabi-6-2017-q2-update/bin/../lib/gcc/arm-none-eabi/6.3.1/thumb/v7e-m/fpv4-sp/hard/libgcc.a(_arm_addsubdf3.o)
 .ARM.attributes
                0x0000000000001198       0x22 /home/tim/opt/gcc-arm-none-eabi-6-2017-q2-update/bin/../lib/gcc/arm-none-eabi/6.3.1/thumb/v7e-m/fpv4-sp/hard/libgcc.a(_arm_muldivdf3.o)
 .ARM.attributes
                0x00000000000011ba       0x22 /home/tim/opt/gcc-arm-none-eabi-6-2017-q2-update/bin/../lib/gcc/arm-none-eabi/6.3.1/thumb/v7e-m/fpv4-sp/hard/libgcc.a(_arm_cmpdf2.o)
 .ARM.attributes
                0x00000000000011dc       0x22 /home/tim/opt/gcc-arm-none-eabi-6-2017-q2-update/bin/../lib/gcc/arm-none-eabi/6.3.1/thumb/v7e-m/fpv4-sp/hard/libgcc.a(_arm_unorddf2.o)
 .ARM.attributes
                0x00000000000011fe       0x22 /home/tim/opt/gcc-arm-none-eabi-6-2017-q2-update/bin/../lib/gcc/arm-none-eabi/6.3.1/thumb/v7e-m/fpv4-sp/hard/libgcc.a(_arm_fixdfsi.o)
 .ARM.attributes
                0x0000000000001220       0x22 /home/tim/opt/gcc-arm-none-eabi-6-2017-q2-update/bin/../lib/gcc/arm-none-eabi/6.3.1/thumb/v7e-m/fpv4-sp/hard/libgcc.a(_aeabi_uldivmod.o)
 .ARM.attributes
                0x0000000000001242       0x34 /home/tim/opt/gcc-arm-none-eabi-6-2017-q2-update/bin/../lib/gcc/arm-none-eabi/6.3.1/thumb/v7e-m/fpv4-sp/hard/libgcc.a(_udivmoddi4.o)
 .ARM.attributes
                0x0000000000001276       0x22 /home/tim/opt/gcc-arm-none-eabi-6-2017-q2-update/bin/../lib/gcc/arm-none-eabi/6.3.1/thumb/v7e-m/fpv4-sp/hard/libgcc.a(_dvmd_tls.o)
 .ARM.attributes
                0x0000000000001298       0x34 /home/tim/opt/gcc-arm-none-eabi-6-2017-q2-update/bin/../lib/gcc/arm-none-eabi/6.3.1/thumb/v7e-m/fpv4-sp/hard/crtend.o
 .ARM.attributes
                0x00000000000012cc       0x22 /home/tim/opt/gcc-arm-none-eabi-6-2017-q2-update/bin/../lib/gcc/arm-none-eabi/6.3.1/thumb/v7e-m/fpv4-sp/hard/crtn.o

.comment        0x0000000000000000       0x7f