Archive member included to satisfy reference by file (symbol)

/usr/lib/gcc/arm-none-eabi/6.3.1/../../../arm-none-eabi/lib/libc.a(lib_a-atexit.o)
                              /usr/lib/gcc/arm-none-eabi/6.3.1/../../../arm-none-eabi/lib/crt0.o (atexit)
/usr/lib/gcc/arm-none-eabi/6.3.1/../../../arm-none-eabi/lib/libc.a(lib_a-ctype_.o)
                              _build/nrf_log_str_formatter.o (__ctype_ptr__)
/usr/lib/gcc/arm-none-eabi/6.3.1/../../../arm-none-eabi/lib/libc.a(lib_a-exit.o)
                              /usr/lib/gcc/arm-none-eabi/6.3.1/../../../arm-none-eabi/lib/crt0.o (exit)
/usr/lib/gcc/arm-none-eabi/6.3.1/../../../arm-none-eabi/lib/libc.a(lib_a-fini.o)
                              /usr/lib/gcc/arm-none-eabi/6.3.1/../../../arm-none-eabi/lib/crt0.o (__libc_fini_array)
/usr/lib/gcc/arm-none-eabi/6.3.1/../../../arm-none-eabi/lib/libc.a(lib_a-impure.o)
                              /usr/lib/gcc/arm-none-eabi/6.3.1/../../../arm-none-eabi/lib/libc.a(lib_a-exit.o) (_global_impure_ptr)
/usr/lib/gcc/arm-none-eabi/6.3.1/../../../arm-none-eabi/lib/libc.a(lib_a-init.o)
                              /usr/lib/gcc/arm-none-eabi/6.3.1/../../../arm-none-eabi/lib/crt0.o (__libc_init_array)
/usr/lib/gcc/arm-none-eabi/6.3.1/../../../arm-none-eabi/lib/libc.a(lib_a-memcmp.o)
                              _build/nrf_twi_mngr.o (memcmp)
/usr/lib/gcc/arm-none-eabi/6.3.1/../../../arm-none-eabi/lib/libc.a(lib_a-memcpy-stub.o)
                              _build/kobukiActuator.o (memcpy)
/usr/lib/gcc/arm-none-eabi/6.3.1/../../../arm-none-eabi/lib/libc.a(lib_a-memset.o)
                              /usr/lib/gcc/arm-none-eabi/6.3.1/../../../arm-none-eabi/lib/crt0.o (memset)
/usr/lib/gcc/arm-none-eabi/6.3.1/../../../arm-none-eabi/lib/libc.a(lib_a-printf.o)
                              _build/main.o (printf)
/usr/lib/gcc/arm-none-eabi/6.3.1/../../../arm-none-eabi/lib/libc.a(lib_a-puts.o)
                              _build/better_error_handling.o (puts)
/usr/lib/gcc/arm-none-eabi/6.3.1/../../../arm-none-eabi/lib/libc.a(lib_a-setbuf.o)
                              _build/before_startup.o (setbuf)
/usr/lib/gcc/arm-none-eabi/6.3.1/../../../arm-none-eabi/lib/libc.a(lib_a-setvbuf.o)
                              /usr/lib/gcc/arm-none-eabi/6.3.1/../../../arm-none-eabi/lib/libc.a(lib_a-setbuf.o) (setvbuf)
/usr/lib/gcc/arm-none-eabi/6.3.1/../../../arm-none-eabi/lib/libc.a(lib_a-strcpy.o)
                              _build/SEGGER_RTT.o (strcpy)
/usr/lib/gcc/arm-none-eabi/6.3.1/../../../arm-none-eabi/lib/libc.a(lib_a-strlen-stub.o)
                              _build/display.o (strlen)
/usr/lib/gcc/arm-none-eabi/6.3.1/../../../arm-none-eabi/lib/libc.a(lib_a-vfprintf.o)
                              /usr/lib/gcc/arm-none-eabi/6.3.1/../../../arm-none-eabi/lib/libc.a(lib_a-printf.o) (_vfprintf_r)
/usr/lib/gcc/arm-none-eabi/6.3.1/../../../arm-none-eabi/lib/libc.a(lib_a-vsnprintf.o)
                              _build/simple_logger.o (vsnprintf)
/usr/lib/gcc/arm-none-eabi/6.3.1/../../../arm-none-eabi/lib/libc.a(lib_a-wsetup.o)
                              /usr/lib/gcc/arm-none-eabi/6.3.1/../../../arm-none-eabi/lib/libc.a(lib_a-vfprintf.o) (__swsetup_r)
/usr/lib/gcc/arm-none-eabi/6.3.1/../../../arm-none-eabi/lib/libc.a(lib_a-__atexit.o)
                              /usr/lib/gcc/arm-none-eabi/6.3.1/../../../arm-none-eabi/lib/libc.a(lib_a-atexit.o) (__register_exitproc)
/usr/lib/gcc/arm-none-eabi/6.3.1/../../../arm-none-eabi/lib/libc.a(lib_a-__call_atexit.o)
                              /usr/lib/gcc/arm-none-eabi/6.3.1/../../../arm-none-eabi/lib/libc.a(lib_a-exit.o) (__call_exitprocs)
/usr/lib/gcc/arm-none-eabi/6.3.1/../../../arm-none-eabi/lib/libc.a(lib_a-dtoa.o)
                              /usr/lib/gcc/arm-none-eabi/6.3.1/../../../arm-none-eabi/lib/libc.a(lib_a-vfprintf.o) (_dtoa_r)
/usr/lib/gcc/arm-none-eabi/6.3.1/../../../arm-none-eabi/lib/libc.a(lib_a-fflush.o)
                              /usr/lib/gcc/arm-none-eabi/6.3.1/../../../arm-none-eabi/lib/libc.a(lib_a-setvbuf.o) (_fflush_r)
/usr/lib/gcc/arm-none-eabi/6.3.1/../../../arm-none-eabi/lib/libc.a(lib_a-findfp.o)
                              /usr/lib/gcc/arm-none-eabi/6.3.1/../../../arm-none-eabi/lib/libc.a(lib_a-puts.o) (__sinit)
/usr/lib/gcc/arm-none-eabi/6.3.1/../../../arm-none-eabi/lib/libc.a(lib_a-freer.o)
                              /usr/lib/gcc/arm-none-eabi/6.3.1/../../../arm-none-eabi/lib/libc.a(lib_a-setvbuf.o) (_free_r)
/usr/lib/gcc/arm-none-eabi/6.3.1/../../../arm-none-eabi/lib/libc.a(lib_a-fvwrite.o)
                              /usr/lib/gcc/arm-none-eabi/6.3.1/../../../arm-none-eabi/lib/libc.a(lib_a-puts.o) (__sfvwrite_r)
/usr/lib/gcc/arm-none-eabi/6.3.1/../../../arm-none-eabi/lib/libc.a(lib_a-fwalk.o)
                              /usr/lib/gcc/arm-none-eabi/6.3.1/../../../arm-none-eabi/lib/libc.a(lib_a-findfp.o) (_fwalk)
/usr/lib/gcc/arm-none-eabi/6.3.1/../../../arm-none-eabi/lib/libc.a(lib_a-locale.o)
[...]
Memory Configuration

Name             Origin             Length             Attributes
FLASH            0x0000000000000000 0x0000000000100000 xr
RAM              0x0000000020000000 0x0000000000040000 xrw
*default*        0x0000000000000000 0xffffffffffffffff

Linker script and memory map

                0x0000000000100000                __stop_ot_flash_data = (ORIGIN (FLASH) + LENGTH (FLASH))
                0x00000000000fc000                __start_ot_flash_data = (__stop_ot_flash_data - (FLASH_PAGE_SIZE * FLASH_DATA_PAGES_USED))
                0x0000000000000001                ASSERT ((__start_ot_flash_data >= (__etext + SIZEOF (.data))), Error: Code overlaps flash data area.)

.text           0x0000000000000000     0xe5dc
 *(.isr_vector)
 .isr_vector    0x0000000000000000      0x200 _build/gcc_startup_nrf52840.os
                0x0000000000000000                __isr_vector
 *(.text*)
 .text          0x0000000000000200       0xa4 /usr/lib/gcc/arm-none-eabi/6.3.1/thumb/v7e-m/fpv4-sp/hard/crtbegin.o
 .text          0x00000000000002a4      0x104 /usr/lib/gcc/arm-none-eabi/6.3.1/../../../arm-none-eabi/lib/crt0.o
                0x00000000000002a4                _mainCRTStartup
                0x00000000000002a4                _start
 .text.sensor_read_callback
                0x00000000000003a8       0x64 _build/main.o
 .text.interrupt_callback
                0x000000000000040c       0x14 _build/main.o
 .text.twi_init
                0x0000000000000420       0x38 _build/main.o
                0x0000000000000420                twi_init
 .text.startup.main
                0x0000000000000458       0x88 _build/main.o
                0x0000000000000458                main
 .text.nrf_delay_ms.part.0
                0x00000000000004e0       0x1c _build/better_error_handling.o
 .text.app_error_fault_handler
                0x00000000000004fc      0x104 _build/better_error_handling.o
                0x00000000000004fc                app_error_fault_handler
 .text.HardFault_process
                0x0000000000000600       0x9a _build/better_error_handling.o
                0x0000000000000600                HardFault_process
 .text.app_error_handler
                0x000000000000069a       0x1a _build/app_error_handler_gcc.o
                0x000000000000069a                app_error_handler
 .text.nrfx_coredep_delay_us.part.0.constprop.4
                0x00000000000006b4       0x10 _build/app_timer.o
 .text.RTC1_IRQHandler
                0x00000000000006c4       0x9c _build/app_timer.o
                0x00000000000006c4                RTC1_IRQHandler
 .text.SWI0_EGU0_IRQHandler
                0x0000000000000760      0x2a0 _build/app_timer.o
                0x0000000000000760                SWI0_EGU0_IRQHandler
 .text.app_util_disable_irq
                0x0000000000000a00       0x10 _build/app_util_platform.o
                0x0000000000000a00                app_util_disable_irq
 .text.app_util_enable_irq
                0x0000000000000a10       0x14 _build/app_util_platform.o
                0x0000000000000a10                app_util_enable_irq
 .text.privilege_level_get
                0x0000000000000a24       0x1a _build/app_util_platform.o
                0x0000000000000a24                privilege_level_get
 *fill*         0x0000000000000a3e        0x2 
 .text.app_util_critical_region_enter
                0x0000000000000a40       0x20 _build/app_util_platform.o
                0x0000000000000a40                app_util_critical_region_enter
 .text.app_util_critical_region_exit
                0x0000000000000a60       0x20 _build/app_util_platform.o
                0x0000000000000a60                app_util_critical_region_exit
 .text.startup.called_first
                0x0000000000000a80       0x10 _build/before_startup.o
                0x0000000000000a80                called_first
 .text.HardFault_Handler
                0x0000000000000a90       0x34 _build/hardfault_handler_gcc.o
                0x0000000000000a90                HardFault_Handler
 .text.HardFault_c_handler
                0x0000000000000ac4      0x10c _build/hardfault_implementation.o
                0x0000000000000ac4                HardFault_c_handler
 .text.assert_nrf_callback
                0x0000000000000bd0       0x1a _build/nrf_assert.o
                0x0000000000000bd0                assert_nrf_callback
 .text.nrf_atomic_u32_fetch_store
                0x0000000000000bea       0x18 _build/nrf_atomic.o
                0x0000000000000bea                nrf_atomic_u32_fetch_store
 .text.nrf_atomic_u32_or
                0x0000000000000c02       0x1a _build/nrf_atomic.o
                0x0000000000000c02                nrf_atomic_u32_or
 .text.nrf_atomic_u32_fetch_and
                0x0000000000000c1c       0x1a _build/nrf_atomic.o
                0x0000000000000c1c                nrf_atomic_u32_fetch_and
 .text.nrf_atomic_u32_add
                0x0000000000000c36       0x1a _build/nrf_atomic.o
                0x0000000000000c36                nrf_atomic_u32_add
 .text.nrf_atomic_u32_sub
                0x0000000000000c50       0x1a _build/nrf_atomic.o
                0x0000000000000c50                nrf_atomic_u32_sub
 .text.nrf_atomic_flag_set
                0x0000000000000c6a        0x6 _build/nrf_atomic.o
                0x0000000000000c6a                nrf_atomic_flag_set
 .text.nrf_atomic_flag_clear_fetch
                0x0000000000000c70        0x6 _build/nrf_atomic.o
                0x0000000000000c70                nrf_atomic_flag_clear_fetch
 *fill*         0x0000000000000c76        0x2 
 .text.nrf_balloc_alloc
                0x0000000000000c78       0x50 _build/nrf_balloc.o
                0x0000000000000c78                nrf_balloc_alloc
 .text.nrf_balloc_free
                0x0000000000000cc8       0x48 _build/nrf_balloc.o
                0x0000000000000cc8                nrf_balloc_free
 .text.twim_evt_handler
                0x0000000000000d10       0x48 _build/nrf_drv_twi.o
 .text.nrf_gpio_pin_port_decode
                0x0000000000000d58       0x30 _build/nrf_drv_twi.o
 .text.nrf_gpio_pin_set
                0x0000000000000d88       0x1e _build/nrf_drv_twi.o
 *fill*         0x0000000000000da6        0x2 
 .text.nrfx_coredep_delay_us.part.0.constprop.1
                0x0000000000000da8       0x10 _build/nrf_drv_twi.o
 .text.nrf_drv_twi_init
                0x0000000000000db8       0xf0 _build/nrf_drv_twi.o
                0x0000000000000db8                nrf_drv_twi_init
 .text.invalid_packets_pushed_str_omit
                0x0000000000000ea8       0x64 _build/nrf_log_frontend.o
 .text.buf_prealloc
                0x0000000000000f0c      0x138 _build/nrf_log_frontend.o
 .text.buffer_is_empty
                0x0000000000001044       0x14 _build/nrf_log_frontend.o
                0x0000000000001044                buffer_is_empty
 .text.nrf_log_frontend_dequeue
                0x0000000000001058      0x20c _build/nrf_log_frontend.o
                0x0000000000001058                nrf_log_frontend_dequeue
 .text.std_n    0x0000000000001264       0xd8 _build/nrf_log_frontend.o
 .text.nrf_log_frontend_std_0
                0x000000000000133c        0x8 _build/nrf_log_frontend.o
                0x000000000000133c                nrf_log_frontend_std_0
 .text.nrf_log_frontend_std_1
                0x0000000000001344       0x14 _build/nrf_log_frontend.o
                0x0000000000001344                nrf_log_frontend_std_1
 .text.nrf_log_frontend_std_3
                0x0000000000001358       0x18 _build/nrf_log_frontend.o
                0x0000000000001358                nrf_log_frontend_std_3
 .text.nrf_log_frontend_std_4
                0x0000000000001370       0x1c _build/nrf_log_frontend.o
                0x0000000000001370                nrf_log_frontend_std_4
 .text.nrf_log_panic
                0x000000000000138c       0x28 _build/nrf_log_frontend.o
                0x000000000000138c                nrf_log_panic
 .text.memobj_op
                0x00000000000013b4       0x84 _build/nrf_memobj.o
 .text.nrf_memobj_free
                0x0000000000001438       0x2c _build/nrf_memobj.o
                0x0000000000001438                nrf_memobj_free
 .text.nrf_memobj_alloc
                0x0000000000001464       0x62 _build/nrf_memobj.o
                0x0000000000001464                nrf_memobj_alloc
 .text.nrf_memobj_get
                0x00000000000014c6        0x8 _build/nrf_memobj.o
                0x00000000000014c6                nrf_memobj_get
 .text.nrf_memobj_put
                0x00000000000014ce       0x1e _build/nrf_memobj.o
                0x00000000000014ce                nrf_memobj_put
 .text.nrf_memobj_write
                0x00000000000014ec        0xe _build/nrf_memobj.o
                0x00000000000014ec                nrf_memobj_write
 *fill*         0x00000000000014fa        0x2 
 .text.nrf_strerror_find
                0x00000000000014fc       0x3c _build/nrf_strerror.o
                0x00000000000014fc                nrf_strerror_find
 .text.nrf_strerror_get
                0x0000000000001538       0x14 _build/nrf_strerror.o
                0x0000000000001538                nrf_strerror_get
 .text.transaction_end_signal
                0x000000000000154c       0x30 _build/nrf_twi_mngr.o
 .text.start_transfer
                0x000000000000157c       0xd0 _build/nrf_twi_mngr.o
 .text.start_pending_transaction
                0x000000000000164c       0xb0 _build/nrf_twi_mngr.o
 .text.twi_event_handler
                0x00000000000016fc       0x58 _build/nrf_twi_mngr.o
 .text.nrf_twi_mngr_init
                0x0000000000001754       0x74 _build/nrf_twi_mngr.o
                0x0000000000001754                nrf_twi_mngr_init
 .text.nrf_queue_next_idx
                0x00000000000017c8       0x20 _build/nrf_queue.o
 .text.nrf_queue_is_empty
                0x00000000000017e8       0x24 _build/nrf_queue.o
                0x00000000000017e8                nrf_queue_is_empty
 .text.nrf_queue_generic_pop
                0x000000000000180c       0x9c _build/nrf_queue.o
                0x000000000000180c                nrf_queue_generic_pop
 .text.nrf_gpiote_event_clear
                0x00000000000018a8       0x18 _build/nrfx_gpiote.o
 .text.channel_free
                0x00000000000018c0       0x1c _build/nrfx_gpiote.o
 .text.nrf_gpio_pin_port_decode
                0x00000000000018dc       0x30 _build/nrfx_gpiote.o
 .text.nrf_gpio_cfg_sense_set
                0x000000000000190c       0x32 _build/nrfx_gpiote.o
 *fill*         0x000000000000193e        0x2 
 .text.nrf_gpio_ports_read.constprop.2
                0x0000000000001940       0x18 _build/nrfx_gpiote.o
 .text.nrfx_gpiote_init
                0x0000000000001958       0x70 _build/nrfx_gpiote.o
                0x0000000000001958                nrfx_gpiote_init
 .text.nrfx_gpiote_is_init
                0x00000000000019c8       0x14 _build/nrfx_gpiote.o
                0x00000000000019c8                nrfx_gpiote_is_init
 .text.nrfx_gpiote_out_init
                0x00000000000019dc      0x118 _build/nrfx_gpiote.o
                0x00000000000019dc                nrfx_gpiote_out_init
 .text.nrfx_gpiote_out_set
                0x0000000000001af4       0x5c _build/nrfx_gpiote.o
                0x0000000000001af4                nrfx_gpiote_out_set
 .text.nrfx_gpiote_out_clear
                0x0000000000001b50       0x5c _build/nrfx_gpiote.o
                0x0000000000001b50                nrfx_gpiote_out_clear
 .text.GPIOTE_IRQHandler
                0x0000000000001bac      0x19c _build/nrfx_gpiote.o
                0x0000000000001bac                GPIOTE_IRQHandler
 .text.UARTE0_UART0_IRQHandler
                0x0000000000001d48       0x20 _build/nrfx_prs.o
                0x0000000000001d48                UARTE0_UART0_IRQHandler
 .text.nrfx_prs_acquire
                0x0000000000001d68       0x44 _build/nrfx_prs.o
                0x0000000000001d68                nrfx_prs_acquire
 .text.nrfx_prs_release
                0x0000000000001dac       0x28 _build/nrfx_prs.o
                0x0000000000001dac                nrfx_prs_release
 .text.nrf_saadc_event_clear
                0x0000000000001dd4       0x18 _build/nrfx_saadc.o
 .text.SAADC_IRQHandler
                0x0000000000001dec      0x160 _build/nrfx_saadc.o
                0x0000000000001dec                SAADC_IRQHandler
 .text.nrf_gpio_pin_port_decode
                0x0000000000001f4c       0x30 _build/nrfx_spim.o
 .text.nrf_gpio_pin_clear
                0x0000000000001f7c       0x1e _build/nrfx_spim.o
 .text.nrf_gpio_pin_set
                0x0000000000001f9a       0x1e _build/nrfx_spim.o
 .text.SPIM1_SPIS1_TWIM1_TWIS1_SPI1_TWI1_IRQHandler
                0x0000000000001fb8       0x60 _build/nrfx_spim.o
                0x0000000000001fb8                SPIM1_SPIS1_TWIM1_TWIS1_SPI1_TWI1_IRQHandler
 .text.irq_handler.constprop.0
                0x0000000000002018       0x4c _build/nrfx_timer.o
 .text.TIMER0_IRQHandler
                0x0000000000002064       0x10 _build/nrfx_timer.o
                0x0000000000002064                TIMER0_IRQHandler
 .text.TIMER1_IRQHandler
                0x0000000000002074       0x10 _build/nrfx_timer.o
                0x0000000000002074                TIMER1_IRQHandler
 .text.nrf_twim_event_clear
                0x0000000000002084       0x10 _build/nrfx_twim.o
 .text.nrf_gpio_pin_port_decode
                0x0000000000002094       0x30 _build/nrfx_twim.o
 .text.SPIM0_SPIS0_TWIM0_TWIS0_SPI0_TWI0_IRQHandler
                0x00000000000020c4      0x158 _build/nrfx_twim.o
                0x00000000000020c4                SPIM0_SPIS0_TWIM0_TWIS0_SPI0_TWI0_IRQHandler
 .text.nrfx_twim_init
                0x000000000000221c      0x14c _build/nrfx_twim.o
                0x000000000000221c                nrfx_twim_init
 .text.nrfx_twim_enable
                0x0000000000002368       0x3c _build/nrfx_twim.o
                0x0000000000002368                nrfx_twim_enable
 .text.nrfx_twim_disable
                0x00000000000023a4       0x54 _build/nrfx_twim.o
                0x00000000000023a4                nrfx_twim_disable
 .text.nrfx_twim_uninit
                0x00000000000023f8       0xa8 _build/nrfx_twim.o
                0x00000000000023f8                nrfx_twim_uninit
 .text.nrfx_twim_xfer
                0x00000000000024a0      0x308 _build/nrfx_twim.o
                0x00000000000024a0                nrfx_twim_xfer
 .text._GetAvailWriteSpace
                0x00000000000027a8       0x1c _build/SEGGER_RTT.o
 .text._WriteNoCheck
                0x00000000000027c4       0x3c _build/SEGGER_RTT.o
 .text._WriteBlocking
                0x0000000000002800       0x52 _build/SEGGER_RTT.o
 *fill*         0x0000000000002852        0x2 
 .text._DoInit  0x0000000000002854       0x60 _build/SEGGER_RTT.o
 .text.SEGGER_RTT_WriteNoLock
                0x00000000000028b4       0x68 _build/SEGGER_RTT.o
                0x00000000000028b4                SEGGER_RTT_WriteNoLock
 .text.SEGGER_RTT_Write
                0x000000000000291c       0x34 _build/SEGGER_RTT.o
                0x000000000000291c                SEGGER_RTT_Write
 .text._write_r
                0x0000000000002950       0x12 _build/SEGGER_RTT_Syscalls_GCC.o
                0x0000000000002950                _write_r
 *fill*         0x0000000000002962        0x2 
 .text.errata_120
                0x0000000000002964       0x20 _build/system_nrf52840.o
 .text.SystemInit
                0x0000000000002984      0x1b8 _build/system_nrf52840.o
                0x0000000000002984                SystemInit
 .text          0x0000000000002b3c       0x3c _build/gcc_startup_nrf52840.os
                0x0000000000002b3c                Reset_Handler
                0x0000000000002b64                NMI_Handler
                0x0000000000002b68                MemoryManagement_Handler
                0x0000000000002b6a                BusFault_Handler
                0x0000000000002b6c                UsageFault_Handler
                0x0000000000002b6e                SVC_Handler
                0x0000000000002b70                DebugMon_Handler
                0x0000000000002b72                PendSV_Handler
                0x0000000000002b74                SysTick_Handler
                0x0000000000002b76                TIMER2_IRQHandler
                0x0000000000002b76                RTC0_IRQHandler
                0x0000000000002b76                SWI2_EGU2_IRQHandler
                0x0000000000002b76                PWM1_IRQHandler
                0x0000000000002b76                POWER_CLOCK_IRQHandler
                0x0000000000002b76                RADIO_IRQHandler
                0x0000000000002b76                PDM_IRQHandler
                0x0000000000002b76                TEMP_IRQHandler
                0x0000000000002b76                QDEC_IRQHandler
                0x0000000000002b76                TIMER3_IRQHandler
                0x0000000000002b76                PWM3_IRQHandler
                0x0000000000002b76                FPU_IRQHandler
                0x0000000000002b76                USBD_IRQHandler
                0x0000000000002b76                TIMER4_IRQHandler
                0x0000000000002b76                CRYPTOCELL_IRQHandler
                0x0000000000002b76                I2S_IRQHandler
                0x0000000000002b76                SWI4_EGU4_IRQHandler
                0x0000000000002b76                UARTE1_IRQHandler
                0x0000000000002b76                SPIM3_IRQHandler
                0x0000000000002b76                PWM2_IRQHandler
                0x0000000000002b76                ECB_IRQHandler
                0x0000000000002b76                Default_Handler
                0x0000000000002b76                CCM_AAR_IRQHandler
                0x0000000000002b76                WDT_IRQHandler
                0x0000000000002b76                SWI5_EGU5_IRQHandler
                0x0000000000002b76                RNG_IRQHandler
                0x0000000000002b76                RTC2_IRQHandler
                0x0000000000002b76                PWM0_IRQHandler
                0x0000000000002b76                SWI3_EGU3_IRQHandler
                0x0000000000002b76                SWI1_EGU1_IRQHandler
                0x0000000000002b76                SPIM2_SPIS2_SPI2_IRQHandler
                0x0000000000002b76                NFCT_IRQHandler
                0x0000000000002b76                MWU_IRQHandler
                0x0000000000002b76                QSPI_IRQHandler
                0x0000000000002b76                COMP_LPCOMP_IRQHandler
 .text          0x0000000000002b78       0x20 /usr/lib/gcc/arm-none-eabi/6.3.1/../../../arm-none-eabi/lib/libc.a(lib_a-atexit.o)
                0x0000000000002b78                atexit
 .text          0x0000000000002b98       0x34 /usr/lib/gcc/arm-none-eabi/6.3.1/../../../arm-none-eabi/lib/libc.a(lib_a-exit.o)
                0x0000000000002b98                exit
 .text          0x0000000000002bcc       0x44 /usr/lib/gcc/arm-none-eabi/6.3.1/../../../arm-none-eabi/lib/libc.a(lib_a-fini.o)
                0x0000000000002bcc                __libc_fini_array
 .text          0x0000000000002c10       0x80 /usr/lib/gcc/arm-none-eabi/6.3.1/../../../arm-none-eabi/lib/libc.a(lib_a-init.o)
                0x0000000000002c10                __libc_init_array
 .text          0x0000000000002c90       0xb0 /usr/lib/gcc/arm-none-eabi/6.3.1/../../../arm-none-eabi/lib/libc.a(lib_a-memcmp.o)
                0x0000000000002c90                memcmp
 .text          0x0000000000002d40       0xf0 /usr/lib/gcc/arm-none-eabi/6.3.1/../../../arm-none-eabi/lib/libc.a(lib_a-memcpy-stub.o)
                0x0000000000002d40                memcpy
 .text          0x0000000000002e30       0xf4 /usr/lib/gcc/arm-none-eabi/6.3.1/../../../arm-none-eabi/lib/libc.a(lib_a-memset.o)
                0x0000000000002e30                memset
 .text          0x0000000000002f24       0x74 /usr/lib/gcc/arm-none-eabi/6.3.1/../../../arm-none-eabi/lib/libc.a(lib_a-printf.o)
                0x0000000000002f24                _printf_r
                0x0000000000002f58                printf
 .text          0x0000000000002f98       0xc0 /usr/lib/gcc/arm-none-eabi/6.3.1/../../../arm-none-eabi/lib/libc.a(lib_a-puts.o)
                0x0000000000002f98                _puts_r
                0x0000000000003044                puts
 .text          0x0000000000003058       0x20 /usr/lib/gcc/arm-none-eabi/6.3.1/../../../arm-none-eabi/lib/libc.a(lib_a-setbuf.o)
                0x0000000000003058                setbuf
 .text          0x0000000000003078      0x20c /usr/lib/gcc/arm-none-eabi/6.3.1/../../../arm-none-eabi/lib/libc.a(lib_a-setvbuf.o)
                0x0000000000003078                setvbuf
 .text          0x0000000000003284       0xf0 /usr/lib/gcc/arm-none-eabi/6.3.1/../../../arm-none-eabi/lib/libc.a(lib_a-strcpy.o)
                0x0000000000003284                strcpy
 .text          0x0000000000003374       0x60 /usr/lib/gcc/arm-none-eabi/6.3.1/../../../arm-none-eabi/lib/libc.a(lib_a-strlen-stub.o)
                0x0000000000003374                strlen
 .text          0x00000000000033d4     0x239c /usr/lib/gcc/arm-none-eabi/6.3.1/../../../arm-none-eabi/lib/libc.a(lib_a-vfprintf.o)
                0x00000000000033d4                _vfprintf_r
                0x00000000000056a8                vfprintf
 .text          0x0000000000005770      0x164 /usr/lib/gcc/arm-none-eabi/6.3.1/../../../arm-none-eabi/lib/libc.a(lib_a-wsetup.o)
                0x0000000000005770                __swsetup_r
 .text          0x00000000000058d4       0xe0 /usr/lib/gcc/arm-none-eabi/6.3.1/../../../arm-none-eabi/lib/libc.a(lib_a-__atexit.o)
                0x00000000000058d4                __register_exitproc
 .text          0x00000000000059b4      0x170 /usr/lib/gcc/arm-none-eabi/6.3.1/../../../arm-none-eabi/lib/libc.a(lib_a-__call_atexit.o)
                0x00000000000059b4                __call_exitprocs
 .text.startup  0x0000000000005b24       0x28 /usr/lib/gcc/arm-none-eabi/6.3.1/../../../arm-none-eabi/lib/libc.a(lib_a-__call_atexit.o)
 *fill*         0x0000000000005b4c        0x4 
 .text          0x0000000000005b50     0x18b8 /usr/lib/gcc/arm-none-eabi/6.3.1/../../../arm-none-eabi/lib/libc.a(lib_a-dtoa.o)
                0x0000000000005d28                _dtoa_r
 .text          0x0000000000007408      0x2cc /usr/lib/gcc/arm-none-eabi/6.3.1/../../../arm-none-eabi/lib/libc.a(lib_a-fflush.o)
                0x0000000000007408                __sflush_r
                0x0000000000007648                _fflush_r
                0x000000000000769c                fflush
 .text          0x00000000000076d4      0x350 /usr/lib/gcc/arm-none-eabi/6.3.1/../../../arm-none-eabi/lib/libc.a(lib_a-findfp.o)
                0x00000000000076dc                _cleanup_r
                0x000000000000785c                __sfmoreglue
                0x00000000000078ac                __sfp
                0x0000000000007998                _cleanup
                0x00000000000079bc                __sinit
                0x00000000000079cc                __sfp_lock_acquire
                0x00000000000079d0                __sfp_lock_release
                0x00000000000079d4                __sinit_lock_acquire
                0x00000000000079d8                __sinit_lock_release
                0x00000000000079dc                __fp_lock_all
                0x0000000000007a00                __fp_unlock_all
 .text          0x0000000000007a24      0x3ec /usr/lib/gcc/arm-none-eabi/6.3.1/../../../arm-none-eabi/lib/libc.a(lib_a-freer.o)
                0x0000000000007a24                _malloc_trim_r
                0x0000000000007b24                _free_r
 .text          0x0000000000007e10      0x4c8 /usr/lib/gcc/arm-none-eabi/6.3.1/../../../arm-none-eabi/lib/libc.a(lib_a-fvwrite.o)
                0x0000000000007e10                __sfvwrite_r
 .text          0x00000000000082d8      0x110 /usr/lib/gcc/arm-none-eabi/6.3.1/../../../arm-none-eabi/lib/libc.a(lib_a-fwalk.o)
                0x00000000000082d8                _fwalk
                0x000000000000835c                _fwalk_reent
 .text          0x00000000000083e8       0xd4 /usr/lib/gcc/arm-none-eabi/6.3.1/../../../arm-none-eabi/lib/libc.a(lib_a-locale.o)
                0x00000000000083e8                _setlocale_r
                0x000000000000845c                __locale_charset
                0x0000000000008468                __locale_mb_cur_max
                0x0000000000008478                __locale_msgcharset
                0x0000000000008484                __locale_cjk_lang
                0x000000000000848c                _localeconv_r
                0x0000000000008498                setlocale
                0x00000000000084b0                localeconv
 .text          0x00000000000084bc      0x17c /usr/lib/gcc/arm-none-eabi/6.3.1/../../../arm-none-eabi/lib/libc.a(lib_a-makebuf.o)
                0x00000000000084bc                __swhatbuf_r
                0x0000000000008550                __smakebuf_r
 .text          0x0000000000008638       0x40 /usr/lib/gcc/arm-none-eabi/6.3.1/../../../arm-none-eabi/lib/libc.a(lib_a-malloc.o)
                0x0000000000008638                malloc
                0x0000000000008658                free
 .text          0x0000000000008678      0x778 /usr/lib/gcc/arm-none-eabi/6.3.1/../../../arm-none-eabi/lib/libc.a(lib_a-mallocr.o)
                0x0000000000008678                _malloc_r
 .text          0x0000000000008df0      0x114 /usr/lib/gcc/arm-none-eabi/6.3.1/../../../arm-none-eabi/lib/libc.a(lib_a-memchr-stub.o)
                0x0000000000008df0                memchr
 .text          0x0000000000008f04      0x12c /usr/lib/gcc/arm-none-eabi/6.3.1/../../../arm-none-eabi/lib/libc.a(lib_a-memmove.o)
                0x0000000000008f04                memmove
 .text          0x0000000000009030        0x8 /usr/lib/gcc/arm-none-eabi/6.3.1/../../../arm-none-eabi/lib/libc.a(lib_a-mlock.o)
                0x0000000000009030                __malloc_lock
                0x0000000000009034                __malloc_unlock
 .text          0x0000000000009038      0xdcc /usr/lib/gcc/arm-none-eabi/6.3.1/../../../arm-none-eabi/lib/libc.a(lib_a-mprec.o)
                0x0000000000009038                _Balloc
                0x00000000000090c8                _Bfree
                0x00000000000090e4                __multadd
                0x00000000000091c0                __s2b
                0x00000000000092a8                __hi0bits
                0x0000000000009304                __lo0bits
                0x0000000000009398                __i2b
                0x00000000000093bc                __multiply
                0x00000000000095ac                __pow5mult
                0x00000000000096b0                __lshift
                0x00000000000097a4                __mcmp
                0x0000000000009808                __mdiff
                0x00000000000099b8                __ulp
                0x0000000000009a20                __b2d
                0x0000000000009b18                __d2b
                0x0000000000009c24                __ratio
                0x0000000000009cbc                _mprec_log10
                0x0000000000009d14                __copybits
                0x0000000000009d84                __any_on
 .text          0x0000000000009e04      0x580 /usr/lib/gcc/arm-none-eabi/6.3.1/../../../arm-none-eabi/lib/libc.a(lib_a-reallocr.o)
                0x0000000000009e04                _realloc_r
 .text          0x000000000000a384       0x44 /usr/lib/gcc/arm-none-eabi/6.3.1/../../../arm-none-eabi/lib/libc.a(lib_a-sbrkr.o)
                0x000000000000a384                _sbrk_r
 .text          0x000000000000a3c8       0xd8 /usr/lib/gcc/arm-none-eabi/6.3.1/../../../arm-none-eabi/lib/libc.a(lib_a-stdio.o)
                0x000000000000a3c8                __sread
                0x000000000000a3fc                __seofread
                0x000000000000a404                __swrite
                0x000000000000a45c                __sseek
                0x000000000000a48c                __sclose
 .text          0x000000000000a4a0      0x224 /usr/lib/gcc/arm-none-eabi/6.3.1/../../../arm-none-eabi/lib/libc.a(lib_a-strcmp.o)
                0x000000000000a4a0                strcmp
 .text          0x000000000000a6c4     0x16ec /usr/lib/gcc/arm-none-eabi/6.3.1/../../../arm-none-eabi/lib/libc.a(lib_a-vfiprintf.o)
                0x000000000000a770                __sprint_r
                0x000000000000a788                _vfiprintf_r
                0x000000000000bce8                vfiprintf
 .text          0x000000000000bdb0       0x98 /usr/lib/gcc/arm-none-eabi/6.3.1/../../../arm-none-eabi/lib/libc.a(lib_a-callocr.o)
                0x000000000000bdb0                _calloc_r
 .text          0x000000000000be48       0x3c /usr/lib/gcc/arm-none-eabi/6.3.1/../../../arm-none-eabi/lib/libc.a(lib_a-closer.o)
                0x000000000000be48                _close_r
 .text          0x000000000000be84      0x110 /usr/lib/gcc/arm-none-eabi/6.3.1/../../../arm-none-eabi/lib/libc.a(lib_a-fclose.o)
                0x000000000000be84                _fclose_r
                0x000000000000bf80                fclose
 .text          0x000000000000bf94      0x198 /usr/lib/gcc/arm-none-eabi/6.3.1/../../../arm-none-eabi/lib/libc.a(lib_a-fputwc.o)
                0x000000000000bf94                __fputwc
                0x000000000000c0a4                _fputwc_r
                0x000000000000c0c4                fputwc
 .text          0x000000000000c12c       0x44 /usr/lib/gcc/arm-none-eabi/6.3.1/../../../arm-none-eabi/lib/libc.a(lib_a-fstatr.o)
                0x000000000000c12c                _fstat_r
 .text          0x000000000000c170       0x3c /usr/lib/gcc/arm-none-eabi/6.3.1/../../../arm-none-eabi/lib/libc.a(lib_a-isattyr.o)
                0x000000000000c170                _isatty_r
 .text          0x000000000000c1ac       0x48 /usr/lib/gcc/arm-none-eabi/6.3.1/../../../arm-none-eabi/lib/libc.a(lib_a-lseekr.o)
                0x000000000000c1ac                _lseek_r
 .text          0x000000000000c1f4       0x48 /usr/lib/gcc/arm-none-eabi/6.3.1/../../../arm-none-eabi/lib/libc.a(lib_a-readr.o)
                0x000000000000c1f4                _read_r
 .text          0x000000000000c23c      0x148 /usr/lib/gcc/arm-none-eabi/6.3.1/../../../arm-none-eabi/lib/libc.a(lib_a-wbuf.o)
                0x000000000000c23c                __swbuf_r
                0x000000000000c36c                __swbuf
 .text          0x000000000000c384      0x130 /usr/lib/gcc/arm-none-eabi/6.3.1/../../../arm-none-eabi/lib/libc.a(lib_a-wcrtomb.o)
                0x000000000000c384                _wcrtomb_r
                0x000000000000c418                wcrtomb
 .text          0x000000000000c4b4       0x78 /usr/lib/gcc/arm-none-eabi/6.3.1/../../../arm-none-eabi/lib/libc.a(lib_a-wctomb_r.o)
                0x000000000000c4b4                __ascii_wctomb
                0x000000000000c4dc                _wctomb_r
 .text          0x000000000000c52c       0x18 /usr/lib/gcc/arm-none-eabi/6.3.1/../../../arm-none-eabi/lib/libnosys.a(close.o)
                0x000000000000c52c                _close
 .text          0x000000000000c544       0x18 /usr/lib/gcc/arm-none-eabi/6.3.1/../../../arm-none-eabi/lib/libnosys.a(fstat.o)
                0x000000000000c544                _fstat
 .text          0x000000000000c55c       0x18 /usr/lib/gcc/arm-none-eabi/6.3.1/../../../arm-none-eabi/lib/libnosys.a(isatty.o)
                0x000000000000c55c                _isatty
 .text          0x000000000000c574       0x18 /usr/lib/gcc/arm-none-eabi/6.3.1/../../../arm-none-eabi/lib/libnosys.a(lseek.o)
                0x000000000000c574                _lseek
 .text          0x000000000000c58c       0x18 /usr/lib/gcc/arm-none-eabi/6.3.1/../../../arm-none-eabi/lib/libnosys.a(read.o)
                0x000000000000c58c                _read
 .text          0x000000000000c5a4       0x2c /usr/lib/gcc/arm-none-eabi/6.3.1/../../../arm-none-eabi/lib/libnosys.a(sbrk.o)
                0x000000000000c5a4                _sbrk
 .text          0x000000000000c5d0        0x4 /usr/lib/gcc/arm-none-eabi/6.3.1/../../../arm-none-eabi/lib/libnosys.a(_exit.o)
                0x000000000000c5d0                _exit
 .text          0x000000000000c5d4       0x24 /usr/lib/gcc/arm-none-eabi/6.3.1/thumb/v7e-m/fpv4-sp/hard/libgcc.a(_udivsi3.o)
                0x000000000000c5d4                __udivsi3
                0x000000000000c5d4                __aeabi_uidiv
                0x000000000000c5e8                __aeabi_uidivmod
 .text          0x000000000000c5f8       0x2c /usr/lib/gcc/arm-none-eabi/6.3.1/thumb/v7e-m/fpv4-sp/hard/libgcc.a(_divsi3.o)
                0x000000000000c5f8                __aeabi_idiv
                0x000000000000c5f8                __divsi3
                0x000000000000c614                __aeabi_idivmod
 .text          0x000000000000c624        0x4 /usr/lib/gcc/arm-none-eabi/6.3.1/thumb/v7e-m/fpv4-sp/hard/libgcc.a(_dvmd_tls.o)
                0x000000000000c624                __aeabi_ldiv0
                0x000000000000c624                __aeabi_idiv0
 .text          0x000000000000c628      0x370 /usr/lib/gcc/arm-none-eabi/6.3.1/thumb/v7e-m/fpv4-sp/hard/libgcc.a(_arm_addsubdf3.o)
                0x000000000000c628                __aeabi_drsub
                0x000000000000c630                __aeabi_dsub
                0x000000000000c630                __subdf3
                0x000000000000c634                __adddf3
                0x000000000000c634                __aeabi_dadd
                0x000000000000c8ac                __aeabi_ui2d
                0x000000000000c8ac                __floatunsidf
                0x000000000000c8cc                __floatsidf
                0x000000000000c8cc                __aeabi_i2d
                0x000000000000c8f0                __extendsfdf2
                0x000000000000c8f0                __aeabi_f2d
                0x000000000000c92c                __aeabi_ul2d
                0x000000000000c92c                __floatundidf
                0x000000000000c93c                __floatdidf
                0x000000000000c93c                __aeabi_l2d
 .text          0x000000000000c998      0x424 /usr/lib/gcc/arm-none-eabi/6.3.1/thumb/v7e-m/fpv4-sp/hard/libgcc.a(_arm_muldivdf3.o)
                0x000000000000c998                __aeabi_dmul
                0x000000000000c998                __muldf3
                0x000000000000cbec                __aeabi_ddiv
                0x000000000000cbec                __divdf3
 .text          0x000000000000cdbc      0x110 /usr/lib/gcc/arm-none-eabi/6.3.1/thumb/v7e-m/fpv4-sp/hard/libgcc.a(_arm_cmpdf2.o)
                0x000000000000cdbc                __gtdf2
                0x000000000000cdbc                __gedf2
                0x000000000000cdc4                __ltdf2
                0x000000000000cdc4                __ledf2
                0x000000000000cdcc                __cmpdf2
                0x000000000000cdcc                __eqdf2
                0x000000000000cdcc                __nedf2
                0x000000000000ce48                __aeabi_cdrcmple
                0x000000000000ce58                __aeabi_cdcmple
                0x000000000000ce58                __aeabi_cdcmpeq
                0x000000000000ce68                __aeabi_dcmpeq
                0x000000000000ce7c                __aeabi_dcmplt
                0x000000000000ce90                __aeabi_dcmple
                0x000000000000cea4                __aeabi_dcmpge
                0x000000000000ceb8                __aeabi_dcmpgt
 .text          0x000000000000cecc       0x2c /usr/lib/gcc/arm-none-eabi/6.3.1/thumb/v7e-m/fpv4-sp/hard/libgcc.a(_arm_unorddf2.o)
                0x000000000000cecc                __aeabi_dcmpun
                0x000000000000cecc                __unorddf2
 .text          0x000000000000cef8       0x50 /usr/lib/gcc/arm-none-eabi/6.3.1/thumb/v7e-m/fpv4-sp/hard/libgcc.a(_arm_fixdfsi.o)
                0x000000000000cef8                __fixdfsi
                0x000000000000cef8                __aeabi_d2iz
 .text          0x000000000000cf48       0xa0 /usr/lib/gcc/arm-none-eabi/6.3.1/thumb/v7e-m/fpv4-sp/hard/libgcc.a(_arm_truncdfsf2.o)
                0x000000000000cf48                __aeabi_d2f
                0x000000000000cf48                __truncdfsf2
 .text          0x000000000000cfe8       0x30 /usr/lib/gcc/arm-none-eabi/6.3.1/thumb/v7e-m/fpv4-sp/hard/libgcc.a(_aeabi_uldivmod.o)
                0x000000000000cfe8                __aeabi_uldivmod
 .text          0x000000000000d018      0x2dc /usr/lib/gcc/arm-none-eabi/6.3.1/thumb/v7e-m/fpv4-sp/hard/libgcc.a(_udivmoddi4.o)
                0x000000000000d018                __udivmoddi4
 *(.init)
 .init          0x000000000000d2f4        0x4 /usr/lib/gcc/arm-none-eabi/6.3.1/thumb/v7e-m/fpv4-sp/hard/crti.o
                0x000000000000d2f4                _init
 .init          0x000000000000d2f8        0x8 /usr/lib/gcc/arm-none-eabi/6.3.1/thumb/v7e-m/fpv4-sp/hard/crtn.o
 *(.fini)
 .fini          0x000000000000d300        0x4 /usr/lib/gcc/arm-none-eabi/6.3.1/thumb/v7e-m/fpv4-sp/hard/crti.o
                0x000000000000d300                _fini
 .fini          0x000000000000d304        0x8 /usr/lib/gcc/arm-none-eabi/6.3.1/thumb/v7e-m/fpv4-sp/hard/crtn.o
 *crtbegin.o(.ctors)
 *crtbegin?.o(.ctors)
 *(EXCLUDE_FILE(*crtend.o *crtend?.o) .ctors)
 *(SORT(.ctors.*))
 *(.ctors)
 *crtbegin.o(.dtors)
 *crtbegin?.o(.dtors)
 *(EXCLUDE_FILE(*crtend.o *crtend?.o) .dtors)
 *(SORT(.dtors.*))
 *(.dtors)
 *(.rodata*)
 *fill*         0x000000000000d30c        0x4 
 .rodata.delay_bytecode.8719
                0x000000000000d310        0x6 _build/main.o
 .rodata.interrupt_callback.str1.1
                0x000000000000d316       0x13 _build/main.o
 .rodata.str1.1
                0x000000000000d329       0x1e _build/main.o
 .rodata.twi_init.str1.1
                0x000000000000d347        0x7 _build/main.o
 *fill*         0x000000000000d34e        0x2 
 .rodata.twi_mngr_instance
                0x000000000000d350       0x18 _build/main.o
 .rodata.app_error_fault_handler.str1.1
                0x000000000000d368       0x77 _build/better_error_handling.o
 *fill*         0x000000000000d3df        0x1 
 .rodata.delay_bytecode.8731
                0x000000000000d3e0        0x6 _build/better_error_handling.o
 *fill*         0x000000000000d3e6        0xa 
 .rodata.delay_bytecode.9337
                0x000000000000d3f0        0x6 _build/app_timer.o
 .rodata.app_util_critical_region_enter.str1.1
                0x000000000000d3f6       0x68 _build/app_util_platform.o
 .rodata.HardFault_c_handler.str1.1
                0x000000000000d45e       0xfb _build/hardfault_implementation.o
 *fill*         0x000000000000d559        0x3 
 .rodata.cfsr_msgs.9531
                0x000000000000d55c       0x68 _build/hardfault_implementation.o
 .rodata.str1.1
                0x000000000000d5c4      0x4c0 _build/hardfault_implementation.o
 .rodata.nrf_balloc_init.str1.1
                0x000000000000da84       0x63 _build/nrf_balloc.o
 *fill*         0x000000000000dae7        0x9 
 .rodata.delay_bytecode.8719
                0x000000000000daf0        0x6 _build/nrf_drv_twi.o
 .rodata.nrf_gpio_pin_port_decode.str1.1
                0x000000000000daf6       0x56 _build/nrf_drv_twi.o
 .rodata.invalid_packets_pushed_str_omit.str1.1
                0x000000000000db4c       0x77 _build/nrf_log_frontend.o
 .rodata.nrf_log_frontend_dequeue.str1.1
                0x000000000000dbc3       0x11 _build/nrf_log_frontend.o
 .rodata.str1.1
                0x000000000000dbd4       0x17 _build/nrf_log_frontend.o
 .rodata.str1.1
                0x000000000000dbeb        0x9 _build/nrf_pwr_mgmt.o
 .rodata.memobj_op.str1.1
                0x000000000000dbf4       0x70 _build/nrf_memobj.o
 .rodata.m_unknown_str
                0x000000000000dc64       0x13 _build/nrf_strerror.o
 *fill*         0x000000000000dc77        0x1 
 .rodata.nrf_strerror_array
                0x000000000000dc78      0x118 _build/nrf_strerror.o
 .rodata.str1.1
                0x000000000000dd90      0x391 _build/nrf_strerror.o
 .rodata.transaction_end_signal.str1.1
                0x000000000000e121       0x67 _build/nrf_twi_mngr.o
 .rodata.nrf_queue_next_idx.str1.1
                0x000000000000e188       0x61 _build/nrf_queue.o
 .rodata.nrf_gpio_pin_port_decode.str1.1
                0x000000000000e1e9       0x56 _build/nrfx_gpiote.o
 .rodata.nrfx_gpiote_out_init.str1.1
                0x000000000000e1e9       0x61 _build/nrfx_gpiote.o
 .rodata.str1.1
                0x000000000000e24a        0x7 _build/nrfx_gpiote.o
 .rodata.UARTE0_UART0_IRQHandler.str1.1
                0x000000000000e251       0x62 _build/nrfx_prs.o
 .rodata.str1.1
                0x000000000000e2b3        0x4 _build/nrfx_prs.o
 .rodata.str1.1
                0x000000000000e2b7        0x6 _build/nrfx_saadc.o
 .rodata.SPIM1_SPIS1_TWIM1_TWIS1_SPI1_TWI1_IRQHandler.str1.1
                0x000000000000e2bd       0x5f _build/nrfx_spim.o
 .rodata.nrf_gpio_pin_port_decode.str1.1
                0x000000000000e31c       0x56 _build/nrfx_spim.o
 .rodata.str1.1
                0x000000000000e31c        0x5 _build/nrfx_spim.o
 .rodata.str1.1
                0x000000000000e321        0x6 _build/nrfx_timer.o
 .rodata.SPIM0_SPIS0_TWIM0_TWIS0_SPI0_TWI0_IRQHandler.str1.1
                0x000000000000e327       0x5f _build/nrfx_twim.o
 .rodata.nrf_gpio_pin_port_decode.str1.1
                0x000000000000e386       0x56 _build/nrfx_twim.o
 .rodata.nrfx_twim_init.str1.1
                0x000000000000e386       0x57 _build/nrfx_twim.o
 .rodata.str1.1
                0x000000000000e3dd        0x5 _build/nrfx_twim.o
 .rodata.str1.1
                0x000000000000e3e2        0x5 _build/nrfx_uart.o
 .rodata.str1.1
                0x000000000000e3e7        0x6 _build/nrfx_uarte.o
 .rodata._DoInit.str1.1
                0x000000000000e3ed       0x14 _build/SEGGER_RTT.o
 *fill*         0x000000000000e401        0x3 
 .rodata        0x000000000000e404        0x4 /usr/lib/gcc/arm-none-eabi/6.3.1/../../../arm-none-eabi/lib/libc.a(lib_a-impure.o)
                0x000000000000e404                _global_impure_ptr
 .rodata.str1.4
                0x000000000000e408        0x2 /usr/lib/gcc/arm-none-eabi/6.3.1/../../../arm-none-eabi/lib/libc.a(lib_a-impure.o)
 *fill*         0x000000000000e40a        0x2 
 .rodata.str1.4
                0x000000000000e40c        0x2 /usr/lib/gcc/arm-none-eabi/6.3.1/../../../arm-none-eabi/lib/libc.a(lib_a-puts.o)
 *fill*         0x000000000000e40e        0x2 
 .rodata        0x000000000000e410       0x20 /usr/lib/gcc/arm-none-eabi/6.3.1/../../../arm-none-eabi/lib/libc.a(lib_a-vfprintf.o)
 .rodata.str1.4
                0x000000000000e430       0x42 /usr/lib/gcc/arm-none-eabi/6.3.1/../../../arm-none-eabi/lib/libc.a(lib_a-vfprintf.o)
 *fill*         0x000000000000e472        0x2 
 .rodata.str1.4
                0x000000000000e474       0x10 /usr/lib/gcc/arm-none-eabi/6.3.1/../../../arm-none-eabi/lib/libc.a(lib_a-dtoa.o)
                                         0x12 (size before relaxing)
 .rodata.str1.4
                0x000000000000e484        0xc /usr/lib/gcc/arm-none-eabi/6.3.1/../../../arm-none-eabi/lib/libc.a(lib_a-locale.o)
                                         0x12 (size before relaxing)
 .rodata        0x000000000000e490      0x128 /usr/lib/gcc/arm-none-eabi/6.3.1/../../../arm-none-eabi/lib/libc.a(lib_a-mprec.o)
                0x000000000000e4a0                __mprec_tens
                0x000000000000e568                __mprec_tinytens
                0x000000000000e590                __mprec_bigtens
 .rodata        0x000000000000e5b8       0x20 /usr/lib/gcc/arm-none-eabi/6.3.1/../../../arm-none-eabi/lib/libc.a(lib_a-vfiprintf.o)
 .rodata.str1.4
                0x000000000000e5d8       0x2f /usr/lib/gcc/arm-none-eabi/6.3.1/../../../arm-none-eabi/lib/libc.a(lib_a-vfiprintf.o)
 *(.eh_frame*)
 .eh_frame      0x000000000000e5d8        0x0 /usr/lib/gcc/arm-none-eabi/6.3.1/thumb/v7e-m/fpv4-sp/hard/crtbegin.o
 .eh_frame      0x000000000000e5d8        0x4 /usr/lib/gcc/arm-none-eabi/6.3.1/thumb/v7e-m/fpv4-sp/hard/crtend.o

.glue_7         0x000000000000e5dc        0x0
 .glue_7        0x000000000000e5dc        0x0 linker stubs

.glue_7t        0x000000000000e5dc        0x0
 .glue_7t       0x000000000000e5dc        0x0 linker stubs

.vfp11_veneer   0x000000000000e5dc        0x0
 .vfp11_veneer  0x000000000000e5dc        0x0 linker stubs

.v4_bx          0x000000000000e5dc        0x0
 .v4_bx         0x000000000000e5dc        0x0 linker stubs

.iplt           0x000000000000e5dc        0x0
 .iplt          0x000000000000e5dc        0x0 /usr/lib/gcc/arm-none-eabi/6.3.1/thumb/v7e-m/fpv4-sp/hard/crtbegin.o

.pwr_mgmt_data  0x000000000000e5dc        0x0
                0x000000000000e5dc                PROVIDE (__start_pwr_mgmt_data, .)
 *(SORT(.pwr_mgmt_data*))
                0x000000000000e5dc                PROVIDE (__stop_pwr_mgmt_data, .)

.log_const_data
                0x000000000000e5dc       0x68
                0x000000000000e5dc                PROVIDE (__start_log_const_data, .)
 *(SORT(.log_const_data*))
 .log_const_data_GPIOTE
                0x000000000000e5dc        0x8 _build/nrfx_gpiote.o
                0x000000000000e5dc                m_nrf_log_GPIOTE_logs_data_const
 .log_const_data_PRS
                0x000000000000e5e4        0x8 _build/nrfx_prs.o
                0x000000000000e5e4                m_nrf_log_PRS_logs_data_const
 .log_const_data_SAADC
                0x000000000000e5ec        0x8 _build/nrfx_saadc.o
                0x000000000000e5ec                m_nrf_log_SAADC_logs_data_const
 .log_const_data_SPIM
                0x000000000000e5f4        0x8 _build/nrfx_spim.o
                0x000000000000e5f4                m_nrf_log_SPIM_logs_data_const
 .log_const_data_TIMER
                0x000000000000e5fc        0x8 _build/nrfx_timer.o
                0x000000000000e5fc                m_nrf_log_TIMER_logs_data_const
 .log_const_data_TWIM
                0x000000000000e604        0x8 _build/nrfx_twim.o
                0x000000000000e604                m_nrf_log_TWIM_logs_data_const
 .log_const_data_UART
                0x000000000000e60c        0x8 _build/nrfx_uart.o
                0x000000000000e60c                m_nrf_log_UART_logs_data_const
 .log_const_data_UARTE
                0x000000000000e614        0x8 _build/nrfx_uarte.o
                0x000000000000e614                m_nrf_log_UARTE_logs_data_const
 .log_const_data_app
                0x000000000000e61c        0x8 _build/nrf_log_frontend.o
                0x000000000000e61c                m_nrf_log_app_logs_data_const
 .log_const_data_balloc_log_mempool
                0x000000000000e624        0x8 _build/nrf_log_frontend.o
                0x000000000000e624                m_nrf_log_balloc_log_mempool_logs_data_const
 .log_const_data_hardfault
                0x000000000000e62c        0x8 _build/hardfault_implementation.o
                0x000000000000e62c                m_nrf_log_hardfault_logs_data_const
 .log_const_data_pwr_mgmt
                0x000000000000e634        0x8 _build/nrf_pwr_mgmt.o
                0x000000000000e634                m_nrf_log_pwr_mgmt_logs_data_const
 .log_const_data_queue_twi_mngr_instance_queue
                0x000000000000e63c        0x8 _build/main.o
                0x000000000000e63c                m_nrf_log_queue_twi_mngr_instance_queue_logs_data_const
                0x000000000000e644                PROVIDE (__stop_log_const_data, .)

.nrf_balloc     0x000000000000e644       0x18
                [!provide]                        PROVIDE (__start_nrf_balloc, .)
 *(.nrf_balloc)
 .nrf_balloc    0x000000000000e644       0x18 _build/nrf_log_frontend.o
                0x000000000000e644                log_mempool
                [!provide]                        PROVIDE (__stop_nrf_balloc, .)

.nrf_queue      0x000000000000e65c       0x18
                [!provide]                        PROVIDE (__start_nrf_queue, .)
 *(.nrf_queue)
 .nrf_queue     0x000000000000e65c       0x18 _build/main.o
                0x000000000000e65c                twi_mngr_instance_queue
                [!provide]                        PROVIDE (__stop_nrf_queue, .)

.cli_command    0x000000000000e674        0x0
                [!provide]                        PROVIDE (__start_cli_command, .)
 *(.cli_command)
                [!provide]                        PROVIDE (__stop_cli_command, .)

.sdh_stack_observers
                0x000000000000e674        0x0
                [!provide]                        PROVIDE (__start_sdh_stack_observers, .)
 *(SORT(.sdh_stack_observers*))
                [!provide]                        PROVIDE (__stop_sdh_stack_observers, .)

.sdh_req_observers
                0x000000000000e674        0x0
                [!provide]                        PROVIDE (__start_sdh_req_observers, .)
 *(SORT(.sdh_req_observers*))
                [!provide]                        PROVIDE (__stop_sdh_req_observers, .)

.sdh_state_observers
                0x000000000000e674        0x0
                [!provide]                        PROVIDE (__start_sdh_state_observers, .)
 *(SORT(.sdh_state_observers*))
                [!provide]                        PROVIDE (__stop_sdh_state_observers, .)

.sdh_ant_observers
                0x000000000000e674        0x0
                [!provide]                        PROVIDE (__start_sdh_ant_observers, .)
 *(SORT(.sdh_ant_observers*))
                [!provide]                        PROVIDE (__stop_sdh_ant_observers, .)

.sdh_ble_observers
                0x000000000000e674        0x0
                [!provide]                        PROVIDE (__start_sdh_ble_observers, .)
 *(SORT(.sdh_ble_observers*))
                [!provide]                        PROVIDE (__stop_sdh_ble_observers, .)

.sdh_soc_observers
                0x000000000000e674        0x0
                [!provide]                        PROVIDE (__start_sdh_soc_observers, .)
 *(SORT(.sdh_soc_observers*))
                [!provide]                        PROVIDE (__stop_sdh_soc_observers, .)

.crypto_data    0x000000000000e674        0x0
                [!provide]                        PROVIDE (__start_crypto_data, .)
 *(SORT(.crypto_data*))
                [!provide]                        PROVIDE (__stop_crypto_data, .)

.ARM.extab
 *(.ARM.extab* .gnu.linkonce.armextab.*)
                0x000000000000e674                __exidx_start = .

.ARM.exidx      0x000000000000e674        0x8
 *(.ARM.exidx* .gnu.linkonce.armexidx.*)
 .ARM.exidx     0x000000000000e674        0x8 /usr/lib/gcc/arm-none-eabi/6.3.1/../../../arm-none-eabi/lib/crt0.o
 .ARM.exidx     0x000000000000e67c        0x0 /usr/lib/gcc/arm-none-eabi/6.3.1/thumb/v7e-m/fpv4-sp/hard/libgcc.a(_udivmoddi4.o)
                                          0x8 (size before relaxing)
                0x000000000000e67c                __exidx_end = .
                0x000000000000e67c                __etext = .

.rel.dyn        0x000000000000e67c        0x0
 .rel.iplt      0x000000000000e67c        0x0 /usr/lib/gcc/arm-none-eabi/6.3.1/thumb/v7e-m/fpv4-sp/hard/crtbegin.o

.data           0x0000000020000000      0x8dc load address 0x000000000000e67c
                0x0000000020000000                __data_start__ = .
 *(vtable)
 *(.data*)
 .data.SystemCoreClock
                0x0000000020000000        0x4 _build/system_nrf52840.o
                0x0000000020000000                SystemCoreClock
 *fill*         0x0000000020000004        0x4 
 .data          0x0000000020000008      0x430 /usr/lib/gcc/arm-none-eabi/6.3.1/../../../arm-none-eabi/lib/libc.a(lib_a-impure.o)
                0x0000000020000008                _impure_ptr
 .data          0x0000000020000438       0x7c /usr/lib/gcc/arm-none-eabi/6.3.1/../../../arm-none-eabi/lib/libc.a(lib_a-locale.o)
                0x0000000020000458                __mb_cur_max
 .data          0x00000000200004b4      0x410 /usr/lib/gcc/arm-none-eabi/6.3.1/../../../arm-none-eabi/lib/libc.a(lib_a-mallocr.o)
                0x00000000200004b4                __malloc_av_
                0x00000000200008bc                __malloc_sbrk_base
                0x00000000200008c0                __malloc_trim_threshold
 .data          0x00000000200008c4        0x4 /usr/lib/gcc/arm-none-eabi/6.3.1/../../../arm-none-eabi/lib/libc.a(lib_a-wctomb_r.o)
                0x00000000200008c4                __wctomb
                0x00000000200008c8                . = ALIGN (0x4)
                0x00000000200008c8                PROVIDE (__preinit_array_start, .)
 *(.preinit_array)
                0x00000000200008c8                PROVIDE (__preinit_array_end, .)
                0x00000000200008c8                . = ALIGN (0x4)
                0x00000000200008c8                PROVIDE (__init_array_start, .)
 *(SORT(.init_array.*))
 .init_array.00000
                0x00000000200008c8        0x4 /usr/lib/gcc/arm-none-eabi/6.3.1/../../../arm-none-eabi/lib/libc.a(lib_a-__call_atexit.o)
 *(.init_array)
 .init_array    0x00000000200008cc        0x4 /usr/lib/gcc/arm-none-eabi/6.3.1/thumb/v7e-m/fpv4-sp/hard/crtbegin.o
 .init_array    0x00000000200008d0        0x4 _build/before_startup.o
                0x00000000200008d4                PROVIDE (__init_array_end, .)
                0x00000000200008d4                . = ALIGN (0x4)
                0x00000000200008d4                PROVIDE (__fini_array_start, .)
 *(SORT(.fini_array.*))
 *(.fini_array)
 .fini_array    0x00000000200008d4        0x4 /usr/lib/gcc/arm-none-eabi/6.3.1/thumb/v7e-m/fpv4-sp/hard/crtbegin.o
                0x00000000200008d8                PROVIDE (__fini_array_end, .)
 *(.jcr*)
 .jcr           0x00000000200008d8        0x0 /usr/lib/gcc/arm-none-eabi/6.3.1/thumb/v7e-m/fpv4-sp/hard/crtbegin.o
 .jcr           0x00000000200008d8        0x4 /usr/lib/gcc/arm-none-eabi/6.3.1/thumb/v7e-m/fpv4-sp/hard/crtend.o
                0x00000000200008dc                . = ALIGN (0x4)
                0x00000000200008dc                __data_end__ = .
LOAD /usr/lib/gcc/arm-none-eabi/6.3.1/thumb/v7e-m/fpv4-sp/hard/crti.o
LOAD /usr/lib/gcc/arm-none-eabi/6.3.1/thumb/v7e-m/fpv4-sp/hard/crtbegin.o
LOAD /usr/lib/gcc/arm-none-eabi/6.3.1/../../../arm-none-eabi/lib/crt0.o
START GROUP
LOAD _build/main.o
LOAD _build/display.o
LOAD _build/mpu9250.o
LOAD _build/kobukiUART.o
LOAD _build/kobukiSensor.o
LOAD _build/kobukiUtilities.o
LOAD _build/kobukiSensorPoll.o
LOAD _build/kobukiActuator.o
LOAD _build/better_error_handling.o
LOAD _build/app_error_handler_gcc.o
LOAD _build/app_scheduler.o
LOAD _build/app_timer.o
LOAD _build/app_uart.o
LOAD _build/app_util_platform.o
LOAD _build/before_startup.o
LOAD _build/hardfault_handler_gcc.o
LOAD _build/hardfault_implementation.o
LOAD _build/nrf_assert.o
LOAD _build/nrf_atomic.o
LOAD _build/nrf_balloc.o
LOAD _build/nrf_drv_spi.o
LOAD _build/nrf_drv_twi.o
LOAD _build/nrf_drv_uart.o
LOAD _build/nrf_fprintf.o
LOAD _build/nrf_fprintf_format.o
LOAD _build/nrf_log_backend_rtt.o
LOAD _build/nrf_log_backend_serial.o
LOAD _build/nrf_log_backend_uart.o
LOAD _build/nrf_log_default_backends.o
LOAD _build/nrf_log_frontend.o
LOAD _build/nrf_log_str_formatter.o
LOAD _build/nrf_pwr_mgmt.o
LOAD _build/nrf_memobj.o
LOAD _build/nrf_section_iter.o
LOAD _build/nrf_serial.o
LOAD _build/nrf_strerror.o
LOAD _build/nrf_twi_mngr.o
LOAD _build/nrf_queue.o
LOAD _build/nrfx_gpiote.o
LOAD _build/nrfx_prs.o
LOAD _build/nrfx_saadc.o
LOAD _build/nrfx_spi.o
LOAD _build/nrfx_spim.o
LOAD _build/nrfx_timer.o
LOAD _build/nrfx_twi.o
LOAD _build/nrfx_twim.o
LOAD _build/nrfx_uart.o
LOAD _build/nrfx_uarte.o
LOAD _build/SEGGER_RTT.o
LOAD _build/SEGGER_RTT_Syscalls_GCC.o
LOAD _build/SEGGER_RTT_printf.o
LOAD _build/simple_logger.o
LOAD _build/ff.o
LOAD _build/mmc_nrf.o
LOAD _build/system_nrf52840.o
LOAD _build/app_error.o
LOAD _build/app_error_weak.o
LOAD _build/gcc_startup_nrf52840.os
LOAD /usr/lib/gcc/arm-none-eabi/6.3.1/../../../arm-none-eabi/lib/libc.a
LOAD /usr/lib/gcc/arm-none-eabi/6.3.1/../../../arm-none-eabi/lib/libnosys.a
LOAD /usr/lib/gcc/arm-none-eabi/6.3.1/../../../arm-none-eabi/lib/libm.a
LOAD /usr/lib/gcc/arm-none-eabi/6.3.1/../../../arm-none-eabi/lib/thumb/v7e-m/fpv4-sp/hard/libstdc++.a
END GROUP
START GROUP
LOAD /usr/lib/gcc/arm-none-eabi/6.3.1/thumb/v7e-m/fpv4-sp/hard/libgcc.a
LOAD /usr/lib/gcc/arm-none-eabi/6.3.1/../../../arm-none-eabi/lib/libc.a
END GROUP
LOAD /usr/lib/gcc/arm-none-eabi/6.3.1/thumb/v7e-m/fpv4-sp/hard/crtend.o
LOAD /usr/lib/gcc/arm-none-eabi/6.3.1/thumb/v7e-m/fpv4-sp/hard/crtn.o
START GROUP
LOAD /usr/lib/gcc/arm-none-eabi/6.3.1/thumb/v7e-m/fpv4-sp/hard/libgcc.a
LOAD /usr/lib/gcc/arm-none-eabi/6.3.1/../../../arm-none-eabi/lib/libc.a
LOAD /usr/lib/gcc/arm-none-eabi/6.3.1/../../../arm-none-eabi/lib/libnosys.a
END GROUP
                0x0000000000001000                FLASH_PAGE_SIZE = 0x1000
                0x0000000000000004                FLASH_DATA_PAGES_USED = 0x4

.tm_clone_table
                0x00000000200008dc        0x0 load address 0x000000000000ef58
 .tm_clone_table
                0x00000000200008dc        0x0 /usr/lib/gcc/arm-none-eabi/6.3.1/thumb/v7e-m/fpv4-sp/hard/crtbegin.o
 .tm_clone_table
                0x00000000200008dc        0x0 /usr/lib/gcc/arm-none-eabi/6.3.1/thumb/v7e-m/fpv4-sp/hard/crtend.o

.igot.plt       0x00000000200008dc        0x0 load address 0x000000000000ef58
 .igot.plt      0x00000000200008dc        0x0 /usr/lib/gcc/arm-none-eabi/6.3.1/thumb/v7e-m/fpv4-sp/hard/crtbegin.o
                0x00000000200008dc                . = ALIGN (0x4)

.svc_data       0x00000000200008dc        0x0
                [!provide]                        PROVIDE (__start_svc_data, .)
 *(.svc_data)
                [!provide]                        PROVIDE (__stop_svc_data, .)

.fs_data        0x00000000200008dc        0x0
                [!provide]                        PROVIDE (__start_fs_data, .)
 *(.fs_data)
                [!provide]                        PROVIDE (__stop_fs_data, .)

.log_dynamic_data
                0x00000000200008dc       0x34 load address 0x000000000000ef58
                0x00000000200008dc                PROVIDE (__start_log_dynamic_data, .)
 *(SORT(.log_dynamic_data*))
 .log_dynamic_data_GPIOTE
                0x00000000200008dc        0x4 _build/nrfx_gpiote.o
                0x00000000200008dc                m_nrf_log_GPIOTE_logs_data_dynamic
 .log_dynamic_data_PRS
                0x00000000200008e0        0x4 _build/nrfx_prs.o
                0x00000000200008e0                m_nrf_log_PRS_logs_data_dynamic
 .log_dynamic_data_SAADC
                0x00000000200008e4        0x4 _build/nrfx_saadc.o
                0x00000000200008e4                m_nrf_log_SAADC_logs_data_dynamic
 .log_dynamic_data_SPIM
                0x00000000200008e8        0x4 _build/nrfx_spim.o
                0x00000000200008e8                m_nrf_log_SPIM_logs_data_dynamic
 .log_dynamic_data_TIMER
                0x00000000200008ec        0x4 _build/nrfx_timer.o
                0x00000000200008ec                m_nrf_log_TIMER_logs_data_dynamic
 .log_dynamic_data_TWIM
                0x00000000200008f0        0x4 _build/nrfx_twim.o
                0x00000000200008f0                m_nrf_log_TWIM_logs_data_dynamic
 .log_dynamic_data_UART
                0x00000000200008f4        0x4 _build/nrfx_uart.o
                0x00000000200008f4                m_nrf_log_UART_logs_data_dynamic
 .log_dynamic_data_UARTE
                0x00000000200008f8        0x4 _build/nrfx_uarte.o
                0x00000000200008f8                m_nrf_log_UARTE_logs_data_dynamic
 .log_dynamic_data_app
                0x00000000200008fc        0x4 _build/nrf_log_frontend.o
                0x00000000200008fc                m_nrf_log_app_logs_data_dynamic
 .log_dynamic_data_balloc_log_mempool
                0x0000000020000900        0x4 _build/nrf_log_frontend.o
                0x0000000020000900                m_nrf_log_balloc_log_mempool_logs_data_dynamic
 .log_dynamic_data_hardfault
                0x0000000020000904        0x4 _build/hardfault_implementation.o
                0x0000000020000904                m_nrf_log_hardfault_logs_data_dynamic
 .log_dynamic_data_pwr_mgmt
                0x0000000020000908        0x4 _build/nrf_pwr_mgmt.o
                0x0000000020000908                m_nrf_log_pwr_mgmt_logs_data_dynamic
 .log_dynamic_data_queue_twi_mngr_instance_queue
                0x000000002000090c        0x4 _build/main.o
                0x000000002000090c                m_nrf_log_queue_twi_mngr_instance_queue_logs_data_dynamic
                [!provide]                        PROVIDE (__stop_log_dynamic_data, .)

.cli_sorted_cmd_ptrs
                0x0000000020000910        0x0
                [!provide]                        PROVIDE (__start_cli_sorted_cmd_ptrs, .)
 *(.cli_sorted_cmd_ptrs)
                [!provide]                        PROVIDE (__stop_cli_sorted_cmd_ptrs, .)

.bss            0x0000000020000910      0xa6c load address 0x000000000000ef8c
                0x0000000020000910                . = ALIGN (0x4)
                0x0000000020000910                __bss_start__ = .
 *(.bss*)
 .bss           0x0000000020000910       0x1c /usr/lib/gcc/arm-none-eabi/6.3.1/thumb/v7e-m/fpv4-sp/hard/crtbegin.o
 .bss.twi_mngr_instance_cb
                0x000000002000092c       0x1c _build/main.o
 .bss.twi_mngr_instance_queue_nrf_queue_buffer
                0x0000000020000948       0x18 _build/main.o
 .bss.twi_mngr_instance_queue_nrf_queue_cb
                0x0000000020000960        0xc _build/main.o
 .bss.update_thresh
                0x000000002000096c        0x1 _build/main.o
                0x000000002000096c                update_thresh
 *fill*         0x000000002000096d        0x3 
 .bss.m_op_queue
                0x0000000020000970      0x10c _build/app_timer.o
 .bss.m_rtc1_reset
                0x0000000020000a7c        0x1 _build/app_timer.o
 .bss.m_rtc1_running
                0x0000000020000a7d        0x1 _build/app_timer.o
 *fill*         0x0000000020000a7e        0x2 
 .bss.m_ticks_elapsed
                0x0000000020000a80        0x8 _build/app_timer.o
 .bss.m_ticks_elapsed_q_read_ind
                0x0000000020000a88        0x1 _build/app_timer.o
 .bss.m_ticks_elapsed_q_write_ind
                0x0000000020000a89        0x1 _build/app_timer.o
 *fill*         0x0000000020000a8a        0x2 
 .bss.m_ticks_latest
                0x0000000020000a8c        0x4 _build/app_timer.o
 .bss.mp_timer_id_head
                0x0000000020000a90        0x4 _build/app_timer.o
 .bss.m_in_critical_region
                0x0000000020000a94        0x4 _build/app_util_platform.o
 .bss.m_contexts
                0x0000000020000a98        0x8 _build/nrf_drv_twi.o
 .bss.m_handlers
                0x0000000020000aa0        0x8 _build/nrf_drv_twi.o
 .bss.log_mempool_nrf_balloc_cb
                0x0000000020000aa8        0x8 _build/nrf_log_frontend.o
 .bss.log_mempool_nrf_balloc_pool_mem
                0x0000000020000ab0       0xc0 _build/nrf_log_frontend.o
 .bss.log_mempool_nrf_balloc_pool_stack
                0x0000000020000b70        0x8 _build/nrf_log_frontend.o
 .bss.m_log_data
                0x0000000020000b78      0x424 _build/nrf_log_frontend.o
 .bss.m_cb      0x0000000020000f9c       0x6c _build/nrfx_gpiote.o
 .bss.m_prs_box_4
                0x0000000020001008        0x8 _build/nrfx_prs.o
 .bss.m_cb      0x0000000020001010       0x30 _build/nrfx_saadc.o
 .bss.m_cb      0x0000000020001040       0x24 _build/nrfx_spim.o
 .bss.m_cb      0x0000000020001064       0x18 _build/nrfx_timer.o
 .bss.m_cb      0x000000002000107c       0x34 _build/nrfx_twim.o
 .bss._acDownBuffer
                0x00000000200010b0       0x10 _build/SEGGER_RTT.o
 .bss._acUpBuffer
                0x00000000200010c0      0x200 _build/SEGGER_RTT.o
 .bss           0x00000000200012c0       0x34 /usr/lib/gcc/arm-none-eabi/6.3.1/../../../arm-none-eabi/lib/libc.a(lib_a-mallocr.o)
                0x00000000200012c0                __malloc_top_pad
                0x00000000200012c4                __malloc_current_mallinfo
                0x00000000200012ec                __malloc_max_sbrked_mem
                0x00000000200012f0                __malloc_max_total_mem
 .bss           0x00000000200012f4        0x4 /usr/lib/gcc/arm-none-eabi/6.3.1/../../../arm-none-eabi/lib/libnosys.a(sbrk.o)
 *(COMMON)
 COMMON         0x00000000200012f8        0x8 _build/main.o
                0x00000000200012f8                lower
                0x00000000200012fc                upper
 COMMON         0x0000000020001300       0x78 _build/SEGGER_RTT.o
                0x0000000020001300                _SEGGER_RTT
 COMMON         0x0000000020001378        0x4 /usr/lib/gcc/arm-none-eabi/6.3.1/../../../arm-none-eabi/lib/libc.a(lib_a-reent.o)
                0x0000000020001378                errno
                0x000000002000137c                . = ALIGN (0x4)
                0x000000002000137c                __bss_end__ = .

.heap           0x0000000020001380     0x2000
                0x0000000020001380                __HeapBase = .
                0x0000000020001380                __end__ = .
                0x0000000020001380                PROVIDE (end, .)
 *(.heap*)
 .heap          0x0000000020001380     0x2000 _build/gcc_startup_nrf52840.os
                0x0000000020003380                __HeapLimit = .

.stack_dummy    0x0000000020001380     0x2000
 *(.stack*)
 .stack         0x0000000020001380     0x2000 _build/gcc_startup_nrf52840.os
                0x0000000020040000                __StackTop = (ORIGIN (RAM) + LENGTH (RAM))
                0x000000002003e000                __StackLimit = (__StackTop - SIZEOF (.stack_dummy))
                0x0000000020040000                PROVIDE (__stack, __StackTop)
                0x0000000000000001                ASSERT ((__StackLimit >= __HeapLimit), region RAM overflowed with stack)
                0x0000000000000910                DataInitFlashUsed = (__bss_start__ - __data_start__)
                0x000000000000e67c                CodeFlashUsed = (__etext - ORIGIN (FLASH))
                0x000000000000ef8c                TotalFlashUsed = (CodeFlashUsed + DataInitFlashUsed)
                0x0000000000000001                ASSERT ((TotalFlashUsed <= LENGTH (FLASH)), region FLASH overflowed with .data and user data)
OUTPUT(_build/light_sensor_sdk15_blank.elf elf32-littlearm)

.ARM.attributes
                0x0000000000000000       0x32
 .ARM.attributes
                0x0000000000000000       0x22 /usr/lib/gcc/arm-none-eabi/6.3.1/thumb/v7e-m/fpv4-sp/hard/crti.o
 .ARM.attributes
                0x0000000000000022       0x34 /usr/lib/gcc/arm-none-eabi/6.3.1/thumb/v7e-m/fpv4-sp/hard/crtbegin.o
 .ARM.attributes
                0x0000000000000056       0x14 /usr/lib/gcc/arm-none-eabi/6.3.1/../../../arm-none-eabi/lib/crt0.o
 .ARM.attributes
                0x000000000000006a       0x39 _build/main.o
 .ARM.attributes
                0x00000000000000a3       0x39 _build/better_error_handling.o
 .ARM.attributes
                0x00000000000000dc       0x39 _build/app_error_handler_gcc.o
 .ARM.attributes
                0x0000000000000115       0x39 _build/app_timer.o
 .ARM.attributes
                0x000000000000014e       0x39 _build/app_util_platform.o
 .ARM.attributes
                0x0000000000000187       0x39 _build/before_startup.o
 .ARM.attributes
                0x00000000000001c0       0x39 _build/hardfault_handler_gcc.o
 .ARM.attributes
                0x00000000000001f9       0x39 _build/hardfault_implementation.o
 .ARM.attributes
                0x0000000000000232       0x39 _build/nrf_assert.o
 .ARM.attributes
                0x000000000000026b       0x39 _build/nrf_atomic.o
 .ARM.attributes
                0x00000000000002a4       0x39 _build/nrf_balloc.o
 .ARM.attributes
                0x00000000000002dd       0x39 _build/nrf_drv_twi.o
 .ARM.attributes
                0x0000000000000316       0x39 _build/nrf_log_frontend.o
 .ARM.attributes
                0x000000000000034f       0x39 _build/nrf_pwr_mgmt.o
 .ARM.attributes
                0x0000000000000388       0x39 _build/nrf_memobj.o
 .ARM.attributes
                0x00000000000003c1       0x39 _build/nrf_strerror.o
 .ARM.attributes
                0x00000000000003fa       0x39 _build/nrf_twi_mngr.o
 .ARM.attributes
                0x0000000000000433       0x39 _build/nrf_queue.o
 .ARM.attributes
                0x000000000000046c       0x39 _build/nrfx_gpiote.o
 .ARM.attributes
                0x00000000000004a5       0x39 _build/nrfx_prs.o
 .ARM.attributes
                0x00000000000004de       0x39 _build/nrfx_saadc.o
 .ARM.attributes
                0x0000000000000517       0x39 _build/nrfx_spim.o
 .ARM.attributes
                0x0000000000000550       0x39 _build/nrfx_timer.o
 .ARM.attributes
                0x0000000000000589       0x39 _build/nrfx_twim.o
 .ARM.attributes
                0x00000000000005c2       0x39 _build/nrfx_uart.o
 .ARM.attributes
                0x00000000000005fb       0x39 _build/nrfx_uarte.o
 .ARM.attributes
                0x0000000000000634       0x39 _build/SEGGER_RTT.o
 .ARM.attributes
                0x000000000000066d       0x39 _build/SEGGER_RTT_Syscalls_GCC.o
 .ARM.attributes
                0x00000000000006a6       0x39 _build/system_nrf52840.o
 .ARM.attributes
                0x00000000000006df       0x1c _build/gcc_startup_nrf52840.os
 .ARM.attributes
                0x00000000000006fb       0x30 /usr/lib/gcc/arm-none-eabi/6.3.1/../../../arm-none-eabi/lib/libc.a(lib_a-atexit.o)
 .ARM.attributes
                0x000000000000072b       0x30 /usr/lib/gcc/arm-none-eabi/6.3.1/../../../arm-none-eabi/lib/libc.a(lib_a-exit.o)
 .ARM.attributes
                0x000000000000075b       0x30 /usr/lib/gcc/arm-none-eabi/6.3.1/../../../arm-none-eabi/lib/libc.a(lib_a-fini.o)
 .ARM.attributes
                0x000000000000078b       0x30 /usr/lib/gcc/arm-none-eabi/6.3.1/../../../arm-none-eabi/lib/libc.a(lib_a-impure.o)
 .ARM.attributes
                0x00000000000007bb       0x30 /usr/lib/gcc/arm-none-eabi/6.3.1/../../../arm-none-eabi/lib/libc.a(lib_a-init.o)
 .ARM.attributes
                0x00000000000007eb       0x30 /usr/lib/gcc/arm-none-eabi/6.3.1/../../../arm-none-eabi/lib/libc.a(lib_a-memcmp.o)
 .ARM.attributes
                0x000000000000081b       0x30 /usr/lib/gcc/arm-none-eabi/6.3.1/../../../arm-none-eabi/lib/libc.a(lib_a-memcpy-stub.o)
 .ARM.attributes
                0x000000000000084b       0x30 /usr/lib/gcc/arm-none-eabi/6.3.1/../../../arm-none-eabi/lib/libc.a(lib_a-memset.o)
 .ARM.attributes
                0x000000000000087b       0x30 /usr/lib/gcc/arm-none-eabi/6.3.1/../../../arm-none-eabi/lib/libc.a(lib_a-printf.o)
 .ARM.attributes
                0x00000000000008ab       0x30 /usr/lib/gcc/arm-none-eabi/6.3.1/../../../arm-none-eabi/lib/libc.a(lib_a-puts.o)
 .ARM.attributes
                0x00000000000008db       0x30 /usr/lib/gcc/arm-none-eabi/6.3.1/../../../arm-none-eabi/lib/libc.a(lib_a-setbuf.o)
 .ARM.attributes
                0x000000000000090b       0x30 /usr/lib/gcc/arm-none-eabi/6.3.1/../../../arm-none-eabi/lib/libc.a(lib_a-setvbuf.o)
 .ARM.attributes
                0x000000000000093b       0x30 /usr/lib/gcc/arm-none-eabi/6.3.1/../../../arm-none-eabi/lib/libc.a(lib_a-strcpy.o)
 .ARM.attributes
                0x000000000000096b       0x30 /usr/lib/gcc/arm-none-eabi/6.3.1/../../../arm-none-eabi/lib/libc.a(lib_a-strlen-stub.o)
 .ARM.attributes
                0x000000000000099b       0x30 /usr/lib/gcc/arm-none-eabi/6.3.1/../../../arm-none-eabi/lib/libc.a(lib_a-vfprintf.o)
 .ARM.attributes
                0x00000000000009cb       0x30 /usr/lib/gcc/arm-none-eabi/6.3.1/../../../arm-none-eabi/lib/libc.a(lib_a-wsetup.o)
 .ARM.attributes
                0x00000000000009fb       0x30 /usr/lib/gcc/arm-none-eabi/6.3.1/../../../arm-none-eabi/lib/libc.a(lib_a-__atexit.o)
 .ARM.attributes
                0x0000000000000a2b       0x30 /usr/lib/gcc/arm-none-eabi/6.3.1/../../../arm-none-eabi/lib/libc.a(lib_a-__call_atexit.o)
 .ARM.attributes
                0x0000000000000a5b       0x30 /usr/lib/gcc/arm-none-eabi/6.3.1/../../../arm-none-eabi/lib/libc.a(lib_a-dtoa.o)
 .ARM.attributes
                0x0000000000000a8b       0x30 /usr/lib/gcc/arm-none-eabi/6.3.1/../../../arm-none-eabi/lib/libc.a(lib_a-fflush.o)
 .ARM.attributes
                0x0000000000000abb       0x30 /usr/lib/gcc/arm-none-eabi/6.3.1/../../../arm-none-eabi/lib/libc.a(lib_a-findfp.o)
 .ARM.attributes
                0x0000000000000aeb       0x30 /usr/lib/gcc/arm-none-eabi/6.3.1/../../../arm-none-eabi/lib/libc.a(lib_a-freer.o)
 .ARM.attributes
                0x0000000000000b1b       0x30 /usr/lib/gcc/arm-none-eabi/6.3.1/../../../arm-none-eabi/lib/libc.a(lib_a-fvwrite.o)
 .ARM.attributes
                0x0000000000000b4b       0x30 /usr/lib/gcc/arm-none-eabi/6.3.1/../../../arm-none-eabi/lib/libc.a(lib_a-fwalk.o)
 .ARM.attributes
                0x0000000000000b7b       0x30 /usr/lib/gcc/arm-none-eabi/6.3.1/../../../arm-none-eabi/lib/libc.a(lib_a-locale.o)
 .ARM.attributes
                0x0000000000000bab       0x30 /usr/lib/gcc/arm-none-eabi/6.3.1/../../../arm-none-eabi/lib/libc.a(lib_a-makebuf.o)
 .ARM.attributes
                0x0000000000000bdb       0x30 /usr/lib/gcc/arm-none-eabi/6.3.1/../../../arm-none-eabi/lib/libc.a(lib_a-malloc.o)
 .ARM.attributes
                0x0000000000000c0b       0x30 /usr/lib/gcc/arm-none-eabi/6.3.1/../../../arm-none-eabi/lib/libc.a(lib_a-mallocr.o)
 .ARM.attributes
                0x0000000000000c3b       0x30 /usr/lib/gcc/arm-none-eabi/6.3.1/../../../arm-none-eabi/lib/libc.a(lib_a-memchr-stub.o)
 .ARM.attributes
                0x0000000000000c6b       0x30 /usr/lib/gcc/arm-none-eabi/6.3.1/../../../arm-none-eabi/lib/libc.a(lib_a-memmove.o)
 .ARM.attributes
                0x0000000000000c9b       0x30 /usr/lib/gcc/arm-none-eabi/6.3.1/../../../arm-none-eabi/lib/libc.a(lib_a-mlock.o)
 .ARM.attributes
                0x0000000000000ccb       0x30 /usr/lib/gcc/arm-none-eabi/6.3.1/../../../arm-none-eabi/lib/libc.a(lib_a-mprec.o)
 .ARM.attributes
                0x0000000000000cfb       0x30 /usr/lib/gcc/arm-none-eabi/6.3.1/../../../arm-none-eabi/lib/libc.a(lib_a-reallocr.o)
 .ARM.attributes
                0x0000000000000d2b       0x30 /usr/lib/gcc/arm-none-eabi/6.3.1/../../../arm-none-eabi/lib/libc.a(lib_a-sbrkr.o)
 .ARM.attributes
                0x0000000000000d5b       0x30 /usr/lib/gcc/arm-none-eabi/6.3.1/../../../arm-none-eabi/lib/libc.a(lib_a-stdio.o)
 .ARM.attributes
                0x0000000000000d8b       0x16 /usr/lib/gcc/arm-none-eabi/6.3.1/../../../arm-none-eabi/lib/libc.a(lib_a-strcmp.o)
 .ARM.attributes
                0x0000000000000da1       0x30 /usr/lib/gcc/arm-none-eabi/6.3.1/../../../arm-none-eabi/lib/libc.a(lib_a-vfiprintf.o)
 .ARM.attributes
                0x0000000000000dd1       0x30 /usr/lib/gcc/arm-none-eabi/6.3.1/../../../arm-none-eabi/lib/libc.a(lib_a-callocr.o)
 .ARM.attributes
                0x0000000000000e01       0x30 /usr/lib/gcc/arm-none-eabi/6.3.1/../../../arm-none-eabi/lib/libc.a(lib_a-closer.o)
 .ARM.attributes
                0x0000000000000e31       0x30 /usr/lib/gcc/arm-none-eabi/6.3.1/../../../arm-none-eabi/lib/libc.a(lib_a-fclose.o)
 .ARM.attributes
                0x0000000000000e61       0x30 /usr/lib/gcc/arm-none-eabi/6.3.1/../../../arm-none-eabi/lib/libc.a(lib_a-fputwc.o)
 .ARM.attributes
                0x0000000000000e91       0x30 /usr/lib/gcc/arm-none-eabi/6.3.1/../../../arm-none-eabi/lib/libc.a(lib_a-fstatr.o)
 .ARM.attributes
                0x0000000000000ec1       0x30 /usr/lib/gcc/arm-none-eabi/6.3.1/../../../arm-none-eabi/lib/libc.a(lib_a-isattyr.o)
 .ARM.attributes
                0x0000000000000ef1       0x30 /usr/lib/gcc/arm-none-eabi/6.3.1/../../../arm-none-eabi/lib/libc.a(lib_a-lseekr.o)
 .ARM.attributes
                0x0000000000000f21       0x30 /usr/lib/gcc/arm-none-eabi/6.3.1/../../../arm-none-eabi/lib/libc.a(lib_a-readr.o)
 .ARM.attributes
                0x0000000000000f51       0x30 /usr/lib/gcc/arm-none-eabi/6.3.1/../../../arm-none-eabi/lib/libc.a(lib_a-reent.o)
 .ARM.attributes
                0x0000000000000f81       0x30 /usr/lib/gcc/arm-none-eabi/6.3.1/../../../arm-none-eabi/lib/libc.a(lib_a-wbuf.o)
 .ARM.attributes
                0x0000000000000fb1       0x30 /usr/lib/gcc/arm-none-eabi/6.3.1/../../../arm-none-eabi/lib/libc.a(lib_a-wcrtomb.o)
 .ARM.attributes
                0x0000000000000fe1       0x30 /usr/lib/gcc/arm-none-eabi/6.3.1/../../../arm-none-eabi/lib/libc.a(lib_a-wctomb_r.o)
 .ARM.attributes
                0x0000000000001011       0x30 /usr/lib/gcc/arm-none-eabi/6.3.1/../../../arm-none-eabi/lib/libnosys.a(close.o)
 .ARM.attributes
                0x0000000000001041       0x30 /usr/lib/gcc/arm-none-eabi/6.3.1/../../../arm-none-eabi/lib/libnosys.a(fstat.o)
 .ARM.attributes
                0x0000000000001071       0x30 /usr/lib/gcc/arm-none-eabi/6.3.1/../../../arm-none-eabi/lib/libnosys.a(isatty.o)
 .ARM.attributes
                0x00000000000010a1       0x30 /usr/lib/gcc/arm-none-eabi/6.3.1/../../../arm-none-eabi/lib/libnosys.a(lseek.o)
 .ARM.attributes
                0x00000000000010d1       0x30 /usr/lib/gcc/arm-none-eabi/6.3.1/../../../arm-none-eabi/lib/libnosys.a(read.o)
 .ARM.attributes
                0x0000000000001101       0x30 /usr/lib/gcc/arm-none-eabi/6.3.1/../../../arm-none-eabi/lib/libnosys.a(sbrk.o)
 .ARM.attributes
                0x0000000000001131       0x30 /usr/lib/gcc/arm-none-eabi/6.3.1/../../../arm-none-eabi/lib/libnosys.a(_exit.o)
 .ARM.attributes
                0x0000000000001161       0x22 /usr/lib/gcc/arm-none-eabi/6.3.1/thumb/v7e-m/fpv4-sp/hard/libgcc.a(_udivsi3.o)
 .ARM.attributes
                0x0000000000001183       0x22 /usr/lib/gcc/arm-none-eabi/6.3.1/thumb/v7e-m/fpv4-sp/hard/libgcc.a(_divsi3.o)
 .ARM.attributes
                0x00000000000011a5       0x22 /usr/lib/gcc/arm-none-eabi/6.3.1/thumb/v7e-m/fpv4-sp/hard/libgcc.a(_dvmd_tls.o)
 .ARM.attributes
                0x00000000000011c7       0x22 /usr/lib/gcc/arm-none-eabi/6.3.1/thumb/v7e-m/fpv4-sp/hard/libgcc.a(_arm_addsubdf3.o)
 .ARM.attributes
                0x00000000000011e9       0x22 /usr/lib/gcc/arm-none-eabi/6.3.1/thumb/v7e-m/fpv4-sp/hard/libgcc.a(_arm_muldivdf3.o)
 .ARM.attributes
                0x000000000000120b       0x22 /usr/lib/gcc/arm-none-eabi/6.3.1/thumb/v7e-m/fpv4-sp/hard/libgcc.a(_arm_cmpdf2.o)
 .ARM.attributes
                0x000000000000122d       0x22 /usr/lib/gcc/arm-none-eabi/6.3.1/thumb/v7e-m/fpv4-sp/hard/libgcc.a(_arm_unorddf2.o)
 .ARM.attributes
                0x000000000000124f       0x22 /usr/lib/gcc/arm-none-eabi/6.3.1/thumb/v7e-m/fpv4-sp/hard/libgcc.a(_arm_fixdfsi.o)
 .ARM.attributes
                0x0000000000001271       0x22 /usr/lib/gcc/arm-none-eabi/6.3.1/thumb/v7e-m/fpv4-sp/hard/libgcc.a(_arm_truncdfsf2.o)
 .ARM.attributes
                0x0000000000001293       0x22 /usr/lib/gcc/arm-none-eabi/6.3.1/thumb/v7e-m/fpv4-sp/hard/libgcc.a(_aeabi_uldivmod.o)
 .ARM.attributes
                0x00000000000012b5       0x34 /usr/lib/gcc/arm-none-eabi/6.3.1/thumb/v7e-m/fpv4-sp/hard/libgcc.a(_udivmoddi4.o)
 .ARM.attributes
                0x00000000000012e9       0x34 /usr/lib/gcc/arm-none-eabi/6.3.1/thumb/v7e-m/fpv4-sp/hard/crtend.o
 .ARM.attributes
                0x000000000000131d       0x22 /usr/lib/gcc/arm-none-eabi/6.3.1/thumb/v7e-m/fpv4-sp/hard/crtn.o

.comment        0x0000000000000000       0x5c
 .comment       0x0000000000000000       0x31 /usr/lib/gcc/arm-none-eabi/6.3.1/thumb/v7e-m/fpv4-sp/hard/crtbegin.o
                                         0x32 (size before relaxing)
 .comment       0x0000000000000031       0x32 _build/main.o
 .comment       0x0000000000000031       0x32 _build/better_error_handling.o
 .comment       0x0000000000000031       0x32 _build/app_error_handler_gcc.o
 .comment       0x0000000000000031       0x32 _build/app_timer.o
 .comment       0x0000000000000031       0x32 _build/app_util_platform.o
 .comment       0x0000000000000031       0x32 _build/before_startup.o
 .comment       0x0000000000000031       0x32 _build/hardfault_handler_gcc.o
 .comment       0x0000000000000031       0x32 _build/hardfault_implementation.o
 .comment       0x0000000000000031       0x32 _build/nrf_assert.o
 .comment       0x0000000000000031       0x32 _build/nrf_atomic.o
 .comment       0x0000000000000031       0x32 _build/nrf_balloc.o
 .comment       0x0000000000000031       0x32 _build/nrf_drv_twi.o
 .comment       0x0000000000000031       0x32 _build/nrf_log_frontend.o
 .comment       0x0000000000000031       0x32 _build/nrf_pwr_mgmt.o
 .comment       0x0000000000000031       0x32 _build/nrf_memobj.o
 .comment       0x0000000000000031       0x32 _build/nrf_strerror.o
 .comment       0x0000000000000031       0x32 _build/nrf_twi_mngr.o
 .comment       0x0000000000000031       0x32 _build/nrf_queue.o
 .comment       0x0000000000000031       0x32 _build/nrfx_gpiote.o
 .comment       0x0000000000000031       0x32 _build/nrfx_prs.o
 .comment       0x0000000000000031       0x32 _build/nrfx_saadc.o
 .comment       0x0000000000000031       0x32 _build/nrfx_spim.o
 .comment       0x0000000000000031       0x32 _build/nrfx_timer.o
 .comment       0x0000000000000031       0x32 _build/nrfx_twim.o
 .comment       0x0000000000000031       0x32 _build/nrfx_uart.o
 .comment       0x0000000000000031       0x32 _build/nrfx_uarte.o
 .comment       0x0000000000000031       0x32 _build/SEGGER_RTT.o
 .comment       0x0000000000000031       0x32 _build/SEGGER_RTT_Syscalls_GCC.o
 .comment       0x0000000000000031       0x32 _build/system_nrf52840.o
 .comment       0x0000000000000031       0x2b /usr/lib/gcc/arm-none-eabi/6.3.1/../../../arm-none-eabi/lib/libc.a(lib_a-atexit.o)
                                         0x2c (size before relaxing)
 .comment       0x000000000000005c       0x2c /usr/lib/gcc/arm-none-eabi/6.3.1/../../../arm-none-eabi/lib/libc.a(lib_a-exit.o)
 .comment       0x000000000000005c       0x2c /usr/lib/gcc/arm-none-eabi/6.3.1/../../../arm-none-eabi/lib/libc.a(lib_a-fini.o)
 .comment       0x000000000000005c       0x2c /usr/lib/gcc/arm-none-eabi/6.3.1/../../../arm-none-eabi/lib/libc.a(lib_a-impure.o)
 .comment       0x000000000000005c       0x2c /usr/lib/gcc/arm-none-eabi/6.3.1/../../../arm-none-eabi/lib/libc.a(lib_a-init.o)
 .comment       0x000000000000005c       0x2c /usr/lib/gcc/arm-none-eabi/6.3.1/../../../arm-none-eabi/lib/libc.a(lib_a-memcmp.o)
 .comment       0x000000000000005c       0x2c /usr/lib/gcc/arm-none-eabi/6.3.1/../../../arm-none-eabi/lib/libc.a(lib_a-memcpy-stub.o)
 .comment       0x000000000000005c       0x2c /usr/lib/gcc/arm-none-eabi/6.3.1/../../../arm-none-eabi/lib/libc.a(lib_a-memset.o)
 .comment       0x000000000000005c       0x2c /usr/lib/gcc/arm-none-eabi/6.3.1/../../../arm-none-eabi/lib/libc.a(lib_a-printf.o)
 .comment       0x000000000000005c       0x2c /usr/lib/gcc/arm-none-eabi/6.3.1/../../../arm-none-eabi/lib/libc.a(lib_a-puts.o)
 .comment       0x000000000000005c       0x2c /usr/lib/gcc/arm-none-eabi/6.3.1/../../../arm-none-eabi/lib/libc.a(lib_a-setbuf.o)
 .comment       0x000000000000005c       0x2c /usr/lib/gcc/arm-none-eabi/6.3.1/../../../arm-none-eabi/lib/libc.a(lib_a-setvbuf.o)
 .comment       0x000000000000005c       0x2c /usr/lib/gcc/arm-none-eabi/6.3.1/../../../arm-none-eabi/lib/libc.a(lib_a-strcpy.o)
 .comment       0x000000000000005c       0x2c /usr/lib/gcc/arm-none-eabi/6.3.1/../../../arm-none-eabi/lib/libc.a(lib_a-strlen-stub.o)
 .comment       0x000000000000005c       0x2c /usr/lib/gcc/arm-none-eabi/6.3.1/../../../arm-none-eabi/lib/libc.a(lib_a-vfprintf.o)
 .comment       0x000000000000005c       0x2c /usr/lib/gcc/arm-none-eabi/6.3.1/../../../arm-none-eabi/lib/libc.a(lib_a-wsetup.o)
 .comment       0x000000000000005c       0x2c /usr/lib/gcc/arm-none-eabi/6.3.1/../../../arm-none-eabi/lib/libc.a(lib_a-__atexit.o)
 .comment       0x000000000000005c       0x2c /usr/lib/gcc/arm-none-eabi/6.3.1/../../../arm-none-eabi/lib/libc.a(lib_a-__call_atexit.o)
 .comment       0x000000000000005c       0x2c /usr/lib/gcc/arm-none-eabi/6.3.1/../../../arm-none-eabi/lib/libc.a(lib_a-dtoa.o)
 .comment       0x000000000000005c       0x2c /usr/lib/gcc/arm-none-eabi/6.3.1/../../../arm-none-eabi/lib/libc.a(lib_a-fflush.o)
 .comment       0x000000000000005c       0x2c /usr/lib/gcc/arm-none-eabi/6.3.1/../../../arm-none-eabi/lib/libc.a(lib_a-findfp.o)
 .comment       0x000000000000005c       0x2c /usr/lib/gcc/arm-none-eabi/6.3.1/../../../arm-none-eabi/lib/libc.a(lib_a-freer.o)
 .comment       0x000000000000005c       0x2c /usr/lib/gcc/arm-none-eabi/6.3.1/../../../arm-none-eabi/lib/libc.a(lib_a-fvwrite.o)
 .comment       0x000000000000005c       0x2c /usr/lib/gcc/arm-none-eabi/6.3.1/../../../arm-none-eabi/lib/libc.a(lib_a-fwalk.o)
 .comment       0x000000000000005c       0x2c /usr/lib/gcc/arm-none-eabi/6.3.1/../../../arm-none-eabi/lib/libc.a(lib_a-locale.o)
 .comment       0x000000000000005c       0x2c /usr/lib/gcc/arm-none-eabi/6.3.1/../../../arm-none-eabi/lib/libc.a(lib_a-makebuf.o)
 .comment       0x000000000000005c       0x2c /usr/lib/gcc/arm-none-eabi/6.3.1/../../../arm-none-eabi/lib/libc.a(lib_a-malloc.o)
 .comment       0x000000000000005c       0x2c /usr/lib/gcc/arm-none-eabi/6.3.1/../../../arm-none-eabi/lib/libc.a(lib_a-mallocr.o)
 .comment       0x000000000000005c       0x2c /usr/lib/gcc/arm-none-eabi/6.3.1/../../../arm-none-eabi/lib/libc.a(lib_a-memchr-stub.o)
 .comment       0x000000000000005c       0x2c /usr/lib/gcc/arm-none-eabi/6.3.1/../../../arm-none-eabi/lib/libc.a(lib_a-memmove.o)
 .comment       0x000000000000005c       0x2c /usr/lib/gcc/arm-none-eabi/6.3.1/../../../arm-none-eabi/lib/libc.a(lib_a-mlock.o)
 .comment       0x000000000000005c       0x2c /usr/lib/gcc/arm-none-eabi/6.3.1/../../../arm-none-eabi/lib/libc.a(lib_a-mprec.o)
 .comment       0x000000000000005c       0x2c /usr/lib/gcc/arm-none-eabi/6.3.1/../../../arm-none-eabi/lib/libc.a(lib_a-reallocr.o)
 .comment       0x000000000000005c       0x2c /usr/lib/gcc/arm-none-eabi/6.3.1/../../../arm-none-eabi/lib/libc.a(lib_a-sbrkr.o)
 .comment       0x000000000000005c       0x2c /usr/lib/gcc/arm-none-eabi/6.3.1/../../../arm-none-eabi/lib/libc.a(lib_a-stdio.o)
 .comment       0x000000000000005c       0x2c /usr/lib/gcc/arm-none-eabi/6.3.1/../../../arm-none-eabi/lib/libc.a(lib_a-vfiprintf.o)
 .comment       0x000000000000005c       0x2c /usr/lib/gcc/arm-none-eabi/6.3.1/../../../arm-none-eabi/lib/libc.a(lib_a-callocr.o)
 .comment       0x000000000000005c       0x2c /usr/lib/gcc/arm-none-eabi/6.3.1/../../../arm-none-eabi/lib/libc.a(lib_a-closer.o)
 .comment       0x000000000000005c       0x2c /usr/lib/gcc/arm-none-eabi/6.3.1/../../../arm-none-eabi/lib/libc.a(lib_a-fclose.o)
 .comment       0x000000000000005c       0x2c /usr/lib/gcc/arm-none-eabi/6.3.1/../../../arm-none-eabi/lib/libc.a(lib_a-fputwc.o)
 .comment       0x000000000000005c       0x2c /usr/lib/gcc/arm-none-eabi/6.3.1/../../../arm-none-eabi/lib/libc.a(lib_a-fstatr.o)
 .comment       0x000000000000005c       0x2c /usr/lib/gcc/arm-none-eabi/6.3.1/../../../arm-none-eabi/lib/libc.a(lib_a-isattyr.o)
 .comment       0x000000000000005c       0x2c /usr/lib/gcc/arm-none-eabi/6.3.1/../../../arm-none-eabi/lib/libc.a(lib_a-lseekr.o)
 .comment       0x000000000000005c       0x2c /usr/lib/gcc/arm-none-eabi/6.3.1/../../../arm-none-eabi/lib/libc.a(lib_a-readr.o)
 .comment       0x000000000000005c       0x2c /usr/lib/gcc/arm-none-eabi/6.3.1/../../../arm-none-eabi/lib/libc.a(lib_a-reent.o)
 .comment       0x000000000000005c       0x2c /usr/lib/gcc/arm-none-eabi/6.3.1/../../../arm-none-eabi/lib/libc.a(lib_a-wbuf.o)
 .comment       0x000000000000005c       0x2c /usr/lib/gcc/arm-none-eabi/6.3.1/../../../arm-none-eabi/lib/libc.a(lib_a-wcrtomb.o)
 .comment       0x000000000000005c       0x2c /usr/lib/gcc/arm-none-eabi/6.3.1/../../../arm-none-eabi/lib/libc.a(lib_a-wctomb_r.o)
 .comment       0x000000000000005c       0x2c /usr/lib/gcc/arm-none-eabi/6.3.1/../../../arm-none-eabi/lib/libnosys.a(close.o)
 .comment       0x000000000000005c       0x2c /usr/lib/gcc/arm-none-eabi/6.3.1/../../../arm-none-eabi/lib/libnosys.a(fstat.o)
 .comment       0x000000000000005c       0x2c /usr/lib/gcc/arm-none-eabi/6.3.1/../../../arm-none-eabi/lib/libnosys.a(isatty.o)
 .comment       0x000000000000005c       0x2c /usr/lib/gcc/arm-none-eabi/6.3.1/../../../arm-none-eabi/lib/libnosys.a(lseek.o)
 .comment       0x000000000000005c       0x2c /usr/lib/gcc/arm-none-eabi/6.3.1/../../../arm-none-eabi/lib/libnosys.a(read.o)
 .comment       0x000000000000005c       0x2c /usr/lib/gcc/arm-none-eabi/6.3.1/../../../arm-none-eabi/lib/libnosys.a(sbrk.o)
 .comment       0x000000000000005c       0x2c /usr/lib/gcc/arm-none-eabi/6.3.1/../../../arm-none-eabi/lib/libnosys.a(_exit.o)
 .comment       0x000000000000005c       0x32 /usr/lib/gcc/arm-none-eabi/6.3.1/thumb/v7e-m/fpv4-sp/hard/libgcc.a(_udivmoddi4.o)
 .comment       0x000000000000005c       0x32 /usr/lib/gcc/arm-none-eabi/6.3.1/thumb/v7e-m/fpv4-sp/hard/crtend.o

.debug_line     0x0000000000000000     0x6f29
 .debug_line    0x0000000000000000       0x92 /usr/lib/gcc/arm-none-eabi/6.3.1/../../../arm-none-eabi/lib/crt0.o
 .debug_line    0x0000000000000092       0xb5 /usr/lib/gcc/arm-none-eabi/6.3.1/../../../arm-none-eabi/lib/libc.a(lib_a-atexit.o)
 .debug_line    0x0000000000000147      0x15c /usr/lib/gcc/arm-none-eabi/6.3.1/../../../arm-none-eabi/lib/libc.a(lib_a-exit.o)
 .debug_line    0x00000000000002a3       0x99 /usr/lib/gcc/arm-none-eabi/6.3.1/../../../arm-none-eabi/lib/libc.a(lib_a-fini.o)
 .debug_line    0x000000000000033c       0xe3 /usr/lib/gcc/arm-none-eabi/6.3.1/../../../arm-none-eabi/lib/libc.a(lib_a-impure.o)
 .debug_line    0x000000000000041f       0xb3 /usr/lib/gcc/arm-none-eabi/6.3.1/../../../arm-none-eabi/lib/libc.a(lib_a-init.o)
 .debug_line    0x00000000000004d2       0xff /usr/lib/gcc/arm-none-eabi/6.3.1/../../../arm-none-eabi/lib/libc.a(lib_a-memcmp.o)
 .debug_line    0x00000000000005d1      0x128 /usr/lib/gcc/arm-none-eabi/6.3.1/../../../arm-none-eabi/lib/libc.a(lib_a-memcpy-stub.o)
 .debug_line    0x00000000000006f9      0x10f /usr/lib/gcc/arm-none-eabi/6.3.1/../../../arm-none-eabi/lib/libc.a(lib_a-memset.o)
 .debug_line    0x0000000000000808      0x166 /usr/lib/gcc/arm-none-eabi/6.3.1/../../../arm-none-eabi/lib/libc.a(lib_a-printf.o)
 .debug_line    0x000000000000096e      0x18a /usr/lib/gcc/arm-none-eabi/6.3.1/../../../arm-none-eabi/lib/libc.a(lib_a-puts.o)
 .debug_line    0x0000000000000af8      0x13f /usr/lib/gcc/arm-none-eabi/6.3.1/../../../arm-none-eabi/lib/libc.a(lib_a-setbuf.o)
 .debug_line    0x0000000000000c37      0x1d5 /usr/lib/gcc/arm-none-eabi/6.3.1/../../../arm-none-eabi/lib/libc.a(lib_a-setvbuf.o)
 .debug_line    0x0000000000000e0c       0xae /usr/lib/gcc/arm-none-eabi/6.3.1/../../../arm-none-eabi/lib/libc.a(lib_a-strcpy.o)
 .debug_line    0x0000000000000eba       0xe8 /usr/lib/gcc/arm-none-eabi/6.3.1/../../../arm-none-eabi/lib/libc.a(lib_a-strlen-stub.o)
 .debug_line    0x0000000000000fa2      0xb03 /usr/lib/gcc/arm-none-eabi/6.3.1/../../../arm-none-eabi/lib/libc.a(lib_a-vfprintf.o)
 .debug_line    0x0000000000001aa5      0x1bd /usr/lib/gcc/arm-none-eabi/6.3.1/../../../arm-none-eabi/lib/libc.a(lib_a-wsetup.o)
 .debug_line    0x0000000000001c62      0x17d /usr/lib/gcc/arm-none-eabi/6.3.1/../../../arm-none-eabi/lib/libc.a(lib_a-__atexit.o)
 .debug_line    0x0000000000001ddf      0x1a5 /usr/lib/gcc/arm-none-eabi/6.3.1/../../../arm-none-eabi/lib/libc.a(lib_a-__call_atexit.o)
 .debug_line    0x0000000000001f84      0x653 /usr/lib/gcc/arm-none-eabi/6.3.1/../../../arm-none-eabi/lib/libc.a(lib_a-dtoa.o)
 .debug_line    0x00000000000025d7      0x22a /usr/lib/gcc/arm-none-eabi/6.3.1/../../../arm-none-eabi/lib/libc.a(lib_a-fflush.o)
 .debug_line    0x0000000000002801      0x256 /usr/lib/gcc/arm-none-eabi/6.3.1/../../../arm-none-eabi/lib/libc.a(lib_a-findfp.o)
 .debug_line    0x0000000000002a57      0x253 /usr/lib/gcc/arm-none-eabi/6.3.1/../../../arm-none-eabi/lib/libc.a(lib_a-freer.o)
 .debug_line    0x0000000000002caa      0x279 /usr/lib/gcc/arm-none-eabi/6.3.1/../../../arm-none-eabi/lib/libc.a(lib_a-fvwrite.o)
 .debug_line    0x0000000000002f23      0x17c /usr/lib/gcc/arm-none-eabi/6.3.1/../../../arm-none-eabi/lib/libc.a(lib_a-fwalk.o)
 .debug_line    0x000000000000309f      0x184 /usr/lib/gcc/arm-none-eabi/6.3.1/../../../arm-none-eabi/lib/libc.a(lib_a-locale.o)
 .debug_line    0x0000000000003223      0x240 /usr/lib/gcc/arm-none-eabi/6.3.1/../../../arm-none-eabi/lib/libc.a(lib_a-makebuf.o)
 .debug_line    0x0000000000003463      0x144 /usr/lib/gcc/arm-none-eabi/6.3.1/../../../arm-none-eabi/lib/libc.a(lib_a-malloc.o)
 .debug_line    0x00000000000035a7      0x341 /usr/lib/gcc/arm-none-eabi/6.3.1/../../../arm-none-eabi/lib/libc.a(lib_a-mallocr.o)
 .debug_line    0x00000000000038e8      0x120 /usr/lib/gcc/arm-none-eabi/6.3.1/../../../arm-none-eabi/lib/libc.a(lib_a-memchr-stub.o)
 .debug_line    0x0000000000003a08      0x11c /usr/lib/gcc/arm-none-eabi/6.3.1/../../../arm-none-eabi/lib/libc.a(lib_a-memmove.o)
 .debug_line    0x0000000000003b24       0xf2 /usr/lib/gcc/arm-none-eabi/6.3.1/../../../arm-none-eabi/lib/libc.a(lib_a-mlock.o)
 .debug_line    0x0000000000003c16      0x5cc /usr/lib/gcc/arm-none-eabi/6.3.1/../../../arm-none-eabi/lib/libc.a(lib_a-mprec.o)
 .debug_line    0x00000000000041e2      0x249 /usr/lib/gcc/arm-none-eabi/6.3.1/../../../arm-none-eabi/lib/libc.a(lib_a-reallocr.o)
 .debug_line    0x000000000000442b      0x152 /usr/lib/gcc/arm-none-eabi/6.3.1/../../../arm-none-eabi/lib/libc.a(lib_a-sbrkr.o)
 .debug_line    0x000000000000457d      0x17b /usr/lib/gcc/arm-none-eabi/6.3.1/../../../arm-none-eabi/lib/libc.a(lib_a-stdio.o)
 .debug_line    0x00000000000046f8       0xf9 /usr/lib/gcc/arm-none-eabi/6.3.1/../../../arm-none-eabi/lib/libc.a(lib_a-strcmp.o)
 .debug_line    0x00000000000047f1      0x906 /usr/lib/gcc/arm-none-eabi/6.3.1/../../../arm-none-eabi/lib/libc.a(lib_a-vfiprintf.o)
 .debug_line    0x00000000000050f7      0x11d /usr/lib/gcc/arm-none-eabi/6.3.1/../../../arm-none-eabi/lib/libc.a(lib_a-callocr.o)
 .debug_line    0x0000000000005214      0x150 /usr/lib/gcc/arm-none-eabi/6.3.1/../../../arm-none-eabi/lib/libc.a(lib_a-closer.o)
 .debug_line    0x0000000000005364      0x18f /usr/lib/gcc/arm-none-eabi/6.3.1/../../../arm-none-eabi/lib/libc.a(lib_a-fclose.o)